Archive member included to satisfy reference by file (symbol)

../../../../DaisyExamples/libDaisy//build\libdaisy.a(daisy_seed.o)
                              build/drum.o (daisy::DaisySeed::StartAudio(void (*)(float const* const*, float**, unsigned int)))
../../../../DaisyExamples/libDaisy//build\libdaisy.a(codec_ak4556.o)
                              ../../../../DaisyExamples/libDaisy//build\libdaisy.a(daisy_seed.o) (daisy::Ak4556::Init(dsy_gpio_pin))
../../../../DaisyExamples/libDaisy//build\libdaisy.a(codec_wm8731.o)
                              ../../../../DaisyExamples/libDaisy//build\libdaisy.a(daisy_seed.o) (daisy::Wm8731::Init(daisy::Wm8731::Config const&, daisy::I2CHandle))
../../../../DaisyExamples/libDaisy//build\libdaisy.a(sdram.o)
                              ../../../../DaisyExamples/libDaisy//build\libdaisy.a(daisy_seed.o) (SdramHandle::Init())
../../../../DaisyExamples/libDaisy//build\libdaisy.a(audio.o)
                              ../../../../DaisyExamples/libDaisy//build\libdaisy.a(daisy_seed.o) (daisy::AudioHandle::Init(daisy::AudioHandle::Config const&, daisy::SaiHandle))
../../../../DaisyExamples/libDaisy//build\libdaisy.a(logger.o)
                              build/daisy_common.o (daisy::Logger<(daisy::LoggerDestination)1>::PrintLine(char const*, ...))
../../../../DaisyExamples/libDaisy//build\libdaisy.a(switch.o)
                              build/daisy_common.o (daisy::Switch::Init(dsy_gpio_pin, float))
../../../../DaisyExamples/libDaisy//build\libdaisy.a(usb.o)
                              ../../../../DaisyExamples/libDaisy//build\libdaisy.a(logger.o) (daisy::UsbHandle::Init(daisy::UsbHandle::UsbPeriph))
../../../../DaisyExamples/libDaisy//build\libdaisy.a(adc.o)
                              build/daisy_common.o (daisy::AdcChannelConfig::InitSingle(dsy_gpio_pin, daisy::AdcChannelConfig::ConversionSpeed))
../../../../DaisyExamples/libDaisy//build\libdaisy.a(dac.o)
                              build/daisy_common.o (daisy::DacHandle::Init(daisy::DacHandle::Config const&))
../../../../DaisyExamples/libDaisy//build\libdaisy.a(gpio.o)
                              build/daisy_common.o (daisy::GPIO::Init(daisy::Pin, daisy::GPIO::Mode, daisy::GPIO::Pull, daisy::GPIO::Speed))
../../../../DaisyExamples/libDaisy//build\libdaisy.a(i2c.o)
                              ../../../../DaisyExamples/libDaisy//build\libdaisy.a(daisy_seed.o) (daisy::I2CHandle::Init(daisy::I2CHandle::Config const&))
../../../../DaisyExamples/libDaisy//build\libdaisy.a(qspi.o)
                              ../../../../DaisyExamples/libDaisy//build\libdaisy.a(daisy_seed.o) (daisy::QSPIHandle::Init(daisy::QSPIHandle::Config const&))
../../../../DaisyExamples/libDaisy//build\libdaisy.a(sai.o)
                              ../../../../DaisyExamples/libDaisy//build\libdaisy.a(daisy_seed.o) (daisy::SaiHandle::Init(daisy::SaiHandle::Config const&))
../../../../DaisyExamples/libDaisy//build\libdaisy.a(system.o)
                              ../../../../DaisyExamples/libDaisy//build\libdaisy.a(daisy_seed.o) (daisy::System::DeInit())
../../../../DaisyExamples/libDaisy//build\libdaisy.a(system_stm32h7xx.o)
                              build/startup_stm32h750xx.o (SystemInit)
../../../../DaisyExamples/libDaisy//build\libdaisy.a(usbd_cdc_if.o)
                              ../../../../DaisyExamples/libDaisy//build\libdaisy.a(usb.o) (CDC_Transmit_FS)
../../../../DaisyExamples/libDaisy//build\libdaisy.a(usbd_conf.o)
                              ../../../../DaisyExamples/libDaisy//build\libdaisy.a(system.o) (hpcd_USB_OTG_HS)
../../../../DaisyExamples/libDaisy//build\libdaisy.a(usbd_desc.o)
                              ../../../../DaisyExamples/libDaisy//build\libdaisy.a(usb.o) (HS_Desc)
../../../../DaisyExamples/libDaisy//build\libdaisy.a(usbh_conf.o)
                              ../../../../DaisyExamples/libDaisy//build\libdaisy.a(system.o) (hhcd_USB_OTG_HS)
../../../../DaisyExamples/libDaisy//build\libdaisy.a(hal_map.o)
                              ../../../../DaisyExamples/libDaisy//build\libdaisy.a(gpio.o) (dsy_hal_map_get_port)
../../../../DaisyExamples/libDaisy//build\libdaisy.a(stm32h7xx_hal.o)
                              ../../../../DaisyExamples/libDaisy//build\libdaisy.a(system.o) (HAL_Init)
../../../../DaisyExamples/libDaisy//build\libdaisy.a(stm32h7xx_hal_adc.o)
                              ../../../../DaisyExamples/libDaisy//build\libdaisy.a(adc.o) (HAL_ADC_ConfigChannel)
../../../../DaisyExamples/libDaisy//build\libdaisy.a(stm32h7xx_hal_adc_ex.o)
                              ../../../../DaisyExamples/libDaisy//build\libdaisy.a(adc.o) (HAL_ADCEx_Calibration_Start)
../../../../DaisyExamples/libDaisy//build\libdaisy.a(stm32h7xx_hal_cortex.o)
                              ../../../../DaisyExamples/libDaisy//build\libdaisy.a(stm32h7xx_hal.o) (HAL_NVIC_SetPriorityGrouping)
../../../../DaisyExamples/libDaisy//build\libdaisy.a(stm32h7xx_hal_dac.o)
[...]
Memory Configuration

Name             Origin             Length             Attributes
FLASH            0x08000000         0x00020000         xr
DTCMRAM          0x20000000         0x00020000         xrw
SRAM             0x24000000         0x00080000         xrw
RAM_D2           0x30000000         0x00048000         xrw
RAM_D3           0x38000000         0x00010000         xrw
BACKUP_SRAM      0x38800000         0x00001000         xrw
ITCMRAM          0x00000000         0x00010000         xrw
SDRAM            0xc0000000         0x04000000         xrw
QSPIFLASH        0x90000000         0x00800000         xr
*default*        0x00000000         0xffffffff

Linker script and memory map

LOAD c:/program files/daisytoolchain/bin/../lib/gcc/arm-none-eabi/10.2.1/thumb/v7e-m+dp/hard/crti.o
LOAD c:/program files/daisytoolchain/bin/../lib/gcc/arm-none-eabi/10.2.1/thumb/v7e-m+dp/hard/crtbegin.o
LOAD c:/program files/daisytoolchain/bin/../lib/gcc/arm-none-eabi/10.2.1/../../../../arm-none-eabi/lib/thumb/v7e-m+dp/hard/crt0.o
LOAD build/startup_stm32h750xx.o
LOAD build/drum.o
LOAD build/daisy_common.o
LOAD build/voice.o
LOAD ../../../../DaisyExamples/libDaisy//build\libdaisy.a
LOAD c:/program files/daisytoolchain/bin/../lib/gcc/arm-none-eabi/10.2.1/../../../../arm-none-eabi/lib/thumb/v7e-m+dp/hard\libnosys.a
LOAD ../../../../DaisyExamples/DaisySP//build\libdaisysp.a
LOAD c:/program files/daisytoolchain/bin/../lib/gcc/arm-none-eabi/10.2.1/../../../../arm-none-eabi/lib/thumb/v7e-m+dp/hard\libstdc++_nano.a
LOAD c:/program files/daisytoolchain/bin/../lib/gcc/arm-none-eabi/10.2.1/../../../../arm-none-eabi/lib/thumb/v7e-m+dp/hard\libm.a
LOAD c:/program files/daisytoolchain/bin/../lib/gcc/arm-none-eabi/10.2.1/../../../../arm-none-eabi/lib/thumb/v7e-m+dp/hard\libc_nano.a
START GROUP
LOAD c:/program files/daisytoolchain/bin/../lib/gcc/arm-none-eabi/10.2.1/thumb/v7e-m+dp/hard\libgcc.a
LOAD c:/program files/daisytoolchain/bin/../lib/gcc/arm-none-eabi/10.2.1/../../../../arm-none-eabi/lib/thumb/v7e-m+dp/hard\libc_nano.a
END GROUP
START GROUP
LOAD c:/program files/daisytoolchain/bin/../lib/gcc/arm-none-eabi/10.2.1/thumb/v7e-m+dp/hard\libgcc.a
LOAD c:/program files/daisytoolchain/bin/../lib/gcc/arm-none-eabi/10.2.1/../../../../arm-none-eabi/lib/thumb/v7e-m+dp/hard\libc_nano.a
LOAD c:/program files/daisytoolchain/bin/../lib/gcc/arm-none-eabi/10.2.1/../../../../arm-none-eabi/lib/thumb/v7e-m+dp/hard\libnosys.a
END GROUP
START GROUP
LOAD c:/program files/daisytoolchain/bin/../lib/gcc/arm-none-eabi/10.2.1/thumb/v7e-m+dp/hard\libgcc.a
LOAD c:/program files/daisytoolchain/bin/../lib/gcc/arm-none-eabi/10.2.1/../../../../arm-none-eabi/lib/thumb/v7e-m+dp/hard\libc_nano.a
LOAD c:/program files/daisytoolchain/bin/../lib/gcc/arm-none-eabi/10.2.1/../../../../arm-none-eabi/lib/thumb/v7e-m+dp/hard\libnosys.a
END GROUP
LOAD c:/program files/daisytoolchain/bin/../lib/gcc/arm-none-eabi/10.2.1/thumb/v7e-m+dp/hard/crtend.o
LOAD c:/program files/daisytoolchain/bin/../lib/gcc/arm-none-eabi/10.2.1/thumb/v7e-m+dp/hard/crtn.o
                0x20020000                _estack = 0x20020000

.isr_vector     0x08000000      0x298
                0x08000000                . = ALIGN (0x4)
 *(.isr_vector)
 .isr_vector    0x08000000      0x298 build/startup_stm32h750xx.o
                0x08000000                g_pfnVectors
                0x08000298                . = ALIGN (0x4)

.text           0x08000298    0x12f08
                0x08000298                . = ALIGN (0x4)
                0x08000298                _stext = .
 *(.text)
 .text          0x08000298       0x40 c:/program files/daisytoolchain/bin/../lib/gcc/arm-none-eabi/10.2.1/thumb/v7e-m+dp/hard/crtbegin.o
 .text          0x080002d8      0x378 c:/program files/daisytoolchain/bin/../lib/gcc/arm-none-eabi/10.2.1/thumb/v7e-m+dp/hard\libgcc.a(_arm_addsubdf3.o)
                0x080002d8                __aeabi_drsub
                0x080002e0                __aeabi_dsub
                0x080002e0                __subdf3
                0x080002e4                __aeabi_dadd
                0x080002e4                __adddf3
                0x0800055c                __floatunsidf
                0x0800055c                __aeabi_ui2d
                0x0800057c                __floatsidf
                0x0800057c                __aeabi_i2d
                0x080005a0                __aeabi_f2d
                0x080005a0                __extendsfdf2
                0x080005e4                __floatundidf
                0x080005e4                __aeabi_ul2d
                0x080005f4                __floatdidf
                0x080005f4                __aeabi_l2d
 .text          0x08000650       0x30 c:/program files/daisytoolchain/bin/../lib/gcc/arm-none-eabi/10.2.1/thumb/v7e-m+dp/hard\libgcc.a(_aeabi_uldivmod.o)
                0x08000650                __aeabi_uldivmod
 .text          0x08000680      0x2d0 c:/program files/daisytoolchain/bin/../lib/gcc/arm-none-eabi/10.2.1/thumb/v7e-m+dp/hard\libgcc.a(_udivmoddi4.o)
                0x08000680                __udivmoddi4
 .text          0x08000950        0x4 c:/program files/daisytoolchain/bin/../lib/gcc/arm-none-eabi/10.2.1/thumb/v7e-m+dp/hard\libgcc.a(_dvmd_tls.o)
                0x08000950                __aeabi_idiv0
                0x08000950                __aeabi_ldiv0
 *(.text*)
 .text.Default_Handler
                0x08000954        0x4 build/startup_stm32h750xx.o
                0x08000954                RTC_Alarm_IRQHandler
                0x08000954                HASH_RNG_IRQHandler
                0x08000954                EXTI2_IRQHandler
                0x08000954                TIM8_CC_IRQHandler
                0x08000954                HRTIM1_Master_IRQHandler
                0x08000954                DebugMon_Handler
                0x08000954                TIM1_CC_IRQHandler
                0x08000954                BDMA_Channel6_IRQHandler
                0x08000954                DMA2_Stream5_IRQHandler
                0x08000954                HRTIM1_FLT_IRQHandler
                0x08000954                JPEG_IRQHandler
                0x08000954                BDMA_Channel1_IRQHandler
                0x08000954                HRTIM1_TIMD_IRQHandler
                0x08000954                TAMP_STAMP_IRQHandler
                0x08000954                PendSV_Handler
                0x08000954                NMI_Handler
                0x08000954                EXTI3_IRQHandler
                0x08000954                LPTIM4_IRQHandler
                0x08000954                TIM8_TRG_COM_TIM14_IRQHandler
                0x08000954                LPTIM2_IRQHandler
                0x08000954                DFSDM1_FLT1_IRQHandler
                0x08000954                DMAMUX2_OVR_IRQHandler
                0x08000954                TIM8_UP_TIM13_IRQHandler
                0x08000954                I2C3_ER_IRQHandler
                0x08000954                DFSDM1_FLT2_IRQHandler
                0x08000954                MDMA_IRQHandler
                0x08000954                LPTIM3_IRQHandler
                0x08000954                HSEM1_IRQHandler
                0x08000954                EXTI0_IRQHandler
                0x08000954                FPU_IRQHandler
                0x08000954                OTG_HS_WKUP_IRQHandler
                0x08000954                FDCAN1_IT1_IRQHandler
                0x08000954                UsageFault_Handler
                0x08000954                LTDC_ER_IRQHandler
                0x08000954                HRTIM1_TIME_IRQHandler
                0x08000954                DCMI_IRQHandler
                0x08000954                HRTIM1_TIMC_IRQHandler
                0x08000954                SAI2_IRQHandler
                0x08000954                DFSDM1_FLT3_IRQHandler
                0x08000954                TIM17_IRQHandler
                0x08000954                CRYP_IRQHandler
                0x08000954                BDMA_Channel7_IRQHandler
                0x08000954                LPTIM5_IRQHandler
                0x08000954                ADC3_IRQHandler
                0x08000954                BDMA_Channel2_IRQHandler
                0x08000954                DMAMUX1_OVR_IRQHandler
                0x08000954                TIM16_IRQHandler
                0x08000954                BDMA_Channel5_IRQHandler
                0x08000954                RCC_IRQHandler
                0x08000954                TIM8_BRK_TIM12_IRQHandler
                0x08000954                TIM1_TRG_COM_IRQHandler
                0x08000954                Default_Handler
                0x08000954                ECC_IRQHandler
                0x08000954                CEC_IRQHandler
                0x08000954                EXTI15_10_IRQHandler
                0x08000954                BDMA_Channel0_IRQHandler
                0x08000954                ADC_IRQHandler
                0x08000954                DMA1_Stream7_IRQHandler
                0x08000954                HRTIM1_TIMA_IRQHandler
                0x08000954                TIM7_IRQHandler
                0x08000954                SDMMC1_IRQHandler
                0x08000954                DMA2_Stream7_IRQHandler
                0x08000954                TIM15_IRQHandler
                0x08000954                PVD_AVD_IRQHandler
                0x08000954                EXTI9_5_IRQHandler
                0x08000954                RTC_WKUP_IRQHandler
                0x08000954                LTDC_IRQHandler
                0x08000954                SAI3_IRQHandler
                0x08000954                ETH_WKUP_IRQHandler
                0x08000954                SPDIF_RX_IRQHandler
                0x08000954                MemManage_Handler
                0x08000954                SVC_Handler
                0x08000954                CRS_IRQHandler
                0x08000954                EXTI4_IRQHandler
                0x08000954                HRTIM1_TIMB_IRQHandler
                0x08000954                FDCAN2_IT1_IRQHandler
                0x08000954                ETH_IRQHandler
                0x08000954                TIM1_UP_IRQHandler
                0x08000954                BDMA_Channel4_IRQHandler
                0x08000954                WWDG_IRQHandler
                0x08000954                SPI6_IRQHandler
                0x08000954                I2C4_EV_IRQHandler
                0x08000954                MDIOS_IRQHandler
                0x08000954                FDCAN2_IT0_IRQHandler
                0x08000954                FDCAN1_IT0_IRQHandler
                0x08000954                OTG_FS_WKUP_IRQHandler
                0x08000954                DMA2D_IRQHandler
                0x08000954                TIM1_BRK_IRQHandler
                0x08000954                EXTI1_IRQHandler
                0x08000954                SDMMC2_IRQHandler
                0x08000954                BDMA_Channel3_IRQHandler
                0x08000954                MDIOS_WKUP_IRQHandler
                0x08000954                DFSDM1_FLT0_IRQHandler
                0x08000954                SAI4_IRQHandler
                0x08000954                I2C2_ER_IRQHandler
                0x08000954                FLASH_IRQHandler
                0x08000954                BusFault_Handler
                0x08000954                WAKEUP_PIN_IRQHandler
                0x08000954                I2C1_ER_IRQHandler
                0x08000954                FMC_IRQHandler
                0x08000954                FDCAN_CAL_IRQHandler
                0x08000954                SWPMI1_IRQHandler
                0x08000954                COMP1_IRQHandler
                0x08000954                LPTIM1_IRQHandler
                0x08000954                I2C4_ER_IRQHandler
                0x08000954                DMA2_Stream6_IRQHandler
                0x08000954                SAI1_IRQHandler
 .text.Reset_Handler
                0x08000958       0x44 build/startup_stm32h750xx.o
                0x08000958                Reset_Handler
 .text._ZN5daisy11daisyCommonD2Ev
                0x0800099c        0x4 build/drum.o
                0x0800099c                daisy::daisyCommon::~daisyCommon()
                0x0800099c                daisy::daisyCommon::~daisyCommon()
 .text._ZN5voiceD2Ev
                0x080009a0        0x4 build/drum.o
                0x080009a0                voice::~voice()
                0x080009a0                voice::~voice()
 .text._Z13AudioCallbackPKPKfPPfj
                0x080009a4       0x48 build/drum.o
                0x080009a4                AudioCallback(float const* const*, float**, unsigned int)
 .text.startup.main
                0x080009ec      0x168 build/drum.o
                0x080009ec                main
 .text.startup._GLOBAL__sub_I_board
                0x08000b54      0x104 build/drum.o
 .text._ZN5daisy11daisyCommon15get_cv_adc_chanEi
                0x08000c58       0x74 build/daisy_common.o
                0x08000c58                daisy::daisyCommon::get_cv_adc_chan(int)
 .text._ZN5daisy11daisyCommon6add_cvEii
                0x08000ccc      0x120 build/daisy_common.o
                0x08000ccc                daisy::daisyCommon::add_cv(int, int)
 .text._ZN5daisy11daisyCommon16add_dual_controlEiii
                0x08000dec       0x58 build/daisy_common.o
                0x08000dec                daisy::daisyCommon::add_dual_control(int, int, int)
 .text._ZN5daisy11daisyCommon11add_gate_inEii
                0x08000e44       0xfc build/daisy_common.o
                0x08000e44                daisy::daisyCommon::add_gate_in(int, int)
 .text._ZN5daisy11daisyCommon7get_muxEi
                0x08000f40       0x50 build/daisy_common.o
                0x08000f40                daisy::daisyCommon::get_mux(int)
 .text._ZN5daisy11daisyCommon17get_knob_adc_chanEi
                0x08000f90       0x58 build/daisy_common.o
                0x08000f90                daisy::daisyCommon::get_knob_adc_chan(int)
 .text._ZN5daisy11daisyCommon16get_dual_controlEi
                0x08000fe8       0x58 build/daisy_common.o
                0x08000fe8                daisy::daisyCommon::get_dual_control(int)
 .text._ZN5daisy11daisyCommon11get_gate_inEi
                0x08001040       0x98 build/daisy_common.o
                0x08001040                daisy::daisyCommon::get_gate_in(int)
 .text._ZN5daisy11daisyCommon8InitGPIOEv
                0x080010d8       0xe8 build/daisy_common.o
                0x080010d8                daisy::daisyCommon::InitGPIO()
 .text._ZN5daisy11daisyCommon7InitMuxEv
                0x080011c0       0xfc build/daisy_common.o
                0x080011c0                daisy::daisyCommon::InitMux()
 .text._ZN5daisy11daisyCommon10InitToggleEv
                0x080012bc       0x74 build/daisy_common.o
                0x080012bc                daisy::daisyCommon::InitToggle()
 .text._ZN5daisy11daisyCommon7InitADCEv
                0x08001330      0x240 build/daisy_common.o
                0x08001330                daisy::daisyCommon::InitADC()
 .text._ZN5daisy11daisyCommon4InitEb
                0x08001570       0x6c build/daisy_common.o
                0x08001570                daisy::daisyCommon::Init(bool)
 .text._ZN5voice4InitEf
                0x080015dc       0x6c build/voice.o
                0x080015dc                voice::Init(float)
 .text._ZN5voice8set_freqEf
                0x08001648       0x58 build/voice.o
                0x08001648                voice::set_freq(float)
 .text._ZN5voice7ProcessEv
                0x080016a0       0x40 build/voice.o
                0x080016a0                voice::Process()
 .text._ZN5voice18set_amp_env_attackEf
                0x080016e0       0x30 build/voice.o
                0x080016e0                voice::set_amp_env_attack(float)
 .text._ZN5voice17set_amp_env_decayEf
                0x08001710       0x38 build/voice.o
                0x08001710                voice::set_amp_env_decay(float)
 .text._ZN5voice11env_triggerEv
                0x08001748        0xc build/voice.o
                0x08001748                voice::env_trigger()
 .text._ZN5voice10set_impactEf
                0x08001754       0x14 build/voice.o
                0x08001754                voice::set_impact(float)
 .text._ZN5daisy9DaisySeed10StartAudioEPFvPKPKfPPfjE
                0x08001768        0x8 ../../../../DaisyExamples/libDaisy//build\libdaisy.a(daisy_seed.o)
                0x08001768                daisy::DaisySeed::StartAudio(void (*)(float const* const*, float**, unsigned int))
 .text._ZN5daisy9DaisySeed18SetAudioSampleRateENS_9SaiHandle6Config10SampleRateE
                0x08001770       0x38 ../../../../DaisyExamples/libDaisy//build\libdaisy.a(daisy_seed.o)
                0x08001770                daisy::DaisySeed::SetAudioSampleRate(daisy::SaiHandle::Config::SampleRate)
 .text._ZN5daisy9DaisySeed17SetAudioBlockSizeEj
                0x080017a8       0x38 ../../../../DaisyExamples/libDaisy//build\libdaisy.a(daisy_seed.o)
                0x080017a8                daisy::DaisySeed::SetAudioBlockSize(unsigned int)
 .text._ZN5daisy9DaisySeed6SetLedEb
                0x080017e0        0x8 ../../../../DaisyExamples/libDaisy//build\libdaisy.a(daisy_seed.o)
                0x080017e0                daisy::DaisySeed::SetLed(bool)
 .text._ZN5daisy9DaisySeed17CheckBoardVersionEv
                0x080017e8       0x6c ../../../../DaisyExamples/libDaisy//build\libdaisy.a(daisy_seed.o)
                0x080017e8                daisy::DaisySeed::CheckBoardVersion()
 .text._ZN5daisy9DaisySeed14ConfigureAudioEv
                0x08001854      0x10c ../../../../DaisyExamples/libDaisy//build\libdaisy.a(daisy_seed.o)
                0x08001854                daisy::DaisySeed::ConfigureAudio()
 .text._ZN5daisy9DaisySeed4InitEb
                0x08001960      0x108 ../../../../DaisyExamples/libDaisy//build\libdaisy.a(daisy_seed.o)
                0x08001960                daisy::DaisySeed::Init(bool)
 .text._ZN5daisy6Ak45564InitE12dsy_gpio_pin
                0x08001a68       0x44 ../../../../DaisyExamples/libDaisy//build\libdaisy.a(codec_ak4556.o)
                0x08001a68                daisy::Ak4556::Init(dsy_gpio_pin)
 .text._ZN5daisy6Wm873120WriteControlRegisterEht
                0x08001aac       0x3c ../../../../DaisyExamples/libDaisy//build\libdaisy.a(codec_wm8731.o)
                0x08001aac                daisy::Wm8731::WriteControlRegister(unsigned char, unsigned short)
 .text._ZN5daisy6Wm87314InitERKNS0_6ConfigENS_9I2CHandleE
                0x08001ae8      0x1bc ../../../../DaisyExamples/libDaisy//build\libdaisy.a(codec_wm8731.o)
                0x08001ae8                daisy::Wm8731::Init(daisy::Wm8731::Config const&, daisy::I2CHandle)
 .text._ZN11SdramHandle10DeviceInitEv
                0x08001ca4       0x98 ../../../../DaisyExamples/libDaisy//build\libdaisy.a(sdram.o)
                0x08001ca4                SdramHandle::DeviceInit()
 .text._ZN11SdramHandle4InitEv
                0x08001d3c       0x7c ../../../../DaisyExamples/libDaisy//build\libdaisy.a(sdram.o)
                0x08001d3c                SdramHandle::Init()
 .text.HAL_SDRAM_MspInit
                0x08001db8      0x1a8 ../../../../DaisyExamples/libDaisy//build\libdaisy.a(sdram.o)
                0x08001db8                HAL_SDRAM_MspInit
 .text._ZN5daisy11AudioHandle4Impl16InternalCallbackEPlS2_j
                0x08001f60      0xbbc ../../../../DaisyExamples/libDaisy//build\libdaisy.a(audio.o)
                0x08001f60                daisy::AudioHandle::Impl::InternalCallback(long*, long*, unsigned int)
 .text._ZN5daisy11AudioHandle4InitERKNS0_6ConfigENS_9SaiHandleE
                0x08002b1c       0x70 ../../../../DaisyExamples/libDaisy//build\libdaisy.a(audio.o)
                0x08002b1c                daisy::AudioHandle::Init(daisy::AudioHandle::Config const&, daisy::SaiHandle)
 .text._ZNK5daisy11AudioHandle9GetConfigEv
                0x08002b8c        0x8 ../../../../DaisyExamples/libDaisy//build\libdaisy.a(audio.o)
                0x08002b8c                daisy::AudioHandle::GetConfig() const
 .text._ZN5daisy11AudioHandle12SetBlockSizeEj
                0x08002b94       0x1c ../../../../DaisyExamples/libDaisy//build\libdaisy.a(audio.o)
                0x08002b94                daisy::AudioHandle::SetBlockSize(unsigned int)
 .text._ZN5daisy11AudioHandle13GetSampleRateEv
                0x08002bb0        0x8 ../../../../DaisyExamples/libDaisy//build\libdaisy.a(audio.o)
                0x08002bb0                daisy::AudioHandle::GetSampleRate()
 .text._ZN5daisy11AudioHandle13SetSampleRateENS_9SaiHandle6Config10SampleRateE
                0x08002bb8       0x88 ../../../../DaisyExamples/libDaisy//build\libdaisy.a(audio.o)
                0x08002bb8                daisy::AudioHandle::SetSampleRate(daisy::SaiHandle::Config::SampleRate)
 .text._ZN5daisy11AudioHandle5StartEPFvPKPKfPPfjE
                0x08002c40       0x44 ../../../../DaisyExamples/libDaisy//build\libdaisy.a(audio.o)
                0x08002c40                daisy::AudioHandle::Start(void (*)(float const* const*, float**, unsigned int))
 .text.startup._GLOBAL__sub_I__ZN5daisy11AudioHandle4Impl4InitENS0_6ConfigENS_9SaiHandleE
                0x08002c84       0x24 ../../../../DaisyExamples/libDaisy//build\libdaisy.a(audio.o)
 .text._ZN5daisy9UsbHandleD2Ev
                0x08002ca8        0x4 ../../../../DaisyExamples/libDaisy//build\libdaisy.a(logger.o)
                0x08002ca8                daisy::UsbHandle::~UsbHandle()
                0x08002ca8                daisy::UsbHandle::~UsbHandle()
 .text.startup._GLOBAL__sub_I__ZN5daisy10LoggerImplILNS_17LoggerDestinationE1EE11usb_handle_E
                0x08002cac       0x2c ../../../../DaisyExamples/libDaisy//build\libdaisy.a(logger.o)
 .text._ZN5daisy6Switch4InitE12dsy_gpio_pinf
                0x08002cd8       0x34 ../../../../DaisyExamples/libDaisy//build\libdaisy.a(switch.o)
                0x08002cd8                daisy::Switch::Init(dsy_gpio_pin, float)
 .text._ZN5daisy6Switch8DebounceEv
                0x08002d0c       0x5c ../../../../DaisyExamples/libDaisy//build\libdaisy.a(switch.o)
                0x08002d0c                daisy::Switch::Debounce()
 .text.OTG_FS_EP1_OUT_IRQHandler
                0x08002d68        0xc ../../../../DaisyExamples/libDaisy//build\libdaisy.a(usb.o)
                0x08002d68                OTG_FS_EP1_OUT_IRQHandler
 .text.OTG_FS_EP1_IN_IRQHandler
                0x08002d74        0xc ../../../../DaisyExamples/libDaisy//build\libdaisy.a(usb.o)
                0x08002d74                OTG_FS_EP1_IN_IRQHandler
 .text.OTG_FS_IRQHandler
                0x08002d80        0xc ../../../../DaisyExamples/libDaisy//build\libdaisy.a(usb.o)
                0x08002d80                OTG_FS_IRQHandler
 .text._ZN5daisy16AdcChannelConfig10InitSingleE12dsy_gpio_pinNS0_15ConversionSpeedE
                0x08002d8c       0x28 ../../../../DaisyExamples/libDaisy//build\libdaisy.a(adc.o)
                0x08002d8c                daisy::AdcChannelConfig::InitSingle(dsy_gpio_pin, daisy::AdcChannelConfig::ConversionSpeed)
 .text._ZN5daisy16AdcChannelConfig7InitMuxE12dsy_gpio_pinjS1_S1_S1_NS0_15ConversionSpeedE
                0x08002db4       0x74 ../../../../DaisyExamples/libDaisy//build\libdaisy.a(adc.o)
                0x08002db4                daisy::AdcChannelConfig::InitMux(dsy_gpio_pin, unsigned int, dsy_gpio_pin, dsy_gpio_pin, dsy_gpio_pin, daisy::AdcChannelConfig::ConversionSpeed)
 .text._ZN5daisy9AdcHandle4InitEPNS_16AdcChannelConfigEjNS0_12OverSamplingE
                0x08002e28      0x41c ../../../../DaisyExamples/libDaisy//build\libdaisy.a(adc.o)
                0x08002e28                daisy::AdcHandle::Init(daisy::AdcChannelConfig*, unsigned int, daisy::AdcHandle::OverSampling)
 .text._ZN5daisy9AdcHandle5StartEv
                0x08003244       0x2c ../../../../DaisyExamples/libDaisy//build\libdaisy.a(adc.o)
                0x08003244                daisy::AdcHandle::Start()
 .text._ZNK5daisy9AdcHandle8GetFloatEh
                0x08003270       0x20 ../../../../DaisyExamples/libDaisy//build\libdaisy.a(adc.o)
                0x08003270                daisy::AdcHandle::GetFloat(unsigned char) const
 .text._ZNK5daisy9AdcHandle11GetMuxFloatEhh
                0x08003290       0x20 ../../../../DaisyExamples/libDaisy//build\libdaisy.a(adc.o)
                0x08003290                daisy::AdcHandle::GetMuxFloat(unsigned char, unsigned char) const
 .text.HAL_ADC_MspInit
                0x080032b0       0x98 ../../../../DaisyExamples/libDaisy//build\libdaisy.a(adc.o)
                0x080032b0                HAL_ADC_MspInit
 .text.DMA1_Stream2_IRQHandler
                0x08003348        0xc ../../../../DaisyExamples/libDaisy//build\libdaisy.a(adc.o)
                0x08003348                DMA1_Stream2_IRQHandler
 .text.HAL_ADC_ConvCpltCallback
                0x08003354      0x148 ../../../../DaisyExamples/libDaisy//build\libdaisy.a(adc.o)
                0x08003354                HAL_ADC_ConvCpltCallback
 .text.HAL_ADC_ErrorCallback
                0x0800349c        0x4 ../../../../DaisyExamples/libDaisy//build\libdaisy.a(adc.o)
                0x0800349c                HAL_ADC_ErrorCallback
 .text.HAL_DAC_MspInit
                0x080034a0      0x15c ../../../../DaisyExamples/libDaisy//build\libdaisy.a(dac.o)
                0x080034a0                HAL_DAC_MspInit
 .text.DMA2_Stream0_IRQHandler
                0x080035fc        0xc ../../../../DaisyExamples/libDaisy//build\libdaisy.a(dac.o)
                0x080035fc                DMA2_Stream0_IRQHandler
 .text.DMA2_Stream1_IRQHandler
                0x08003608        0xc ../../../../DaisyExamples/libDaisy//build\libdaisy.a(dac.o)
                0x08003608                DMA2_Stream1_IRQHandler
 .text.TIM6_DAC_IRQHandler
                0x08003614       0x1c ../../../../DaisyExamples/libDaisy//build\libdaisy.a(dac.o)
                0x08003614                TIM6_DAC_IRQHandler
 .text._ZN5daisy9DacHandle4InitERKNS0_6ConfigE
                0x08003630       0xfc ../../../../DaisyExamples/libDaisy//build\libdaisy.a(dac.o)
                0x08003630                daisy::DacHandle::Init(daisy::DacHandle::Config const&)
 .text._ZN5daisy4GPIO4InitENS_3PinENS0_4ModeENS0_4PullENS0_5SpeedE
                0x0800372c      0x1cc ../../../../DaisyExamples/libDaisy//build\libdaisy.a(gpio.o)
                0x0800372c                daisy::GPIO::Init(daisy::Pin, daisy::GPIO::Mode, daisy::GPIO::Pull, daisy::GPIO::Speed)
 .text._ZN5daisy4GPIO4ReadEv
                0x080038f8       0x18 ../../../../DaisyExamples/libDaisy//build\libdaisy.a(gpio.o)
                0x080038f8                daisy::GPIO::Read()
 .text._ZN5daisy4GPIO5WriteEb
                0x08003910       0x14 ../../../../DaisyExamples/libDaisy//build\libdaisy.a(gpio.o)
                0x08003910                daisy::GPIO::Write(bool)
 .text.dsy_gpio_init
                0x08003924      0x1b8 ../../../../DaisyExamples/libDaisy//build\libdaisy.a(gpio.o)
                0x08003924                dsy_gpio_init
 .text.dsy_gpio_read
                0x08003adc       0x1c ../../../../DaisyExamples/libDaisy//build\libdaisy.a(gpio.o)
                0x08003adc                dsy_gpio_read
 .text.dsy_gpio_write
                0x08003af8       0x24 ../../../../DaisyExamples/libDaisy//build\libdaisy.a(gpio.o)
                0x08003af8                dsy_gpio_write
 .text._ZN5daisy9I2CHandle4Impl8InitPinsEv
                0x08003b1c       0x58 ../../../../DaisyExamples/libDaisy//build\libdaisy.a(i2c.o)
                0x08003b1c                daisy::I2CHandle::Impl::InitPins()
 .text.HAL_I2C_MspInit
                0x08003b74      0x1b4 ../../../../DaisyExamples/libDaisy//build\libdaisy.a(i2c.o)
                0x08003b74                HAL_I2C_MspInit
 .text.dsy_i2c_global_init
                0x08003d28       0x78 ../../../../DaisyExamples/libDaisy//build\libdaisy.a(i2c.o)
                0x08003d28                dsy_i2c_global_init
 .text.DMA1_Stream6_IRQHandler
                0x08003da0       0x34 ../../../../DaisyExamples/libDaisy//build\libdaisy.a(i2c.o)
                0x08003da0                DMA1_Stream6_IRQHandler
 .text.I2C1_EV_IRQHandler
                0x08003dd4        0xc ../../../../DaisyExamples/libDaisy//build\libdaisy.a(i2c.o)
                0x08003dd4                I2C1_EV_IRQHandler
 .text.I2C2_EV_IRQHandler
                0x08003de0        0xc ../../../../DaisyExamples/libDaisy//build\libdaisy.a(i2c.o)
                0x08003de0                I2C2_EV_IRQHandler
 .text.I2C3_EV_IRQHandler
                0x08003dec        0xc ../../../../DaisyExamples/libDaisy//build\libdaisy.a(i2c.o)
                0x08003dec                I2C3_EV_IRQHandler
 .text._ZN5daisy9I2CHandle4InitERKNS0_6ConfigE
                0x08003df8      0x12c ../../../../DaisyExamples/libDaisy//build\libdaisy.a(i2c.o)
                0x08003df8                daisy::I2CHandle::Init(daisy::I2CHandle::Config const&)
 .text._ZN5daisy9I2CHandle16TransmitBlockingEtPhtm
                0x08003f24       0x50 ../../../../DaisyExamples/libDaisy//build\libdaisy.a(i2c.o)
                0x08003f24                daisy::I2CHandle::TransmitBlocking(unsigned short, unsigned char*, unsigned short, unsigned long)
 .text.startup._GLOBAL__sub_I__ZN5daisy9I2CHandle4Impl10GlobalInitEv
                0x08003f74       0x18 ../../../../DaisyExamples/libDaisy//build\libdaisy.a(i2c.o)
 .text._ZN5daisy10QSPIHandle4Impl11WriteEnableEv
                0x08003f8c       0x8c ../../../../DaisyExamples/libDaisy//build\libdaisy.a(qspi.o)
                0x08003f8c                daisy::QSPIHandle::Impl::WriteEnable()
 .text._ZN5daisy10QSPIHandle4Impl17DummyCyclesConfigENS0_6Config6DeviceE
                0x08004018      0x118 ../../../../DaisyExamples/libDaisy//build\libdaisy.a(qspi.o)
                0x08004018                daisy::QSPIHandle::Impl::DummyCyclesConfig(daisy::QSPIHandle::Config::Device)
 .text._ZN5daisy10QSPIHandle4Impl10QuadEnableEv
                0x08004130      0x158 ../../../../DaisyExamples/libDaisy//build\libdaisy.a(qspi.o)
                0x08004130                daisy::QSPIHandle::Impl::QuadEnable()
 .text._ZN5daisy10QSPIHandle4InitERKNS0_6ConfigE
                0x08004288      0x198 ../../../../DaisyExamples/libDaisy//build\libdaisy.a(qspi.o)
                0x08004288                daisy::QSPIHandle::Init(daisy::QSPIHandle::Config const&)
 .text.HAL_QSPI_MspInit
                0x08004420      0x11c ../../../../DaisyExamples/libDaisy//build\libdaisy.a(qspi.o)
                0x08004420                HAL_QSPI_MspInit
 .text.HAL_QSPI_MspDeInit
                0x0800453c       0x54 ../../../../DaisyExamples/libDaisy//build\libdaisy.a(qspi.o)
                0x0800453c                HAL_QSPI_MspDeInit
 .text.QUADSPI_IRQHandler
                0x08004590        0xc ../../../../DaisyExamples/libDaisy//build\libdaisy.a(qspi.o)
                0x08004590                QUADSPI_IRQHandler
 .text.startup._GLOBAL__sub_I__ZN5daisy10QSPIHandle4Impl4InitERKNS0_6ConfigE
                0x0800459c       0x28 ../../../../DaisyExamples/libDaisy//build\libdaisy.a(qspi.o)
 .text._ZN5daisy9SaiHandle4Impl7InitDmaENS1_15PeripheralBlockE
                0x080045c4       0xa0 ../../../../DaisyExamples/libDaisy//build\libdaisy.a(sai.o)
                0x080045c4                daisy::SaiHandle::Impl::InitDma(daisy::SaiHandle::Impl::PeripheralBlock)
 .text._ZN5daisy9SaiHandle4Impl8InitPinsEv
                0x08004664       0xa8 ../../../../DaisyExamples/libDaisy//build\libdaisy.a(sai.o)
                0x08004664                daisy::SaiHandle::Impl::InitPins()
 .text.HAL_SAI_MspInit
                0x0800470c      0x164 ../../../../DaisyExamples/libDaisy//build\libdaisy.a(sai.o)
                0x0800470c                HAL_SAI_MspInit
 .text.DMA1_Stream0_IRQHandler
                0x08004870        0xc ../../../../DaisyExamples/libDaisy//build\libdaisy.a(sai.o)
                0x08004870                DMA1_Stream0_IRQHandler
 .text.DMA1_Stream1_IRQHandler
                0x0800487c        0xc ../../../../DaisyExamples/libDaisy//build\libdaisy.a(sai.o)
                0x0800487c                DMA1_Stream1_IRQHandler
 .text.DMA1_Stream3_IRQHandler
                0x08004888        0xc ../../../../DaisyExamples/libDaisy//build\libdaisy.a(sai.o)
                0x08004888                DMA1_Stream3_IRQHandler
 .text.DMA1_Stream4_IRQHandler
                0x08004894        0xc ../../../../DaisyExamples/libDaisy//build\libdaisy.a(sai.o)
                0x08004894                DMA1_Stream4_IRQHandler
 .text.HAL_SAI_RxHalfCpltCallback
                0x080048a0       0x78 ../../../../DaisyExamples/libDaisy//build\libdaisy.a(sai.o)
                0x080048a0                HAL_SAI_RxHalfCpltCallback
 .text.HAL_SAI_RxCpltCallback
                0x08004918       0x70 ../../../../DaisyExamples/libDaisy//build\libdaisy.a(sai.o)
                0x08004918                HAL_SAI_RxCpltCallback
 .text._ZN5daisy9SaiHandle4InitERKNS0_6ConfigE
                0x08004988      0x1f0 ../../../../DaisyExamples/libDaisy//build\libdaisy.a(sai.o)
                0x08004988                daisy::SaiHandle::Init(daisy::SaiHandle::Config const&)
 .text._ZNK5daisy9SaiHandle9GetConfigEv
                0x08004b78        0x4 ../../../../DaisyExamples/libDaisy//build\libdaisy.a(sai.o)
                0x08004b78                daisy::SaiHandle::GetConfig() const
 .text._ZN5daisy9SaiHandle8StartDmaEPlS1_jPFvS1_S1_jE
                0x08004b7c       0xbc ../../../../DaisyExamples/libDaisy//build\libdaisy.a(sai.o)
                0x08004b7c                daisy::SaiHandle::StartDma(long*, long*, unsigned int, void (*)(long*, long*, unsigned int))
 .text._ZN5daisy9SaiHandle13GetSampleRateEv
                0x08004c38       0x24 ../../../../DaisyExamples/libDaisy//build\libdaisy.a(sai.o)
                0x08004c38                daisy::SaiHandle::GetSampleRate()
 .text._ZNK5daisy9SaiHandle9GetOffsetEv
                0x08004c5c        0x8 ../../../../DaisyExamples/libDaisy//build\libdaisy.a(sai.o)
                0x08004c5c                daisy::SaiHandle::GetOffset() const
 .text._ZN5daisy11TimerHandleD2Ev
                0x08004c64        0x4 ../../../../DaisyExamples/libDaisy//build\libdaisy.a(system.o)
                0x08004c64                daisy::TimerHandle::~TimerHandle()
                0x08004c64                daisy::TimerHandle::~TimerHandle()
 .text.SysTick_Handler
                0x08004c68       0x10 ../../../../DaisyExamples/libDaisy//build\libdaisy.a(system.o)
                0x08004c68                SysTick_Handler
 .text.OTG_HS_EP1_OUT_IRQHandler
                0x08004c78       0x24 ../../../../DaisyExamples/libDaisy//build\libdaisy.a(system.o)
                0x08004c78                OTG_HS_EP1_OUT_IRQHandler
 .text.OTG_HS_EP1_IN_IRQHandler
                0x08004c9c       0x24 ../../../../DaisyExamples/libDaisy//build\libdaisy.a(system.o)
                0x08004c9c                OTG_HS_EP1_IN_IRQHandler
 .text.OTG_HS_IRQHandler
                0x08004cc0       0x24 ../../../../DaisyExamples/libDaisy//build\libdaisy.a(system.o)
                0x08004cc0                OTG_HS_IRQHandler
 .text.HardFault_Handler
                0x08004ce4       0xe0 ../../../../DaisyExamples/libDaisy//build\libdaisy.a(system.o)
                0x08004ce4                HardFault_Handler
 .text._ZN5daisy6System6GetNowEv
                0x08004dc4        0x4 ../../../../DaisyExamples/libDaisy//build\libdaisy.a(system.o)
                0x08004dc4                daisy::System::GetNow()
 .text._ZN5daisy6System5DelayEm
                0x08004dc8        0x4 ../../../../DaisyExamples/libDaisy//build\libdaisy.a(system.o)
                0x08004dc8                daisy::System::Delay(unsigned long)
 .text._ZN5daisy6System20GetBootloaderVersionEv
                0x08004dcc       0x34 ../../../../DaisyExamples/libDaisy//build\libdaisy.a(system.o)
                0x08004dcc                daisy::System::GetBootloaderVersion()
 .text._ZN5daisy6System15ConfigureClocksEv
                0x08004e00      0x194 ../../../../DaisyExamples/libDaisy//build\libdaisy.a(system.o)
                0x08004e00                daisy::System::ConfigureClocks()
 .text._ZN5daisy6System12ConfigureMpuEv
                0x08004f94       0x7c ../../../../DaisyExamples/libDaisy//build\libdaisy.a(system.o)
                0x08004f94                daisy::System::ConfigureMpu()
 .text._ZN5daisy6System4InitERKNS0_6ConfigE
                0x08005010       0xec ../../../../DaisyExamples/libDaisy//build\libdaisy.a(system.o)
                0x08005010                daisy::System::Init(daisy::System::Config const&)
 .text._ZN5daisy6System12GetPClk1FreqEv
                0x080050fc        0x4 ../../../../DaisyExamples/libDaisy//build\libdaisy.a(system.o)
                0x080050fc                daisy::System::GetPClk1Freq()
 .text._ZN5daisy6System12GetPClk2FreqEv
                0x08005100        0x4 ../../../../DaisyExamples/libDaisy//build\libdaisy.a(system.o)
                0x08005100                daisy::System::GetPClk2Freq()
 .text._ZN5daisy6System22GetProgramMemoryRegionEv
                0x08005104       0x78 ../../../../DaisyExamples/libDaisy//build\libdaisy.a(system.o)
                0x08005104                daisy::System::GetProgramMemoryRegion()
 .text.startup._GLOBAL__sub_I__ZN5daisy9boot_infoE
                0x0800517c       0x1c ../../../../DaisyExamples/libDaisy//build\libdaisy.a(system.o)
 .text.SystemInit
                0x08005198       0x9c ../../../../DaisyExamples/libDaisy//build\libdaisy.a(system_stm32h7xx.o)
                0x08005198                SystemInit
 .text.HAL_PCD_SetupStageCallback
                0x08005234        0xc ../../../../DaisyExamples/libDaisy//build\libdaisy.a(usbd_conf.o)
                0x08005234                HAL_PCD_SetupStageCallback
 .text.HAL_PCD_DataOutStageCallback
                0x08005240       0x14 ../../../../DaisyExamples/libDaisy//build\libdaisy.a(usbd_conf.o)
                0x08005240                HAL_PCD_DataOutStageCallback
 .text.HAL_PCD_DataInStageCallback
                0x08005254       0x14 ../../../../DaisyExamples/libDaisy//build\libdaisy.a(usbd_conf.o)
                0x08005254                HAL_PCD_DataInStageCallback
 .text.HAL_PCD_SOFCallback
                0x08005268        0x8 ../../../../DaisyExamples/libDaisy//build\libdaisy.a(usbd_conf.o)
                0x08005268                HAL_PCD_SOFCallback
 .text.HAL_PCD_ResetCallback
                0x08005270       0x24 ../../../../DaisyExamples/libDaisy//build\libdaisy.a(usbd_conf.o)
                0x08005270                HAL_PCD_ResetCallback
 .text.HAL_PCD_SuspendCallback
                0x08005294       0x30 ../../../../DaisyExamples/libDaisy//build\libdaisy.a(usbd_conf.o)
                0x08005294                HAL_PCD_SuspendCallback
 .text.HAL_PCD_ResumeCallback
                0x080052c4        0x8 ../../../../DaisyExamples/libDaisy//build\libdaisy.a(usbd_conf.o)
                0x080052c4                HAL_PCD_ResumeCallback
 .text.HAL_PCD_ISOOUTIncompleteCallback
                0x080052cc        0x8 ../../../../DaisyExamples/libDaisy//build\libdaisy.a(usbd_conf.o)
                0x080052cc                HAL_PCD_ISOOUTIncompleteCallback
 .text.HAL_PCD_ISOINIncompleteCallback
                0x080052d4        0x8 ../../../../DaisyExamples/libDaisy//build\libdaisy.a(usbd_conf.o)
                0x080052d4                HAL_PCD_ISOINIncompleteCallback
 .text.HAL_PCD_ConnectCallback
                0x080052dc        0x8 ../../../../DaisyExamples/libDaisy//build\libdaisy.a(usbd_conf.o)
                0x080052dc                HAL_PCD_ConnectCallback
 .text.HAL_PCD_DisconnectCallback
                0x080052e4        0x8 ../../../../DaisyExamples/libDaisy//build\libdaisy.a(usbd_conf.o)
                0x080052e4                HAL_PCD_DisconnectCallback
 .text.USBD_LL_OpenEP
                0x080052ec       0x24 ../../../../DaisyExamples/libDaisy//build\libdaisy.a(usbd_conf.o)
                0x080052ec                USBD_LL_OpenEP
 .text.USBD_LL_StallEP
                0x08005310       0x1c ../../../../DaisyExamples/libDaisy//build\libdaisy.a(usbd_conf.o)
                0x08005310                USBD_LL_StallEP
 .text.USBD_LL_ClearStallEP
                0x0800532c       0x1c ../../../../DaisyExamples/libDaisy//build\libdaisy.a(usbd_conf.o)
                0x0800532c                USBD_LL_ClearStallEP
 .text.USBD_LL_IsStallEP
                0x08005348       0x28 ../../../../DaisyExamples/libDaisy//build\libdaisy.a(usbd_conf.o)
                0x08005348                USBD_LL_IsStallEP
 .text.USBD_LL_SetUSBAddress
                0x08005370       0x1c ../../../../DaisyExamples/libDaisy//build\libdaisy.a(usbd_conf.o)
                0x08005370                USBD_LL_SetUSBAddress
 .text.USBD_LL_Transmit
                0x0800538c       0x1c ../../../../DaisyExamples/libDaisy//build\libdaisy.a(usbd_conf.o)
                0x0800538c                USBD_LL_Transmit
 .text.USBD_LL_PrepareReceive
                0x080053a8       0x1c ../../../../DaisyExamples/libDaisy//build\libdaisy.a(usbd_conf.o)
                0x080053a8                USBD_LL_PrepareReceive
 .text.HAL_HCD_SOF_Callback
                0x080053c4        0x8 ../../../../DaisyExamples/libDaisy//build\libdaisy.a(usbh_conf.o)
                0x080053c4                HAL_HCD_SOF_Callback
 .text.HAL_HCD_Connect_Callback
                0x080053cc        0x8 ../../../../DaisyExamples/libDaisy//build\libdaisy.a(usbh_conf.o)
                0x080053cc                HAL_HCD_Connect_Callback
 .text.HAL_HCD_Disconnect_Callback
                0x080053d4        0x8 ../../../../DaisyExamples/libDaisy//build\libdaisy.a(usbh_conf.o)
                0x080053d4                HAL_HCD_Disconnect_Callback
 .text.HAL_HCD_HC_NotifyURBChange_Callback
                0x080053dc        0x4 ../../../../DaisyExamples/libDaisy//build\libdaisy.a(usbh_conf.o)
                0x080053dc                HAL_HCD_HC_NotifyURBChange_Callback
 .text.HAL_HCD_PortEnabled_Callback
                0x080053e0        0x8 ../../../../DaisyExamples/libDaisy//build\libdaisy.a(usbh_conf.o)
                0x080053e0                HAL_HCD_PortEnabled_Callback
 .text.HAL_HCD_PortDisabled_Callback
                0x080053e8        0x8 ../../../../DaisyExamples/libDaisy//build\libdaisy.a(usbh_conf.o)
                0x080053e8                HAL_HCD_PortDisabled_Callback
 .text.USBH_LL_Stop
                0x080053f0       0x1c ../../../../DaisyExamples/libDaisy//build\libdaisy.a(usbh_conf.o)
                0x080053f0                USBH_LL_Stop
 .text.dsy_hal_map_get_port
                0x0800540c       0x10 ../../../../DaisyExamples/libDaisy//build\libdaisy.a(hal_map.o)
                0x0800540c                dsy_hal_map_get_port
 .text.dsy_hal_map_get_pin
                0x0800541c       0x10 ../../../../DaisyExamples/libDaisy//build\libdaisy.a(hal_map.o)
                0x0800541c                dsy_hal_map_get_pin
 .text.dsy_hal_map_gpio_clk_enable
                0x0800542c      0x150 ../../../../DaisyExamples/libDaisy//build\libdaisy.a(hal_map.o)
                0x0800542c                dsy_hal_map_gpio_clk_enable
 .text.HAL_MspInit
                0x0800557c        0x4 ../../../../DaisyExamples/libDaisy//build\libdaisy.a(stm32h7xx_hal.o)
                0x0800557c                HAL_MspInit
 .text.HAL_InitTick
                0x08005580       0x4c ../../../../DaisyExamples/libDaisy//build\libdaisy.a(stm32h7xx_hal.o)
                0x08005580                HAL_InitTick
 .text.HAL_Init
                0x080055cc       0x60 ../../../../DaisyExamples/libDaisy//build\libdaisy.a(stm32h7xx_hal.o)
                0x080055cc                HAL_Init
 .text.HAL_IncTick
                0x0800562c       0x18 ../../../../DaisyExamples/libDaisy//build\libdaisy.a(stm32h7xx_hal.o)
                0x0800562c                HAL_IncTick
 .text.HAL_GetTick
                0x08005644        0xc ../../../../DaisyExamples/libDaisy//build\libdaisy.a(stm32h7xx_hal.o)
                0x08005644                HAL_GetTick
 .text.HAL_Delay
                0x08005650       0x24 ../../../../DaisyExamples/libDaisy//build\libdaisy.a(stm32h7xx_hal.o)
                0x08005650                HAL_Delay
 .text.HAL_GetREVID
                0x08005674        0xc ../../../../DaisyExamples/libDaisy//build\libdaisy.a(stm32h7xx_hal.o)
                0x08005674                HAL_GetREVID
 .text.HAL_ADC_ConvHalfCpltCallback
                0x08005680        0x4 ../../../../DaisyExamples/libDaisy//build\libdaisy.a(stm32h7xx_hal_adc.o)
                0x08005680                HAL_ADC_ConvHalfCpltCallback
 .text.ADC_DMAHalfConvCplt
                0x08005684        0xc ../../../../DaisyExamples/libDaisy//build\libdaisy.a(stm32h7xx_hal_adc.o)
                0x08005684                ADC_DMAHalfConvCplt
 .text.ADC_DMAConvCplt
                0x08005690       0x6c ../../../../DaisyExamples/libDaisy//build\libdaisy.a(stm32h7xx_hal_adc.o)
                0x08005690                ADC_DMAConvCplt
 .text.ADC_DMAError
                0x080056fc       0x1c ../../../../DaisyExamples/libDaisy//build\libdaisy.a(stm32h7xx_hal_adc.o)
                0x080056fc                ADC_DMAError
 .text.HAL_ADC_ConfigChannel
                0x08005718      0x3fc ../../../../DaisyExamples/libDaisy//build\libdaisy.a(stm32h7xx_hal_adc.o)
                0x08005718                HAL_ADC_ConfigChannel
 .text.ADC_Enable
                0x08005b14       0xac ../../../../DaisyExamples/libDaisy//build\libdaisy.a(stm32h7xx_hal_adc.o)
                0x08005b14                ADC_Enable
 .text.HAL_ADC_Start_DMA
                0x08005bc0      0x114 ../../../../DaisyExamples/libDaisy//build\libdaisy.a(stm32h7xx_hal_adc.o)
                0x08005bc0                HAL_ADC_Start_DMA
 .text.ADC_Disable
                0x08005cd4       0x68 ../../../../DaisyExamples/libDaisy//build\libdaisy.a(stm32h7xx_hal_adc.o)
                0x08005cd4                ADC_Disable
 .text.ADC_ConfigureBoostMode
                0x08005d3c      0x184 ../../../../DaisyExamples/libDaisy//build\libdaisy.a(stm32h7xx_hal_adc.o)
                0x08005d3c                ADC_ConfigureBoostMode
 .text.HAL_ADC_Init
                0x08005ec0      0x218 ../../../../DaisyExamples/libDaisy//build\libdaisy.a(stm32h7xx_hal_adc.o)
                0x08005ec0                HAL_ADC_Init
 .text.HAL_ADCEx_Calibration_Start
                0x080060d8       0xa4 ../../../../DaisyExamples/libDaisy//build\libdaisy.a(stm32h7xx_hal_adc_ex.o)
                0x080060d8                HAL_ADCEx_Calibration_Start
 .text.HAL_ADCEx_MultiModeConfigChannel
                0x0800617c       0xc4 ../../../../DaisyExamples/libDaisy//build\libdaisy.a(stm32h7xx_hal_adc_ex.o)
                0x0800617c                HAL_ADCEx_MultiModeConfigChannel
 .text.HAL_NVIC_SetPriorityGrouping
                0x08006240       0x24 ../../../../DaisyExamples/libDaisy//build\libdaisy.a(stm32h7xx_hal_cortex.o)
                0x08006240                HAL_NVIC_SetPriorityGrouping
 .text.HAL_NVIC_SetPriority
                0x08006264       0x7c ../../../../DaisyExamples/libDaisy//build\libdaisy.a(stm32h7xx_hal_cortex.o)
                0x08006264                HAL_NVIC_SetPriority
 .text.HAL_NVIC_EnableIRQ
                0x080062e0       0x1c ../../../../DaisyExamples/libDaisy//build\libdaisy.a(stm32h7xx_hal_cortex.o)
                0x080062e0                HAL_NVIC_EnableIRQ
 .text.HAL_NVIC_DisableIRQ
                0x080062fc       0x28 ../../../../DaisyExamples/libDaisy//build\libdaisy.a(stm32h7xx_hal_cortex.o)
                0x080062fc                HAL_NVIC_DisableIRQ
 .text.HAL_SYSTICK_Config
                0x08006324       0x2c ../../../../DaisyExamples/libDaisy//build\libdaisy.a(stm32h7xx_hal_cortex.o)
                0x08006324                HAL_SYSTICK_Config
 .text.HAL_MPU_Disable
                0x08006350       0x1c ../../../../DaisyExamples/libDaisy//build\libdaisy.a(stm32h7xx_hal_cortex.o)
                0x08006350                HAL_MPU_Disable
 .text.HAL_MPU_Enable
                0x0800636c       0x20 ../../../../DaisyExamples/libDaisy//build\libdaisy.a(stm32h7xx_hal_cortex.o)
                0x0800636c                HAL_MPU_Enable
 .text.HAL_MPU_ConfigRegion
                0x0800638c       0x64 ../../../../DaisyExamples/libDaisy//build\libdaisy.a(stm32h7xx_hal_cortex.o)
                0x0800638c                HAL_MPU_ConfigRegion
 .text.HAL_SYSTICK_Callback
                0x080063f0        0x4 ../../../../DaisyExamples/libDaisy//build\libdaisy.a(stm32h7xx_hal_cortex.o)
                0x080063f0                HAL_SYSTICK_Callback
 .text.HAL_SYSTICK_IRQHandler
                0x080063f4        0x8 ../../../../DaisyExamples/libDaisy//build\libdaisy.a(stm32h7xx_hal_cortex.o)
                0x080063f4                HAL_SYSTICK_IRQHandler
 .text.HAL_DAC_Init
                0x080063fc       0x2c ../../../../DaisyExamples/libDaisy//build\libdaisy.a(stm32h7xx_hal_dac.o)
                0x080063fc                HAL_DAC_Init
 .text.HAL_DAC_DMAUnderrunCallbackCh1
                0x08006428        0x4 ../../../../DaisyExamples/libDaisy//build\libdaisy.a(stm32h7xx_hal_dac.o)
                0x08006428                HAL_DAC_DMAUnderrunCallbackCh1
 .text.HAL_DAC_IRQHandler
                0x0800642c       0x68 ../../../../DaisyExamples/libDaisy//build\libdaisy.a(stm32h7xx_hal_dac.o)
                0x0800642c                HAL_DAC_IRQHandler
 .text.HAL_DAC_ConfigChannel
                0x08006494      0x130 ../../../../DaisyExamples/libDaisy//build\libdaisy.a(stm32h7xx_hal_dac.o)
                0x08006494                HAL_DAC_ConfigChannel
 .text.HAL_DACEx_DMAUnderrunCallbackCh2
                0x080065c4        0x4 ../../../../DaisyExamples/libDaisy//build\libdaisy.a(stm32h7xx_hal_dac_ex.o)
                0x080065c4                HAL_DACEx_DMAUnderrunCallbackCh2
 .text.DMA_CalcBaseAndBitshift
                0x080065c8       0xf4 ../../../../DaisyExamples/libDaisy//build\libdaisy.a(stm32h7xx_hal_dma.o)
 .text.DMA_CalcDMAMUXChannelBaseAndMask
                0x080066bc       0xd8 ../../../../DaisyExamples/libDaisy//build\libdaisy.a(stm32h7xx_hal_dma.o)
 .text.HAL_DMA_Init
                0x08006794      0x37c ../../../../DaisyExamples/libDaisy//build\libdaisy.a(stm32h7xx_hal_dma.o)
                0x08006794                HAL_DMA_Init
 .text.HAL_DMA_Start_IT
                0x08006b10      0x240 ../../../../DaisyExamples/libDaisy//build\libdaisy.a(stm32h7xx_hal_dma.o)
                0x08006b10                HAL_DMA_Start_IT
 .text.HAL_DMA_Abort_IT
                0x08006d50      0x134 ../../../../DaisyExamples/libDaisy//build\libdaisy.a(stm32h7xx_hal_dma.o)
                0x08006d50                HAL_DMA_Abort_IT
 .text.HAL_DMA_IRQHandler
                0x08006e84      0x6a0 ../../../../DaisyExamples/libDaisy//build\libdaisy.a(stm32h7xx_hal_dma.o)
                0x08006e84                HAL_DMA_IRQHandler
 .text.HAL_DMA_GetError
                0x08007524        0x4 ../../../../DaisyExamples/libDaisy//build\libdaisy.a(stm32h7xx_hal_dma.o)
                0x08007524                HAL_DMA_GetError
 .text.HAL_GPIO_Init
                0x08007528      0x280 ../../../../DaisyExamples/libDaisy//build\libdaisy.a(stm32h7xx_hal_gpio.o)
                0x08007528                HAL_GPIO_Init
 .text.HAL_GPIO_DeInit
                0x080077a8      0x190 ../../../../DaisyExamples/libDaisy//build\libdaisy.a(stm32h7xx_hal_gpio.o)
                0x080077a8                HAL_GPIO_DeInit
 .text.HAL_GPIO_ReadPin
                0x08007938        0xc ../../../../DaisyExamples/libDaisy//build\libdaisy.a(stm32h7xx_hal_gpio.o)
                0x08007938                HAL_GPIO_ReadPin
 .text.HAL_GPIO_WritePin
                0x08007944        0x8 ../../../../DaisyExamples/libDaisy//build\libdaisy.a(stm32h7xx_hal_gpio.o)
                0x08007944                HAL_GPIO_WritePin
 .text.HAL_HCD_IRQHandler
                0x0800794c      0x780 ../../../../DaisyExamples/libDaisy//build\libdaisy.a(stm32h7xx_hal_hcd.o)
                0x0800794c                HAL_HCD_IRQHandler
 .text.HAL_HCD_Stop
                0x080080cc       0x28 ../../../../DaisyExamples/libDaisy//build\libdaisy.a(stm32h7xx_hal_hcd.o)
                0x080080cc                HAL_HCD_Stop
 .text.I2C_WaitOnTXISFlagUntilTimeout
                0x080080f4       0xb8 ../../../../DaisyExamples/libDaisy//build\libdaisy.a(stm32h7xx_hal_i2c.o)
 .text.I2C_WaitOnSTOPFlagUntilTimeout
                0x080081ac       0xac ../../../../DaisyExamples/libDaisy//build\libdaisy.a(stm32h7xx_hal_i2c.o)
 .text.HAL_I2C_Init
                0x08008258       0xac ../../../../DaisyExamples/libDaisy//build\libdaisy.a(stm32h7xx_hal_i2c.o)
                0x08008258                HAL_I2C_Init
 .text.HAL_I2C_Master_Transmit
                0x08008304      0x1a8 ../../../../DaisyExamples/libDaisy//build\libdaisy.a(stm32h7xx_hal_i2c.o)
                0x08008304                HAL_I2C_Master_Transmit
 .text.HAL_I2C_Slave_Transmit
                0x080084ac      0x1c8 ../../../../DaisyExamples/libDaisy//build\libdaisy.a(stm32h7xx_hal_i2c.o)
                0x080084ac                HAL_I2C_Slave_Transmit
 .text.HAL_I2C_EV_IRQHandler
                0x08008674       0x10 ../../../../DaisyExamples/libDaisy//build\libdaisy.a(stm32h7xx_hal_i2c.o)
                0x08008674                HAL_I2C_EV_IRQHandler
 .text.HAL_I2C_GetState
                0x08008684        0x8 ../../../../DaisyExamples/libDaisy//build\libdaisy.a(stm32h7xx_hal_i2c.o)
                0x08008684                HAL_I2C_GetState
 .text.HAL_I2CEx_ConfigAnalogFilter
                0x0800868c       0x54 ../../../../DaisyExamples/libDaisy//build\libdaisy.a(stm32h7xx_hal_i2c_ex.o)
                0x0800868c                HAL_I2CEx_ConfigAnalogFilter
 .text.HAL_I2CEx_ConfigDigitalFilter
                0x080086e0       0x58 ../../../../DaisyExamples/libDaisy//build\libdaisy.a(stm32h7xx_hal_i2c_ex.o)
                0x080086e0                HAL_I2CEx_ConfigDigitalFilter
 .text.HAL_PCD_IRQHandler
                0x08008738      0x69c ../../../../DaisyExamples/libDaisy//build\libdaisy.a(stm32h7xx_hal_pcd.o)
                0x08008738                HAL_PCD_IRQHandler
 .text.HAL_PCD_SetAddress
                0x08008dd4       0x2c ../../../../DaisyExamples/libDaisy//build\libdaisy.a(stm32h7xx_hal_pcd.o)
                0x08008dd4                HAL_PCD_SetAddress
 .text.HAL_PCD_EP_Open
                0x08008e00       0x7c ../../../../DaisyExamples/libDaisy//build\libdaisy.a(stm32h7xx_hal_pcd.o)
                0x08008e00                HAL_PCD_EP_Open
 .text.HAL_PCD_EP_Receive
                0x08008e7c       0x50 ../../../../DaisyExamples/libDaisy//build\libdaisy.a(stm32h7xx_hal_pcd.o)
                0x08008e7c                HAL_PCD_EP_Receive
 .text.HAL_PCD_EP_Transmit
                0x08008ecc       0x50 ../../../../DaisyExamples/libDaisy//build\libdaisy.a(stm32h7xx_hal_pcd.o)
                0x08008ecc                HAL_PCD_EP_Transmit
 .text.HAL_PCD_EP_SetStall
                0x08008f1c       0x88 ../../../../DaisyExamples/libDaisy//build\libdaisy.a(stm32h7xx_hal_pcd.o)
                0x08008f1c                HAL_PCD_EP_SetStall
 .text.HAL_PCD_EP_ClrStall
                0x08008fa4       0x78 ../../../../DaisyExamples/libDaisy//build\libdaisy.a(stm32h7xx_hal_pcd.o)
                0x08008fa4                HAL_PCD_EP_ClrStall
 .text.HAL_PCDEx_LPM_Callback
                0x0800901c        0x4 ../../../../DaisyExamples/libDaisy//build\libdaisy.a(stm32h7xx_hal_pcd_ex.o)
                0x0800901c                HAL_PCDEx_LPM_Callback
 .text.HAL_PWREx_ConfigSupply
                0x08009020       0x4c ../../../../DaisyExamples/libDaisy//build\libdaisy.a(stm32h7xx_hal_pwr_ex.o)
                0x08009020                HAL_PWREx_ConfigSupply
 .text.HAL_PWREx_EnableUSBVoltageDetector
                0x0800906c       0x10 ../../../../DaisyExamples/libDaisy//build\libdaisy.a(stm32h7xx_hal_pwr_ex.o)
                0x0800906c                HAL_PWREx_EnableUSBVoltageDetector
 .text.QSPI_Config
                0x0800907c      0x174 ../../../../DaisyExamples/libDaisy//build\libdaisy.a(stm32h7xx_hal_qspi.o)
 .text.HAL_QSPI_Init
                0x080091f0       0xd8 ../../../../DaisyExamples/libDaisy//build\libdaisy.a(stm32h7xx_hal_qspi.o)
                0x080091f0                HAL_QSPI_Init
 .text.HAL_QSPI_DeInit
                0x080092c8       0x3c ../../../../DaisyExamples/libDaisy//build\libdaisy.a(stm32h7xx_hal_qspi.o)
                0x080092c8                HAL_QSPI_DeInit
 .text.HAL_QSPI_Command
                0x08009304       0xd4 ../../../../DaisyExamples/libDaisy//build\libdaisy.a(stm32h7xx_hal_qspi.o)
                0x08009304                HAL_QSPI_Command
 .text.HAL_QSPI_Transmit
                0x080093d8       0xfc ../../../../DaisyExamples/libDaisy//build\libdaisy.a(stm32h7xx_hal_qspi.o)
                0x080093d8                HAL_QSPI_Transmit
 .text.HAL_QSPI_Receive
                0x080094d4      0x108 ../../../../DaisyExamples/libDaisy//build\libdaisy.a(stm32h7xx_hal_qspi.o)
                0x080094d4                HAL_QSPI_Receive
 .text.HAL_QSPI_AutoPolling
                0x080095dc       0xf0 ../../../../DaisyExamples/libDaisy//build\libdaisy.a(stm32h7xx_hal_qspi.o)
                0x080095dc                HAL_QSPI_AutoPolling
 .text.HAL_QSPI_MemoryMapped
                0x080096cc       0xc0 ../../../../DaisyExamples/libDaisy//build\libdaisy.a(stm32h7xx_hal_qspi.o)
                0x080096cc                HAL_QSPI_MemoryMapped
 .text.HAL_QSPI_ErrorCallback
                0x0800978c        0x4 ../../../../DaisyExamples/libDaisy//build\libdaisy.a(stm32h7xx_hal_qspi.o)
                0x0800978c                HAL_QSPI_ErrorCallback
 .text.QSPI_DMAAbortCplt
                0x08009790       0x38 ../../../../DaisyExamples/libDaisy//build\libdaisy.a(stm32h7xx_hal_qspi.o)
 .text.HAL_QSPI_AbortCpltCallback
                0x080097c8        0x4 ../../../../DaisyExamples/libDaisy//build\libdaisy.a(stm32h7xx_hal_qspi.o)
                0x080097c8                HAL_QSPI_AbortCpltCallback
 .text.HAL_QSPI_CmdCpltCallback
                0x080097cc        0x4 ../../../../DaisyExamples/libDaisy//build\libdaisy.a(stm32h7xx_hal_qspi.o)
                0x080097cc                HAL_QSPI_CmdCpltCallback
 .text.HAL_QSPI_RxCpltCallback
                0x080097d0        0x4 ../../../../DaisyExamples/libDaisy//build\libdaisy.a(stm32h7xx_hal_qspi.o)
                0x080097d0                HAL_QSPI_RxCpltCallback
 .text.HAL_QSPI_TxCpltCallback
                0x080097d4        0x4 ../../../../DaisyExamples/libDaisy//build\libdaisy.a(stm32h7xx_hal_qspi.o)
                0x080097d4                HAL_QSPI_TxCpltCallback
 .text.HAL_QSPI_FifoThresholdCallback
                0x080097d8        0x4 ../../../../DaisyExamples/libDaisy//build\libdaisy.a(stm32h7xx_hal_qspi.o)
                0x080097d8                HAL_QSPI_FifoThresholdCallback
 .text.HAL_QSPI_StatusMatchCallback
                0x080097dc        0x4 ../../../../DaisyExamples/libDaisy//build\libdaisy.a(stm32h7xx_hal_qspi.o)
                0x080097dc                HAL_QSPI_StatusMatchCallback
 .text.HAL_QSPI_TimeOutCallback
                0x080097e0        0x4 ../../../../DaisyExamples/libDaisy//build\libdaisy.a(stm32h7xx_hal_qspi.o)
                0x080097e0                HAL_QSPI_TimeOutCallback
 .text.HAL_QSPI_IRQHandler
                0x080097e4      0x210 ../../../../DaisyExamples/libDaisy//build\libdaisy.a(stm32h7xx_hal_qspi.o)
                0x080097e4                HAL_QSPI_IRQHandler
 .text.HAL_RCC_OscConfig
                0x080099f4      0x51c ../../../../DaisyExamples/libDaisy//build\libdaisy.a(stm32h7xx_hal_rcc.o)
                0x080099f4                HAL_RCC_OscConfig
 .text.HAL_RCC_GetSysClockFreq
                0x08009f10      0x140 ../../../../DaisyExamples/libDaisy//build\libdaisy.a(stm32h7xx_hal_rcc.o)
                0x08009f10                HAL_RCC_GetSysClockFreq
 .text.HAL_RCC_ClockConfig
                0x0800a050      0x234 ../../../../DaisyExamples/libDaisy//build\libdaisy.a(stm32h7xx_hal_rcc.o)
                0x0800a050                HAL_RCC_ClockConfig
 .text.HAL_RCC_GetHCLKFreq
                0x0800a284       0x2c ../../../../DaisyExamples/libDaisy//build\libdaisy.a(stm32h7xx_hal_rcc.o)
                0x0800a284                HAL_RCC_GetHCLKFreq
 .text.HAL_RCC_GetPCLK1Freq
                0x0800a2b0       0x38 ../../../../DaisyExamples/libDaisy//build\libdaisy.a(stm32h7xx_hal_rcc.o)
                0x0800a2b0                HAL_RCC_GetPCLK1Freq
 .text.HAL_RCC_GetPCLK2Freq
                0x0800a2e8       0x38 ../../../../DaisyExamples/libDaisy//build\libdaisy.a(stm32h7xx_hal_rcc.o)
                0x0800a2e8                HAL_RCC_GetPCLK2Freq
 .text.RCCEx_PLL2_Config
                0x0800a320       0xf4 ../../../../DaisyExamples/libDaisy//build\libdaisy.a(stm32h7xx_hal_rcc_ex.o)
 .text.RCCEx_PLL3_Config
                0x0800a414       0xf4 ../../../../DaisyExamples/libDaisy//build\libdaisy.a(stm32h7xx_hal_rcc_ex.o)
 .text.HAL_RCCEx_PeriphCLKConfig
                0x0800a508      0xa7c ../../../../DaisyExamples/libDaisy//build\libdaisy.a(stm32h7xx_hal_rcc_ex.o)
                0x0800a508                HAL_RCCEx_PeriphCLKConfig
 .text.HAL_RCCEx_GetD3PCLK1Freq
                0x0800af84       0x24 ../../../../DaisyExamples/libDaisy//build\libdaisy.a(stm32h7xx_hal_rcc_ex.o)
                0x0800af84                HAL_RCCEx_GetD3PCLK1Freq
 .text.HAL_RCCEx_GetPLL2ClockFreq
                0x0800afa8      0x17c ../../../../DaisyExamples/libDaisy//build\libdaisy.a(stm32h7xx_hal_rcc_ex.o)
                0x0800afa8                HAL_RCCEx_GetPLL2ClockFreq
 .text.HAL_RCCEx_GetPLL3ClockFreq
                0x0800b124      0x17c ../../../../DaisyExamples/libDaisy//build\libdaisy.a(stm32h7xx_hal_rcc_ex.o)
                0x0800b124                HAL_RCCEx_GetPLL3ClockFreq
 .text.HAL_RCCEx_GetPLL1ClockFreq
                0x0800b2a0      0x17c ../../../../DaisyExamples/libDaisy//build\libdaisy.a(stm32h7xx_hal_rcc_ex.o)
                0x0800b2a0                HAL_RCCEx_GetPLL1ClockFreq
 .text.HAL_RCCEx_GetPeriphCLKFreq
                0x0800b41c      0x198 ../../../../DaisyExamples/libDaisy//build\libdaisy.a(stm32h7xx_hal_rcc_ex.o)
                0x0800b41c                HAL_RCCEx_GetPeriphCLKFreq
 .text.HAL_RCCEx_GetD1SysClockFreq
                0x0800b5b4       0x2c ../../../../DaisyExamples/libDaisy//build\libdaisy.a(stm32h7xx_hal_rcc_ex.o)
                0x0800b5b4                HAL_RCCEx_GetD1SysClockFreq
 .text.HAL_SAI_Init.part.0
                0x0800b5e0      0x348 ../../../../DaisyExamples/libDaisy//build\libdaisy.a(stm32h7xx_hal_sai.o)
 .text.HAL_SAI_InitProtocol
                0x0800b928      0x178 ../../../../DaisyExamples/libDaisy//build\libdaisy.a(stm32h7xx_hal_sai.o)
                0x0800b928                HAL_SAI_InitProtocol
 .text.HAL_SAI_Transmit_DMA
                0x0800baa0      0x124 ../../../../DaisyExamples/libDaisy//build\libdaisy.a(stm32h7xx_hal_sai.o)
                0x0800baa0                HAL_SAI_Transmit_DMA
 .text.HAL_SAI_Receive_DMA
                0x0800bbc4       0xd0 ../../../../DaisyExamples/libDaisy//build\libdaisy.a(stm32h7xx_hal_sai.o)
                0x0800bbc4                HAL_SAI_Receive_DMA
 .text.HAL_SAI_TxCpltCallback
                0x0800bc94        0x4 ../../../../DaisyExamples/libDaisy//build\libdaisy.a(stm32h7xx_hal_sai.o)
                0x0800bc94                HAL_SAI_TxCpltCallback
 .text.SAI_DMATxCplt
                0x0800bc98       0x64 ../../../../DaisyExamples/libDaisy//build\libdaisy.a(stm32h7xx_hal_sai.o)
 .text.HAL_SAI_TxHalfCpltCallback
                0x0800bcfc        0x4 ../../../../DaisyExamples/libDaisy//build\libdaisy.a(stm32h7xx_hal_sai.o)
                0x0800bcfc                HAL_SAI_TxHalfCpltCallback
 .text.SAI_DMATxHalfCplt
                0x0800bd00        0xc ../../../../DaisyExamples/libDaisy//build\libdaisy.a(stm32h7xx_hal_sai.o)
 .text.SAI_DMARxCplt
                0x0800bd0c       0x64 ../../../../DaisyExamples/libDaisy//build\libdaisy.a(stm32h7xx_hal_sai.o)
 .text.SAI_DMARxHalfCplt
                0x0800bd70        0xc ../../../../DaisyExamples/libDaisy//build\libdaisy.a(stm32h7xx_hal_sai.o)
 .text.HAL_SAI_ErrorCallback
                0x0800bd7c        0x4 ../../../../DaisyExamples/libDaisy//build\libdaisy.a(stm32h7xx_hal_sai.o)
                0x0800bd7c                HAL_SAI_ErrorCallback
 .text.SAI_DMAError
                0x0800bd80       0x6c ../../../../DaisyExamples/libDaisy//build\libdaisy.a(stm32h7xx_hal_sai.o)
 .text.HAL_SDRAM_Init
                0x0800bdec       0x54 ../../../../DaisyExamples/libDaisy//build\libdaisy.a(stm32h7xx_hal_sdram.o)
                0x0800bdec                HAL_SDRAM_Init
 .text.HAL_SDRAM_SendCommand
                0x0800be40       0x40 ../../../../DaisyExamples/libDaisy//build\libdaisy.a(stm32h7xx_hal_sdram.o)
                0x0800be40                HAL_SDRAM_SendCommand
 .text.HAL_SDRAM_ProgramRefreshRate
                0x0800be80       0x30 ../../../../DaisyExamples/libDaisy//build\libdaisy.a(stm32h7xx_hal_sdram.o)
                0x0800be80                HAL_SDRAM_ProgramRefreshRate
 .text.HAL_TIM_Base_Init
                0x0800beb0      0x140 ../../../../DaisyExamples/libDaisy//build\libdaisy.a(stm32h7xx_hal_tim.o)
                0x0800beb0                HAL_TIM_Base_Init
 .text.HAL_TIM_Base_Start
                0x0800bff0       0x34 ../../../../DaisyExamples/libDaisy//build\libdaisy.a(stm32h7xx_hal_tim.o)
                0x0800bff0                HAL_TIM_Base_Start
 .text.HAL_TIM_Base_Start_IT
                0x0800c024       0x2c ../../../../DaisyExamples/libDaisy//build\libdaisy.a(stm32h7xx_hal_tim.o)
                0x0800c024                HAL_TIM_Base_Start_IT
 .text.HAL_TIM_ConfigClockSource
                0x0800c050      0x17c ../../../../DaisyExamples/libDaisy//build\libdaisy.a(stm32h7xx_hal_tim.o)
                0x0800c050                HAL_TIM_ConfigClockSource
 .text.HAL_TIM_OC_DelayElapsedCallback
                0x0800c1cc        0x4 ../../../../DaisyExamples/libDaisy//build\libdaisy.a(stm32h7xx_hal_tim.o)
                0x0800c1cc                HAL_TIM_OC_DelayElapsedCallback
 .text.HAL_TIM_IC_CaptureCallback
                0x0800c1d0        0x4 ../../../../DaisyExamples/libDaisy//build\libdaisy.a(stm32h7xx_hal_tim.o)
                0x0800c1d0                HAL_TIM_IC_CaptureCallback
 .text.HAL_TIM_PWM_PulseFinishedCallback
                0x0800c1d4        0x4 ../../../../DaisyExamples/libDaisy//build\libdaisy.a(stm32h7xx_hal_tim.o)
                0x0800c1d4                HAL_TIM_PWM_PulseFinishedCallback
 .text.HAL_TIM_TriggerCallback
                0x0800c1d8        0x4 ../../../../DaisyExamples/libDaisy//build\libdaisy.a(stm32h7xx_hal_tim.o)
                0x0800c1d8                HAL_TIM_TriggerCallback
 .text.HAL_TIM_IRQHandler
                0x0800c1dc      0x170 ../../../../DaisyExamples/libDaisy//build\libdaisy.a(stm32h7xx_hal_tim.o)
                0x0800c1dc                HAL_TIM_IRQHandler
 .text.HAL_TIMEx_MasterConfigSynchronization
                0x0800c34c       0x64 ../../../../DaisyExamples/libDaisy//build\libdaisy.a(stm32h7xx_hal_tim_ex.o)
                0x0800c34c                HAL_TIMEx_MasterConfigSynchronization
 .text.HAL_TIMEx_CommutCallback
                0x0800c3b0        0x4 ../../../../DaisyExamples/libDaisy//build\libdaisy.a(stm32h7xx_hal_tim_ex.o)
                0x0800c3b0                HAL_TIMEx_CommutCallback
 .text.HAL_TIMEx_BreakCallback
                0x0800c3b4        0x4 ../../../../DaisyExamples/libDaisy//build\libdaisy.a(stm32h7xx_hal_tim_ex.o)
                0x0800c3b4                HAL_TIMEx_BreakCallback
 .text.HAL_TIMEx_Break2Callback
                0x0800c3b8        0x4 ../../../../DaisyExamples/libDaisy//build\libdaisy.a(stm32h7xx_hal_tim_ex.o)
                0x0800c3b8                HAL_TIMEx_Break2Callback
 .text.FMC_SDRAM_Init
                0x0800c3bc       0x7c ../../../../DaisyExamples/libDaisy//build\libdaisy.a(stm32h7xx_ll_fmc.o)
                0x0800c3bc                FMC_SDRAM_Init
 .text.FMC_SDRAM_Timing_Init
                0x0800c438       0x98 ../../../../DaisyExamples/libDaisy//build\libdaisy.a(stm32h7xx_ll_fmc.o)
                0x0800c438                FMC_SDRAM_Timing_Init
 .text.FMC_SDRAM_SendCommand
                0x0800c4d0       0x28 ../../../../DaisyExamples/libDaisy//build\libdaisy.a(stm32h7xx_ll_fmc.o)
                0x0800c4d0                FMC_SDRAM_SendCommand
 .text.FMC_SDRAM_ProgramRefreshRate
                0x0800c4f8       0x1c ../../../../DaisyExamples/libDaisy//build\libdaisy.a(stm32h7xx_ll_fmc.o)
                0x0800c4f8                FMC_SDRAM_ProgramRefreshRate
 .text.USB_SetTurnaroundTime
                0x0800c514      0x104 ../../../../DaisyExamples/libDaisy//build\libdaisy.a(stm32h7xx_ll_usb.o)
                0x0800c514                USB_SetTurnaroundTime
 .text.USB_FlushTxFifo
                0x0800c618       0x34 ../../../../DaisyExamples/libDaisy//build\libdaisy.a(stm32h7xx_ll_usb.o)
                0x0800c618                USB_FlushTxFifo
 .text.USB_GetDevSpeed
                0x0800c64c       0x24 ../../../../DaisyExamples/libDaisy//build\libdaisy.a(stm32h7xx_ll_usb.o)
                0x0800c64c                USB_GetDevSpeed
 .text.USB_ActivateEndpoint
                0x0800c670       0x90 ../../../../DaisyExamples/libDaisy//build\libdaisy.a(stm32h7xx_ll_usb.o)
                0x0800c670                USB_ActivateEndpoint
 .text.USB_EPStartXfer
                0x0800c700      0x230 ../../../../DaisyExamples/libDaisy//build\libdaisy.a(stm32h7xx_ll_usb.o)
                0x0800c700                USB_EPStartXfer
 .text.USB_EP0StartXfer
                0x0800c930      0x174 ../../../../DaisyExamples/libDaisy//build\libdaisy.a(stm32h7xx_ll_usb.o)
                0x0800c930                USB_EP0StartXfer
 .text.USB_WritePacket
                0x0800caa4       0x2c ../../../../DaisyExamples/libDaisy//build\libdaisy.a(stm32h7xx_ll_usb.o)
                0x0800caa4                USB_WritePacket
 .text.USB_ReadPacket
                0x0800cad0       0x20 ../../../../DaisyExamples/libDaisy//build\libdaisy.a(stm32h7xx_ll_usb.o)
                0x0800cad0                USB_ReadPacket
 .text.USB_EPSetStall
                0x0800caf0       0x68 ../../../../DaisyExamples/libDaisy//build\libdaisy.a(stm32h7xx_ll_usb.o)
                0x0800caf0                USB_EPSetStall
 .text.USB_EPClearStall
                0x0800cb58       0x58 ../../../../DaisyExamples/libDaisy//build\libdaisy.a(stm32h7xx_ll_usb.o)
                0x0800cb58                USB_EPClearStall
 .text.USB_SetDevAddress
                0x0800cbb0       0x24 ../../../../DaisyExamples/libDaisy//build\libdaisy.a(stm32h7xx_ll_usb.o)
                0x0800cbb0                USB_SetDevAddress
 .text.USB_ReadInterrupts
                0x0800cbd4       0x14 ../../../../DaisyExamples/libDaisy//build\libdaisy.a(stm32h7xx_ll_usb.o)
                0x0800cbd4                USB_ReadInterrupts
 .text.USB_ReadDevAllOutEpInterrupt
                0x0800cbe8       0x1c ../../../../DaisyExamples/libDaisy//build\libdaisy.a(stm32h7xx_ll_usb.o)
                0x0800cbe8                USB_ReadDevAllOutEpInterrupt
 .text.USB_ReadDevAllInEpInterrupt
                0x0800cc04       0x1c ../../../../DaisyExamples/libDaisy//build\libdaisy.a(stm32h7xx_ll_usb.o)
                0x0800cc04                USB_ReadDevAllInEpInterrupt
 .text.USB_ReadDevOutEPInterrupt
                0x0800cc20       0x1c ../../../../DaisyExamples/libDaisy//build\libdaisy.a(stm32h7xx_ll_usb.o)
                0x0800cc20                USB_ReadDevOutEPInterrupt
 .text.USB_ReadDevInEPInterrupt
                0x0800cc3c       0x38 ../../../../DaisyExamples/libDaisy//build\libdaisy.a(stm32h7xx_ll_usb.o)
                0x0800cc3c                USB_ReadDevInEPInterrupt
 .text.USB_GetMode
                0x0800cc74        0x8 ../../../../DaisyExamples/libDaisy//build\libdaisy.a(stm32h7xx_ll_usb.o)
                0x0800cc74                USB_GetMode
 .text.USB_ActivateSetup
                0x0800cc7c       0x38 ../../../../DaisyExamples/libDaisy//build\libdaisy.a(stm32h7xx_ll_usb.o)
                0x0800cc7c                USB_ActivateSetup
 .text.USB_EP0_OutStart
                0x0800ccb4       0x58 ../../../../DaisyExamples/libDaisy//build\libdaisy.a(stm32h7xx_ll_usb.o)
                0x0800ccb4                USB_EP0_OutStart
 .text.USB_InitFSLSPClkSel
                0x0800cd0c       0x44 ../../../../DaisyExamples/libDaisy//build\libdaisy.a(stm32h7xx_ll_usb.o)
                0x0800cd0c                USB_InitFSLSPClkSel
 .text.USB_HC_ReadInterrupt
                0x0800cd50        0x8 ../../../../DaisyExamples/libDaisy//build\libdaisy.a(stm32h7xx_ll_usb.o)
                0x0800cd50                USB_HC_ReadInterrupt
 .text.USB_HC_Halt
                0x0800cd58       0xc0 ../../../../DaisyExamples/libDaisy//build\libdaisy.a(stm32h7xx_ll_usb.o)
                0x0800cd58                USB_HC_Halt
 .text.USB_StopHost
                0x0800ce18      0x2ec ../../../../DaisyExamples/libDaisy//build\libdaisy.a(stm32h7xx_ll_usb.o)
                0x0800ce18                USB_StopHost
 .text.USBD_SetClassConfig
                0x0800d104       0x14 ../../../../DaisyExamples/libDaisy//build\libdaisy.a(usbd_core.o)
                0x0800d104                USBD_SetClassConfig
 .text.USBD_ClrClassConfig
                0x0800d118       0x10 ../../../../DaisyExamples/libDaisy//build\libdaisy.a(usbd_core.o)
                0x0800d118                USBD_ClrClassConfig
 .text.USBD_LL_SetupStage
                0x0800d128       0x5c ../../../../DaisyExamples/libDaisy//build\libdaisy.a(usbd_core.o)
                0x0800d128                USBD_LL_SetupStage
 .text.USBD_LL_DataOutStage
                0x0800d184       0x7c ../../../../DaisyExamples/libDaisy//build\libdaisy.a(usbd_core.o)
                0x0800d184                USBD_LL_DataOutStage
 .text.USBD_LL_DataInStage
                0x0800d200       0xcc ../../../../DaisyExamples/libDaisy//build\libdaisy.a(usbd_core.o)
                0x0800d200                USBD_LL_DataInStage
 .text.USBD_LL_Reset
                0x0800d2cc       0x50 ../../../../DaisyExamples/libDaisy//build\libdaisy.a(usbd_core.o)
                0x0800d2cc                USBD_LL_Reset
 .text.USBD_LL_SetSpeed
                0x0800d31c        0x8 ../../../../DaisyExamples/libDaisy//build\libdaisy.a(usbd_core.o)
                0x0800d31c                USBD_LL_SetSpeed
 .text.USBD_LL_Suspend
                0x0800d324       0x14 ../../../../DaisyExamples/libDaisy//build\libdaisy.a(usbd_core.o)
                0x0800d324                USBD_LL_Suspend
 .text.USBD_LL_Resume
                0x0800d338       0x10 ../../../../DaisyExamples/libDaisy//build\libdaisy.a(usbd_core.o)
                0x0800d338                USBD_LL_Resume
 .text.USBD_LL_SOF
                0x0800d348       0x1c ../../../../DaisyExamples/libDaisy//build\libdaisy.a(usbd_core.o)
                0x0800d348                USBD_LL_SOF
 .text.USBD_LL_IsoINIncomplete
                0x0800d364        0x4 ../../../../DaisyExamples/libDaisy//build\libdaisy.a(usbd_core.o)
                0x0800d364                USBD_LL_IsoINIncomplete
 .text.USBD_LL_IsoOUTIncomplete
                0x0800d368        0x4 ../../../../DaisyExamples/libDaisy//build\libdaisy.a(usbd_core.o)
                0x0800d368                USBD_LL_IsoOUTIncomplete
 .text.USBD_LL_DevConnected
                0x0800d36c        0x4 ../../../../DaisyExamples/libDaisy//build\libdaisy.a(usbd_core.o)
                0x0800d36c                USBD_LL_DevConnected
 .text.USBD_LL_DevDisconnected
                0x0800d370       0x18 ../../../../DaisyExamples/libDaisy//build\libdaisy.a(usbd_core.o)
                0x0800d370                USBD_LL_DevDisconnected
 .text.USBD_StdDevReq
                0x0800d388      0x304 ../../../../DaisyExamples/libDaisy//build\libdaisy.a(usbd_ctlreq.o)
                0x0800d388                USBD_StdDevReq
 .text.USBD_StdItfReq
                0x0800d68c       0x68 ../../../../DaisyExamples/libDaisy//build\libdaisy.a(usbd_ctlreq.o)
                0x0800d68c                USBD_StdItfReq
 .text.USBD_StdEPReq
                0x0800d6f4      0x13c ../../../../DaisyExamples/libDaisy//build\libdaisy.a(usbd_ctlreq.o)
                0x0800d6f4                USBD_StdEPReq
 .text.USBD_ParseSetupRequest
                0x0800d830       0x28 ../../../../DaisyExamples/libDaisy//build\libdaisy.a(usbd_ctlreq.o)
                0x0800d830                USBD_ParseSetupRequest
 .text.USBD_CtlSendData
                0x0800d858       0x1c ../../../../DaisyExamples/libDaisy//build\libdaisy.a(usbd_ioreq.o)
                0x0800d858                USBD_CtlSendData
 .text.USBD_CtlContinueSendData
                0x0800d874       0x14 ../../../../DaisyExamples/libDaisy//build\libdaisy.a(usbd_ioreq.o)
                0x0800d874                USBD_CtlContinueSendData
 .text.USBD_CtlContinueRx
                0x0800d888       0x14 ../../../../DaisyExamples/libDaisy//build\libdaisy.a(usbd_ioreq.o)
                0x0800d888                USBD_CtlContinueRx
 .text.USBD_CtlSendStatus
                0x0800d89c       0x18 ../../../../DaisyExamples/libDaisy//build\libdaisy.a(usbd_ioreq.o)
                0x0800d89c                USBD_CtlSendStatus
 .text.USBD_CtlReceiveStatus
                0x0800d8b4       0x18 ../../../../DaisyExamples/libDaisy//build\libdaisy.a(usbd_ioreq.o)
                0x0800d8b4                USBD_CtlReceiveStatus
 .text.USBH_LL_IncTimer
                0x0800d8cc       0x20 ../../../../DaisyExamples/libDaisy//build\libdaisy.a(usbh_core.o)
                0x0800d8cc                USBH_LL_IncTimer
 .text.USBH_LL_PortEnabled
                0x0800d8ec        0x8 ../../../../DaisyExamples/libDaisy//build\libdaisy.a(usbh_core.o)
                0x0800d8ec                USBH_LL_PortEnabled
 .text.USBH_LL_PortDisabled
                0x0800d8f4        0x8 ../../../../DaisyExamples/libDaisy//build\libdaisy.a(usbh_core.o)
                0x0800d8f4                USBH_LL_PortDisabled
 .text.USBH_LL_Connect
                0x0800d8fc       0x18 ../../../../DaisyExamples/libDaisy//build\libdaisy.a(usbh_core.o)
                0x0800d8fc                USBH_LL_Connect
 .text.USBH_LL_Disconnect
                0x0800d914       0x2c ../../../../DaisyExamples/libDaisy//build\libdaisy.a(usbh_core.o)
                0x0800d914                USBH_LL_Disconnect
 .text.USBH_FreePipe
                0x0800d940       0x18 ../../../../DaisyExamples/libDaisy//build\libdaisy.a(usbh_pipes.o)
                0x0800d940                USBH_FreePipe
 .text._ZN5daisy6Random4InitEv
                0x0800d958       0x3c ../../../../DaisyExamples/libDaisy//build\libdaisy.a(rng.o)
                0x0800d958                daisy::Random::Init()
 .text._ZN5daisy9SpiHandle4Impl7InitDmaEv
                0x0800d994       0xec ../../../../DaisyExamples/libDaisy//build\libdaisy.a(spi.o)
                0x0800d994                daisy::SpiHandle::Impl::InitDma()
 .text._ZN5daisy9SpiHandle4Impl10StartDmaTxEPhjPFvPvEPFvS3_NS0_6ResultEES3_
                0x0800da80       0xc8 ../../../../DaisyExamples/libDaisy//build\libdaisy.a(spi.o)
                0x0800da80                daisy::SpiHandle::Impl::StartDmaTx(unsigned char*, unsigned int, void (*)(void*), void (*)(void*, daisy::SpiHandle::Result), void*)
 .text._ZN5daisy9SpiHandle4Impl10StartDmaRxEPhjPFvPvEPFvS3_NS0_6ResultEES3_
                0x0800db48       0xc8 ../../../../DaisyExamples/libDaisy//build\libdaisy.a(spi.o)
                0x0800db48                daisy::SpiHandle::Impl::StartDmaRx(unsigned char*, unsigned int, void (*)(void*), void (*)(void*, daisy::SpiHandle::Result), void*)
 .text._ZN5daisy9SpiHandle4Impl12StartDmaRxTxEPhS2_jPFvPvEPFvS3_NS0_6ResultEES3_
                0x0800dc10       0xcc ../../../../DaisyExamples/libDaisy//build\libdaisy.a(spi.o)
                0x0800dc10                daisy::SpiHandle::Impl::StartDmaRxTx(unsigned char*, unsigned char*, unsigned int, void (*)(void*), void (*)(void*, daisy::SpiHandle::Result), void*)
 .text._ZN5daisy9SpiHandle4Impl8InitPinsEv
                0x0800dcdc      0x274 ../../../../DaisyExamples/libDaisy//build\libdaisy.a(spi.o)
                0x0800dcdc                daisy::SpiHandle::Impl::InitPins()
 .text.HAL_SPI_MspInit
                0x0800df50      0x1a8 ../../../../DaisyExamples/libDaisy//build\libdaisy.a(spi.o)
                0x0800df50                HAL_SPI_MspInit
 .text.dsy_spi_global_init
                0x0800e0f8       0x80 ../../../../DaisyExamples/libDaisy//build\libdaisy.a(spi.o)
                0x0800e0f8                dsy_spi_global_init
 .text.SPI1_IRQHandler
                0x0800e178        0xc ../../../../DaisyExamples/libDaisy//build\libdaisy.a(spi.o)
                0x0800e178                SPI1_IRQHandler
 .text.SPI2_IRQHandler
                0x0800e184        0xc ../../../../DaisyExamples/libDaisy//build\libdaisy.a(spi.o)
                0x0800e184                SPI2_IRQHandler
 .text.SPI3_IRQHandler
                0x0800e190        0xc ../../../../DaisyExamples/libDaisy//build\libdaisy.a(spi.o)
                0x0800e190                SPI3_IRQHandler
 .text.SPI4_IRQHandler
                0x0800e19c        0xc ../../../../DaisyExamples/libDaisy//build\libdaisy.a(spi.o)
                0x0800e19c                SPI4_IRQHandler
 .text.SPI5_IRQHandler
                0x0800e1a8        0xc ../../../../DaisyExamples/libDaisy//build\libdaisy.a(spi.o)
                0x0800e1a8                SPI5_IRQHandler
 .text.DMA2_Stream2_IRQHandler
                0x0800e1b4       0x34 ../../../../DaisyExamples/libDaisy//build\libdaisy.a(spi.o)
                0x0800e1b4                DMA2_Stream2_IRQHandler
 .text.DMA2_Stream3_IRQHandler
                0x0800e1e8       0x38 ../../../../DaisyExamples/libDaisy//build\libdaisy.a(spi.o)
                0x0800e1e8                DMA2_Stream3_IRQHandler
 .text.HAL_SPI_TxCpltCallback
                0x0800e220       0xc4 ../../../../DaisyExamples/libDaisy//build\libdaisy.a(spi.o)
                0x0800e220                HAL_SPI_TxCpltCallback
 .text.HAL_SPI_RxCpltCallback
                0x0800e2e4       0xc4 ../../../../DaisyExamples/libDaisy//build\libdaisy.a(spi.o)
                0x0800e2e4                HAL_SPI_RxCpltCallback
 .text.HAL_SPI_TxRxCpltCallback
                0x0800e3a8       0xc4 ../../../../DaisyExamples/libDaisy//build\libdaisy.a(spi.o)
                0x0800e3a8                HAL_SPI_TxRxCpltCallback
 .text.HAL_SPI_ErrorCallback
                0x0800e46c       0xc8 ../../../../DaisyExamples/libDaisy//build\libdaisy.a(spi.o)
                0x0800e46c                HAL_SPI_ErrorCallback
 .text.startup._GLOBAL__sub_I__Z19MapInstanceToHandleP11SPI_TypeDef
                0x0800e534      0x1b0 ../../../../DaisyExamples/libDaisy//build\libdaisy.a(spi.o)
 .text.HAL_TIM_Base_MspInit
                0x0800e6e4      0x1e0 ../../../../DaisyExamples/libDaisy//build\libdaisy.a(tim.o)
                0x0800e6e4                HAL_TIM_Base_MspInit
 .text.HAL_TIM_PeriodElapsedCallback
                0x0800e8c4       0x44 ../../../../DaisyExamples/libDaisy//build\libdaisy.a(tim.o)
                0x0800e8c4                HAL_TIM_PeriodElapsedCallback
 .text.TIM2_IRQHandler
                0x0800e908        0xc ../../../../DaisyExamples/libDaisy//build\libdaisy.a(tim.o)
                0x0800e908                TIM2_IRQHandler
 .text.TIM3_IRQHandler
                0x0800e914        0xc ../../../../DaisyExamples/libDaisy//build\libdaisy.a(tim.o)
                0x0800e914                TIM3_IRQHandler
 .text.TIM4_IRQHandler
                0x0800e920        0xc ../../../../DaisyExamples/libDaisy//build\libdaisy.a(tim.o)
                0x0800e920                TIM4_IRQHandler
 .text.TIM5_IRQHandler
                0x0800e92c        0xc ../../../../DaisyExamples/libDaisy//build\libdaisy.a(tim.o)
                0x0800e92c                TIM5_IRQHandler
 .text._ZN5daisy11TimerHandle4InitERKNS0_6ConfigE
                0x0800e938       0xd0 ../../../../DaisyExamples/libDaisy//build\libdaisy.a(tim.o)
                0x0800e938                daisy::TimerHandle::Init(daisy::TimerHandle::Config const&)
 .text._ZN5daisy11TimerHandle5StartEv
                0x0800ea08       0x24 ../../../../DaisyExamples/libDaisy//build\libdaisy.a(tim.o)
                0x0800ea08                daisy::TimerHandle::Start()
 .text.startup._GLOBAL__sub_I__ZN5daisy11TimerHandle4Impl4InitERKNS0_6ConfigE
                0x0800ea2c       0x38 ../../../../DaisyExamples/libDaisy//build\libdaisy.a(tim.o)
 .text._ZL20UART_CheckRxListenerPN5daisy11UartHandler4ImplE
                0x0800ea64       0x84 ../../../../DaisyExamples/libDaisy//build\libdaisy.a(uart.o)
 .text._ZN5daisy11UartHandler4Impl10StartDmaTxEPhjPFvPvEPFvS3_NS0_6ResultEES3_
                0x0800eae8      0x184 ../../../../DaisyExamples/libDaisy//build\libdaisy.a(uart.o)
                0x0800eae8                daisy::UartHandler::Impl::StartDmaTx(unsigned char*, unsigned int, void (*)(void*), void (*)(void*, daisy::UartHandler::Result), void*)
 .text._ZN5daisy11UartHandler4Impl10StartDmaRxEPhjPFvPvEPFvS3_NS0_6ResultEES3_
                0x0800ec6c      0x184 ../../../../DaisyExamples/libDaisy//build\libdaisy.a(uart.o)
                0x0800ec6c                daisy::UartHandler::Impl::StartDmaRx(unsigned char*, unsigned int, void (*)(void*), void (*)(void*, daisy::UartHandler::Result), void*)
 .text._ZN5daisy11UartHandler4Impl19DmaTransferFinishedEP20__UART_HandleTypeDefNS0_6ResultE
                0x0800edf0       0xc0 ../../../../DaisyExamples/libDaisy//build\libdaisy.a(uart.o)
                0x0800edf0                daisy::UartHandler::Impl::DmaTransferFinished(__UART_HandleTypeDef*, daisy::UartHandler::Result)
 .text._ZN5daisy11UartHandler4Impl8InitPinsEv
                0x0800eeb0      0x154 ../../../../DaisyExamples/libDaisy//build\libdaisy.a(uart.o)
                0x0800eeb0                daisy::UartHandler::Impl::InitPins()
 .text.HAL_UART_MspInit
                0x0800f004      0x210 ../../../../DaisyExamples/libDaisy//build\libdaisy.a(uart.o)
                0x0800f004                HAL_UART_MspInit
 .text.dsy_uart_global_init
                0x0800f214      0x110 ../../../../DaisyExamples/libDaisy//build\libdaisy.a(uart.o)
                0x0800f214                dsy_uart_global_init
 .text.USART1_IRQHandler
                0x0800f324       0x2c ../../../../DaisyExamples/libDaisy//build\libdaisy.a(uart.o)
                0x0800f324                USART1_IRQHandler
 .text.USART2_IRQHandler
                0x0800f350       0x34 ../../../../DaisyExamples/libDaisy//build\libdaisy.a(uart.o)
                0x0800f350                USART2_IRQHandler
 .text.USART3_IRQHandler
                0x0800f384       0x34 ../../../../DaisyExamples/libDaisy//build\libdaisy.a(uart.o)
                0x0800f384                USART3_IRQHandler
 .text.UART4_IRQHandler
                0x0800f3b8       0x34 ../../../../DaisyExamples/libDaisy//build\libdaisy.a(uart.o)
                0x0800f3b8                UART4_IRQHandler
 .text.UART5_IRQHandler
                0x0800f3ec       0x34 ../../../../DaisyExamples/libDaisy//build\libdaisy.a(uart.o)
                0x0800f3ec                UART5_IRQHandler
 .text.USART6_IRQHandler
                0x0800f420       0x34 ../../../../DaisyExamples/libDaisy//build\libdaisy.a(uart.o)
                0x0800f420                USART6_IRQHandler
 .text.UART7_IRQHandler
                0x0800f454       0x34 ../../../../DaisyExamples/libDaisy//build\libdaisy.a(uart.o)
                0x0800f454                UART7_IRQHandler
 .text.UART8_IRQHandler
                0x0800f488       0x34 ../../../../DaisyExamples/libDaisy//build\libdaisy.a(uart.o)
                0x0800f488                UART8_IRQHandler
 .text.LPUART1_IRQHandler
                0x0800f4bc       0x34 ../../../../DaisyExamples/libDaisy//build\libdaisy.a(uart.o)
                0x0800f4bc                LPUART1_IRQHandler
 .text.DMA1_Stream5_IRQHandler
                0x0800f4f0       0x34 ../../../../DaisyExamples/libDaisy//build\libdaisy.a(uart.o)
                0x0800f4f0                DMA1_Stream5_IRQHandler
 .text.DMA2_Stream4_IRQHandler
                0x0800f524       0x38 ../../../../DaisyExamples/libDaisy//build\libdaisy.a(uart.o)
                0x0800f524                DMA2_Stream4_IRQHandler
 .text.HAL_UART_TxCpltCallback
                0x0800f55c        0x8 ../../../../DaisyExamples/libDaisy//build\libdaisy.a(uart.o)
                0x0800f55c                HAL_UART_TxCpltCallback
 .text.HAL_UART_RxCpltCallback
                0x0800f564       0x94 ../../../../DaisyExamples/libDaisy//build\libdaisy.a(uart.o)
                0x0800f564                HAL_UART_RxCpltCallback
 .text.HAL_UART_RxHalfCpltCallback
                0x0800f5f8       0x90 ../../../../DaisyExamples/libDaisy//build\libdaisy.a(uart.o)
                0x0800f5f8                HAL_UART_RxHalfCpltCallback
 .text.HAL_UART_ErrorCallback
                0x0800f688        0x8 ../../../../DaisyExamples/libDaisy//build\libdaisy.a(uart.o)
                0x0800f688                HAL_UART_ErrorCallback
 .text.startup._GLOBAL__sub_I__Z19MapInstanceToHandleP13USART_TypeDef
                0x0800f690      0x194 ../../../../DaisyExamples/libDaisy//build\libdaisy.a(uart.o)
 .text.dsy_dma_init
                0x0800f824      0x100 ../../../../DaisyExamples/libDaisy//build\libdaisy.a(dma.o)
                0x0800f824                dsy_dma_init
 .text.dsy_dma_invalidate_cache_for_buffer
                0x0800f924       0x2c ../../../../DaisyExamples/libDaisy//build\libdaisy.a(dma.o)
                0x0800f924                dsy_dma_invalidate_cache_for_buffer
 .text.HAL_MDMA_Abort_IT
                0x0800f950       0x2c ../../../../DaisyExamples/libDaisy//build\libdaisy.a(stm32h7xx_hal_mdma.o)
                0x0800f950                HAL_MDMA_Abort_IT
 .text.SPI_CloseTransfer
                0x0800f97c       0xb8 ../../../../DaisyExamples/libDaisy//build\libdaisy.a(stm32h7xx_hal_spi.o)
 .text.HAL_SPI_Init
                0x0800fa34      0x15c ../../../../DaisyExamples/libDaisy//build\libdaisy.a(stm32h7xx_hal_spi.o)
                0x0800fa34                HAL_SPI_Init
 .text.HAL_SPI_Transmit_DMA
                0x0800fb90      0x170 ../../../../DaisyExamples/libDaisy//build\libdaisy.a(stm32h7xx_hal_spi.o)
                0x0800fb90                HAL_SPI_Transmit_DMA
 .text.HAL_SPI_TransmitReceive_DMA
                0x0800fd00      0x218 ../../../../DaisyExamples/libDaisy//build\libdaisy.a(stm32h7xx_hal_spi.o)
                0x0800fd00                HAL_SPI_TransmitReceive_DMA
 .text.HAL_SPI_Receive_DMA
                0x0800ff18      0x1b4 ../../../../DaisyExamples/libDaisy//build\libdaisy.a(stm32h7xx_hal_spi.o)
                0x0800ff18                HAL_SPI_Receive_DMA
 .text.SPI_DMATransmitCplt
                0x080100cc       0x28 ../../../../DaisyExamples/libDaisy//build\libdaisy.a(stm32h7xx_hal_spi.o)
 .text.SPI_DMAReceiveCplt
                0x080100f4       0x28 ../../../../DaisyExamples/libDaisy//build\libdaisy.a(stm32h7xx_hal_spi.o)
 .text.SPI_DMATransmitReceiveCplt
                0x0801011c       0x28 ../../../../DaisyExamples/libDaisy//build\libdaisy.a(stm32h7xx_hal_spi.o)
 .text.HAL_SPI_TxHalfCpltCallback
                0x08010144        0x4 ../../../../DaisyExamples/libDaisy//build\libdaisy.a(stm32h7xx_hal_spi.o)
                0x08010144                HAL_SPI_TxHalfCpltCallback
 .text.SPI_DMAHalfTransmitCplt
                0x08010148        0xc ../../../../DaisyExamples/libDaisy//build\libdaisy.a(stm32h7xx_hal_spi.o)
 .text.HAL_SPI_RxHalfCpltCallback
                0x08010154        0x4 ../../../../DaisyExamples/libDaisy//build\libdaisy.a(stm32h7xx_hal_spi.o)
                0x08010154                HAL_SPI_RxHalfCpltCallback
 .text.SPI_DMAHalfReceiveCplt
                0x08010158        0xc ../../../../DaisyExamples/libDaisy//build\libdaisy.a(stm32h7xx_hal_spi.o)
 .text.HAL_SPI_TxRxHalfCpltCallback
                0x08010164        0x4 ../../../../DaisyExamples/libDaisy//build\libdaisy.a(stm32h7xx_hal_spi.o)
                0x08010164                HAL_SPI_TxRxHalfCpltCallback
 .text.SPI_DMAHalfTransmitReceiveCplt
                0x08010168        0xc ../../../../DaisyExamples/libDaisy//build\libdaisy.a(stm32h7xx_hal_spi.o)
 .text.SPI_DMAError
                0x08010174       0xd8 ../../../../DaisyExamples/libDaisy//build\libdaisy.a(stm32h7xx_hal_spi.o)
 .text.HAL_SPI_IRQHandler
                0x0801024c      0x23c ../../../../DaisyExamples/libDaisy//build\libdaisy.a(stm32h7xx_hal_spi.o)
                0x0801024c                HAL_SPI_IRQHandler
 .text.SPI_DMAAbortOnError
                0x08010488       0x1c ../../../../DaisyExamples/libDaisy//build\libdaisy.a(stm32h7xx_hal_spi.o)
 .text.HAL_SPI_GetState
                0x080104a4        0x8 ../../../../DaisyExamples/libDaisy//build\libdaisy.a(stm32h7xx_hal_spi.o)
                0x080104a4                HAL_SPI_GetState
 .text.HAL_UART_Transmit_DMA
                0x080104ac       0xa4 ../../../../DaisyExamples/libDaisy//build\libdaisy.a(stm32h7xx_hal_uart.o)
                0x080104ac                HAL_UART_Transmit_DMA
 .text.HAL_UART_Receive_DMA
                0x08010550       0xac ../../../../DaisyExamples/libDaisy//build\libdaisy.a(stm32h7xx_hal_uart.o)
                0x08010550                HAL_UART_Receive_DMA
 .text.UART_DMATransmitCplt
                0x080105fc       0x2c ../../../../DaisyExamples/libDaisy//build\libdaisy.a(stm32h7xx_hal_uart.o)
 .text.HAL_UART_TxHalfCpltCallback
                0x08010628        0x4 ../../../../DaisyExamples/libDaisy//build\libdaisy.a(stm32h7xx_hal_uart.o)
                0x08010628                HAL_UART_TxHalfCpltCallback
 .text.UART_DMATxHalfCplt
                0x0801062c        0xc ../../../../DaisyExamples/libDaisy//build\libdaisy.a(stm32h7xx_hal_uart.o)
 .text.UART_DMAReceiveCplt