Archive member included to satisfy reference by file (symbol)

../../DaisyExamples/libDaisy//build\libdaisy.a(daisy_seed.o)
                              build/common_hello.o (daisy::DaisySeed::StartAudio(void (*)(float const* const*, float**, unsigned int)))
../../DaisyExamples/libDaisy//build\libdaisy.a(codec_ak4556.o)
                              ../../DaisyExamples/libDaisy//build\libdaisy.a(daisy_seed.o) (daisy::Ak4556::Init(dsy_gpio_pin))
../../DaisyExamples/libDaisy//build\libdaisy.a(codec_wm8731.o)
                              ../../DaisyExamples/libDaisy//build\libdaisy.a(daisy_seed.o) (daisy::Wm8731::Init(daisy::Wm8731::Config const&, daisy::I2CHandle))
../../DaisyExamples/libDaisy//build\libdaisy.a(sdram.o)
                              ../../DaisyExamples/libDaisy//build\libdaisy.a(daisy_seed.o) (SdramHandle::Init())
../../DaisyExamples/libDaisy//build\libdaisy.a(audio.o)
                              ../../DaisyExamples/libDaisy//build\libdaisy.a(daisy_seed.o) (daisy::AudioHandle::Init(daisy::AudioHandle::Config const&, daisy::SaiHandle))
../../DaisyExamples/libDaisy//build\libdaisy.a(adc.o)
                              build/common_hello.o (daisy::AdcChannelConfig::InitSingle(dsy_gpio_pin, daisy::AdcChannelConfig::ConversionSpeed))
../../DaisyExamples/libDaisy//build\libdaisy.a(gpio.o)
                              build/common_hello.o (daisy::GPIO::Init(daisy::Pin, daisy::GPIO::Mode, daisy::GPIO::Pull, daisy::GPIO::Speed))
../../DaisyExamples/libDaisy//build\libdaisy.a(i2c.o)
                              ../../DaisyExamples/libDaisy//build\libdaisy.a(daisy_seed.o) (daisy::I2CHandle::Init(daisy::I2CHandle::Config const&))
../../DaisyExamples/libDaisy//build\libdaisy.a(qspi.o)
                              ../../DaisyExamples/libDaisy//build\libdaisy.a(daisy_seed.o) (daisy::QSPIHandle::Init(daisy::QSPIHandle::Config const&))
../../DaisyExamples/libDaisy//build\libdaisy.a(sai.o)
                              ../../DaisyExamples/libDaisy//build\libdaisy.a(daisy_seed.o) (daisy::SaiHandle::Init(daisy::SaiHandle::Config const&))
../../DaisyExamples/libDaisy//build\libdaisy.a(system.o)
                              ../../DaisyExamples/libDaisy//build\libdaisy.a(daisy_seed.o) (daisy::System::DeInit())
../../DaisyExamples/libDaisy//build\libdaisy.a(system_stm32h7xx.o)
                              build/startup_stm32h750xx.o (SystemInit)
../../DaisyExamples/libDaisy//build\libdaisy.a(usbd_conf.o)
                              ../../DaisyExamples/libDaisy//build\libdaisy.a(system.o) (hpcd_USB_OTG_HS)
../../DaisyExamples/libDaisy//build\libdaisy.a(usbh_conf.o)
                              ../../DaisyExamples/libDaisy//build\libdaisy.a(system.o) (hhcd_USB_OTG_HS)
../../DaisyExamples/libDaisy//build\libdaisy.a(hal_map.o)
                              ../../DaisyExamples/libDaisy//build\libdaisy.a(gpio.o) (dsy_hal_map_get_port)
../../DaisyExamples/libDaisy//build\libdaisy.a(stm32h7xx_hal.o)
                              ../../DaisyExamples/libDaisy//build\libdaisy.a(system.o) (HAL_Init)
../../DaisyExamples/libDaisy//build\libdaisy.a(stm32h7xx_hal_adc.o)
                              ../../DaisyExamples/libDaisy//build\libdaisy.a(adc.o) (HAL_ADC_ConfigChannel)
../../DaisyExamples/libDaisy//build\libdaisy.a(stm32h7xx_hal_adc_ex.o)
                              ../../DaisyExamples/libDaisy//build\libdaisy.a(adc.o) (HAL_ADCEx_Calibration_Start)
../../DaisyExamples/libDaisy//build\libdaisy.a(stm32h7xx_hal_cortex.o)
                              ../../DaisyExamples/libDaisy//build\libdaisy.a(stm32h7xx_hal.o) (HAL_NVIC_SetPriorityGrouping)
../../DaisyExamples/libDaisy//build\libdaisy.a(stm32h7xx_hal_dma.o)
                              ../../DaisyExamples/libDaisy//build\libdaisy.a(adc.o) (HAL_DMA_Init)
../../DaisyExamples/libDaisy//build\libdaisy.a(stm32h7xx_hal_gpio.o)
                              ../../DaisyExamples/libDaisy//build\libdaisy.a(sdram.o) (HAL_GPIO_Init)
../../DaisyExamples/libDaisy//build\libdaisy.a(stm32h7xx_hal_hcd.o)
                              ../../DaisyExamples/libDaisy//build\libdaisy.a(usbh_conf.o) (HAL_HCD_HC_Init)
../../DaisyExamples/libDaisy//build\libdaisy.a(stm32h7xx_hal_i2c.o)
                              ../../DaisyExamples/libDaisy//build\libdaisy.a(i2c.o) (HAL_I2C_Init)
../../DaisyExamples/libDaisy//build\libdaisy.a(stm32h7xx_hal_i2c_ex.o)
                              ../../DaisyExamples/libDaisy//build\libdaisy.a(i2c.o) (HAL_I2CEx_ConfigAnalogFilter)
../../DaisyExamples/libDaisy//build\libdaisy.a(stm32h7xx_hal_pcd.o)
                              ../../DaisyExamples/libDaisy//build\libdaisy.a(usbd_conf.o) (HAL_PCD_Init)
../../DaisyExamples/libDaisy//build\libdaisy.a(stm32h7xx_hal_pcd_ex.o)
                              ../../DaisyExamples/libDaisy//build\libdaisy.a(usbd_conf.o) (HAL_PCDEx_SetTxFiFo)
../../DaisyExamples/libDaisy//build\libdaisy.a(stm32h7xx_hal_pwr_ex.o)
[...]
Memory Configuration

Name             Origin             Length             Attributes
FLASH            0x08000000         0x00020000         xr
DTCMRAM          0x20000000         0x00020000         xrw
SRAM             0x24000000         0x00080000         xrw
RAM_D2           0x30000000         0x00048000         xrw
RAM_D3           0x38000000         0x00010000         xrw
BACKUP_SRAM      0x38800000         0x00001000         xrw
ITCMRAM          0x00000000         0x00010000         xrw
SDRAM            0xc0000000         0x04000000         xrw
QSPIFLASH        0x90000000         0x00800000         xr
*default*        0x00000000         0xffffffff

Linker script and memory map

LOAD c:/program files/daisytoolchain/bin/../lib/gcc/arm-none-eabi/10.2.1/thumb/v7e-m+dp/hard/crti.o
LOAD c:/program files/daisytoolchain/bin/../lib/gcc/arm-none-eabi/10.2.1/thumb/v7e-m+dp/hard/crtbegin.o
LOAD c:/program files/daisytoolchain/bin/../lib/gcc/arm-none-eabi/10.2.1/../../../../arm-none-eabi/lib/thumb/v7e-m+dp/hard/crt0.o
LOAD build/startup_stm32h750xx.o
LOAD build/common_hello.o
LOAD ../../DaisyExamples/libDaisy//build\libdaisy.a
LOAD c:/program files/daisytoolchain/bin/../lib/gcc/arm-none-eabi/10.2.1/../../../../arm-none-eabi/lib/thumb/v7e-m+dp/hard\libnosys.a
LOAD ../../DaisyExamples/DaisySP//build\libdaisysp.a
LOAD c:/program files/daisytoolchain/bin/../lib/gcc/arm-none-eabi/10.2.1/../../../../arm-none-eabi/lib/thumb/v7e-m+dp/hard\libstdc++_nano.a
LOAD c:/program files/daisytoolchain/bin/../lib/gcc/arm-none-eabi/10.2.1/../../../../arm-none-eabi/lib/thumb/v7e-m+dp/hard\libm.a
LOAD c:/program files/daisytoolchain/bin/../lib/gcc/arm-none-eabi/10.2.1/../../../../arm-none-eabi/lib/thumb/v7e-m+dp/hard\libc_nano.a
START GROUP
LOAD c:/program files/daisytoolchain/bin/../lib/gcc/arm-none-eabi/10.2.1/thumb/v7e-m+dp/hard\libgcc.a
LOAD c:/program files/daisytoolchain/bin/../lib/gcc/arm-none-eabi/10.2.1/../../../../arm-none-eabi/lib/thumb/v7e-m+dp/hard\libc_nano.a
END GROUP
START GROUP
LOAD c:/program files/daisytoolchain/bin/../lib/gcc/arm-none-eabi/10.2.1/thumb/v7e-m+dp/hard\libgcc.a
LOAD c:/program files/daisytoolchain/bin/../lib/gcc/arm-none-eabi/10.2.1/../../../../arm-none-eabi/lib/thumb/v7e-m+dp/hard\libc_nano.a
LOAD c:/program files/daisytoolchain/bin/../lib/gcc/arm-none-eabi/10.2.1/../../../../arm-none-eabi/lib/thumb/v7e-m+dp/hard\libnosys.a
END GROUP
START GROUP
LOAD c:/program files/daisytoolchain/bin/../lib/gcc/arm-none-eabi/10.2.1/thumb/v7e-m+dp/hard\libgcc.a
LOAD c:/program files/daisytoolchain/bin/../lib/gcc/arm-none-eabi/10.2.1/../../../../arm-none-eabi/lib/thumb/v7e-m+dp/hard\libc_nano.a
LOAD c:/program files/daisytoolchain/bin/../lib/gcc/arm-none-eabi/10.2.1/../../../../arm-none-eabi/lib/thumb/v7e-m+dp/hard\libnosys.a
END GROUP
LOAD c:/program files/daisytoolchain/bin/../lib/gcc/arm-none-eabi/10.2.1/thumb/v7e-m+dp/hard/crtend.o
LOAD c:/program files/daisytoolchain/bin/../lib/gcc/arm-none-eabi/10.2.1/thumb/v7e-m+dp/hard/crtn.o
                0x20020000                _estack = 0x20020000

.isr_vector     0x08000000      0x298
                0x08000000                . = ALIGN (0x4)
 *(.isr_vector)
 .isr_vector    0x08000000      0x298 build/startup_stm32h750xx.o
                0x08000000                g_pfnVectors
                0x08000298                . = ALIGN (0x4)

.text           0x08000298    0x11f68
                0x08000298                . = ALIGN (0x4)
                0x08000298                _stext = .
 *(.text)
 .text          0x08000298       0x40 c:/program files/daisytoolchain/bin/../lib/gcc/arm-none-eabi/10.2.1/thumb/v7e-m+dp/hard/crtbegin.o
 .text          0x080002d8      0x378 c:/program files/daisytoolchain/bin/../lib/gcc/arm-none-eabi/10.2.1/thumb/v7e-m+dp/hard\libgcc.a(_arm_addsubdf3.o)
                0x080002d8                __aeabi_drsub
                0x080002e0                __aeabi_dsub
                0x080002e0                __subdf3
                0x080002e4                __aeabi_dadd
                0x080002e4                __adddf3
                0x0800055c                __floatunsidf
                0x0800055c                __aeabi_ui2d
                0x0800057c                __floatsidf
                0x0800057c                __aeabi_i2d
                0x080005a0                __aeabi_f2d
                0x080005a0                __extendsfdf2
                0x080005e4                __floatundidf
                0x080005e4                __aeabi_ul2d
                0x080005f4                __floatdidf
                0x080005f4                __aeabi_l2d
 .text          0x08000650       0x30 c:/program files/daisytoolchain/bin/../lib/gcc/arm-none-eabi/10.2.1/thumb/v7e-m+dp/hard\libgcc.a(_aeabi_uldivmod.o)
                0x08000650                __aeabi_uldivmod
 .text          0x08000680      0x2d0 c:/program files/daisytoolchain/bin/../lib/gcc/arm-none-eabi/10.2.1/thumb/v7e-m+dp/hard\libgcc.a(_udivmoddi4.o)
                0x08000680                __udivmoddi4
 .text          0x08000950        0x4 c:/program files/daisytoolchain/bin/../lib/gcc/arm-none-eabi/10.2.1/thumb/v7e-m+dp/hard\libgcc.a(_dvmd_tls.o)
                0x08000950                __aeabi_idiv0
                0x08000950                __aeabi_ldiv0
 *(.text*)
 .text.Default_Handler
                0x08000954        0x4 build/startup_stm32h750xx.o
                0x08000954                RTC_Alarm_IRQHandler
                0x08000954                HASH_RNG_IRQHandler
                0x08000954                EXTI2_IRQHandler
                0x08000954                TIM8_CC_IRQHandler
                0x08000954                HRTIM1_Master_IRQHandler
                0x08000954                DebugMon_Handler
                0x08000954                TIM1_CC_IRQHandler
                0x08000954                BDMA_Channel6_IRQHandler
                0x08000954                DMA2_Stream5_IRQHandler
                0x08000954                HRTIM1_FLT_IRQHandler
                0x08000954                JPEG_IRQHandler
                0x08000954                BDMA_Channel1_IRQHandler
                0x08000954                HRTIM1_TIMD_IRQHandler
                0x08000954                TAMP_STAMP_IRQHandler
                0x08000954                PendSV_Handler
                0x08000954                NMI_Handler
                0x08000954                EXTI3_IRQHandler
                0x08000954                LPTIM4_IRQHandler
                0x08000954                TIM8_TRG_COM_TIM14_IRQHandler
                0x08000954                LPTIM2_IRQHandler
                0x08000954                DFSDM1_FLT1_IRQHandler
                0x08000954                DMAMUX2_OVR_IRQHandler
                0x08000954                TIM8_UP_TIM13_IRQHandler
                0x08000954                I2C3_ER_IRQHandler
                0x08000954                DFSDM1_FLT2_IRQHandler
                0x08000954                MDMA_IRQHandler
                0x08000954                LPTIM3_IRQHandler
                0x08000954                HSEM1_IRQHandler
                0x08000954                EXTI0_IRQHandler
                0x08000954                FPU_IRQHandler
                0x08000954                OTG_HS_WKUP_IRQHandler
                0x08000954                FDCAN1_IT1_IRQHandler
                0x08000954                UsageFault_Handler
                0x08000954                LTDC_ER_IRQHandler
                0x08000954                HRTIM1_TIME_IRQHandler
                0x08000954                TIM6_DAC_IRQHandler
                0x08000954                DCMI_IRQHandler
                0x08000954                HRTIM1_TIMC_IRQHandler
                0x08000954                SAI2_IRQHandler
                0x08000954                DFSDM1_FLT3_IRQHandler
                0x08000954                TIM17_IRQHandler
                0x08000954                CRYP_IRQHandler
                0x08000954                BDMA_Channel7_IRQHandler
                0x08000954                LPTIM5_IRQHandler
                0x08000954                ADC3_IRQHandler
                0x08000954                DMA2_Stream0_IRQHandler
                0x08000954                BDMA_Channel2_IRQHandler
                0x08000954                DMAMUX1_OVR_IRQHandler
                0x08000954                TIM16_IRQHandler
                0x08000954                BDMA_Channel5_IRQHandler
                0x08000954                RCC_IRQHandler
                0x08000954                TIM8_BRK_TIM12_IRQHandler
                0x08000954                TIM1_TRG_COM_IRQHandler
                0x08000954                Default_Handler
                0x08000954                ECC_IRQHandler
                0x08000954                CEC_IRQHandler
                0x08000954                EXTI15_10_IRQHandler
                0x08000954                BDMA_Channel0_IRQHandler
                0x08000954                ADC_IRQHandler
                0x08000954                DMA1_Stream7_IRQHandler
                0x08000954                HRTIM1_TIMA_IRQHandler
                0x08000954                TIM7_IRQHandler
                0x08000954                SDMMC1_IRQHandler
                0x08000954                DMA2_Stream7_IRQHandler
                0x08000954                TIM15_IRQHandler
                0x08000954                PVD_AVD_IRQHandler
                0x08000954                EXTI9_5_IRQHandler
                0x08000954                RTC_WKUP_IRQHandler
                0x08000954                LTDC_IRQHandler
                0x08000954                SAI3_IRQHandler
                0x08000954                ETH_WKUP_IRQHandler
                0x08000954                SPDIF_RX_IRQHandler
                0x08000954                MemManage_Handler
                0x08000954                SVC_Handler
                0x08000954                CRS_IRQHandler
                0x08000954                EXTI4_IRQHandler
                0x08000954                HRTIM1_TIMB_IRQHandler
                0x08000954                FDCAN2_IT1_IRQHandler
                0x08000954                ETH_IRQHandler
                0x08000954                TIM1_UP_IRQHandler
                0x08000954                BDMA_Channel4_IRQHandler
                0x08000954                WWDG_IRQHandler
                0x08000954                SPI6_IRQHandler
                0x08000954                I2C4_EV_IRQHandler
                0x08000954                MDIOS_IRQHandler
                0x08000954                FDCAN2_IT0_IRQHandler
                0x08000954                FDCAN1_IT0_IRQHandler
                0x08000954                OTG_FS_WKUP_IRQHandler
                0x08000954                DMA2D_IRQHandler
                0x08000954                TIM1_BRK_IRQHandler
                0x08000954                EXTI1_IRQHandler
                0x08000954                SDMMC2_IRQHandler
                0x08000954                OTG_FS_EP1_OUT_IRQHandler
                0x08000954                BDMA_Channel3_IRQHandler
                0x08000954                MDIOS_WKUP_IRQHandler
                0x08000954                DFSDM1_FLT0_IRQHandler
                0x08000954                SAI4_IRQHandler
                0x08000954                I2C2_ER_IRQHandler
                0x08000954                DMA2_Stream1_IRQHandler
                0x08000954                FLASH_IRQHandler
                0x08000954                BusFault_Handler
                0x08000954                OTG_FS_IRQHandler
                0x08000954                WAKEUP_PIN_IRQHandler
                0x08000954                OTG_FS_EP1_IN_IRQHandler
                0x08000954                I2C1_ER_IRQHandler
                0x08000954                FMC_IRQHandler
                0x08000954                FDCAN_CAL_IRQHandler
                0x08000954                SWPMI1_IRQHandler
                0x08000954                COMP1_IRQHandler
                0x08000954                LPTIM1_IRQHandler
                0x08000954                I2C4_ER_IRQHandler
                0x08000954                DMA2_Stream6_IRQHandler
                0x08000954                SAI1_IRQHandler
 .text.Reset_Handler
                0x08000958       0x44 build/startup_stm32h750xx.o
                0x08000958                Reset_Handler
 .text._ZN5daisy9DaisySeedD2Ev
                0x0800099c        0x4 build/common_hello.o
                0x0800099c                daisy::DaisySeed::~DaisySeed()
                0x0800099c                daisy::DaisySeed::~DaisySeed()
 .text.__tcf_0  0x080009a0        0x4 build/common_hello.o
 .text.__tcf_1  0x080009a4        0x4 build/common_hello.o
 .text._Z6get_cviii
                0x080009a8       0x90 build/common_hello.o
                0x080009a8                get_cv(int, int, int)
 .text._Z13AudioCallbackPKPKfPPfj
                0x08000a38       0xbc build/common_hello.o
                0x08000a38                AudioCallback(float const* const*, float**, unsigned int)
 .text.startup.main
                0x08000af4      0x438 build/common_hello.o
                0x08000af4                main
 .text.startup._GLOBAL__sub_I_hw
                0x08000f2c       0x44 build/common_hello.o
 .text._ZN5daisy9DaisySeed10StartAudioEPFvPKPKfPPfjE
                0x08000f70        0x8 ../../DaisyExamples/libDaisy//build\libdaisy.a(daisy_seed.o)
                0x08000f70                daisy::DaisySeed::StartAudio(void (*)(float const* const*, float**, unsigned int))
 .text._ZN5daisy9DaisySeed18SetAudioSampleRateENS_9SaiHandle6Config10SampleRateE
                0x08000f78       0x38 ../../DaisyExamples/libDaisy//build\libdaisy.a(daisy_seed.o)
                0x08000f78                daisy::DaisySeed::SetAudioSampleRate(daisy::SaiHandle::Config::SampleRate)
 .text._ZN5daisy9DaisySeed15AudioSampleRateEv
                0x08000fb0        0x8 ../../DaisyExamples/libDaisy//build\libdaisy.a(daisy_seed.o)
                0x08000fb0                daisy::DaisySeed::AudioSampleRate()
 .text._ZN5daisy9DaisySeed17SetAudioBlockSizeEj
                0x08000fb8       0x38 ../../DaisyExamples/libDaisy//build\libdaisy.a(daisy_seed.o)
                0x08000fb8                daisy::DaisySeed::SetAudioBlockSize(unsigned int)
 .text._ZN5daisy9DaisySeed6SetLedEb
                0x08000ff0        0x8 ../../DaisyExamples/libDaisy//build\libdaisy.a(daisy_seed.o)
                0x08000ff0                daisy::DaisySeed::SetLed(bool)
 .text._ZN5daisy9DaisySeed17CheckBoardVersionEv
                0x08000ff8       0x6c ../../DaisyExamples/libDaisy//build\libdaisy.a(daisy_seed.o)
                0x08000ff8                daisy::DaisySeed::CheckBoardVersion()
 .text._ZN5daisy9DaisySeed14ConfigureAudioEv
                0x08001064      0x10c ../../DaisyExamples/libDaisy//build\libdaisy.a(daisy_seed.o)
                0x08001064                daisy::DaisySeed::ConfigureAudio()
 .text._ZN5daisy9DaisySeed4InitEb
                0x08001170      0x108 ../../DaisyExamples/libDaisy//build\libdaisy.a(daisy_seed.o)
                0x08001170                daisy::DaisySeed::Init(bool)
 .text._ZN5daisy6Ak45564InitE12dsy_gpio_pin
                0x08001278       0x44 ../../DaisyExamples/libDaisy//build\libdaisy.a(codec_ak4556.o)
                0x08001278                daisy::Ak4556::Init(dsy_gpio_pin)
 .text._ZN5daisy6Wm873120WriteControlRegisterEht
                0x080012bc       0x3c ../../DaisyExamples/libDaisy//build\libdaisy.a(codec_wm8731.o)
                0x080012bc                daisy::Wm8731::WriteControlRegister(unsigned char, unsigned short)
 .text._ZN5daisy6Wm87314InitERKNS0_6ConfigENS_9I2CHandleE
                0x080012f8      0x1bc ../../DaisyExamples/libDaisy//build\libdaisy.a(codec_wm8731.o)
                0x080012f8                daisy::Wm8731::Init(daisy::Wm8731::Config const&, daisy::I2CHandle)
 .text._ZN11SdramHandle10DeviceInitEv
                0x080014b4       0x98 ../../DaisyExamples/libDaisy//build\libdaisy.a(sdram.o)
                0x080014b4                SdramHandle::DeviceInit()
 .text._ZN11SdramHandle4InitEv
                0x0800154c       0x7c ../../DaisyExamples/libDaisy//build\libdaisy.a(sdram.o)
                0x0800154c                SdramHandle::Init()
 .text.HAL_SDRAM_MspInit
                0x080015c8      0x1a8 ../../DaisyExamples/libDaisy//build\libdaisy.a(sdram.o)
                0x080015c8                HAL_SDRAM_MspInit
 .text._ZN5daisy11AudioHandle4Impl16InternalCallbackEPlS2_j
                0x08001770      0xbbc ../../DaisyExamples/libDaisy//build\libdaisy.a(audio.o)
                0x08001770                daisy::AudioHandle::Impl::InternalCallback(long*, long*, unsigned int)
 .text._ZN5daisy11AudioHandle4InitERKNS0_6ConfigENS_9SaiHandleE
                0x0800232c       0x70 ../../DaisyExamples/libDaisy//build\libdaisy.a(audio.o)
                0x0800232c                daisy::AudioHandle::Init(daisy::AudioHandle::Config const&, daisy::SaiHandle)
 .text._ZNK5daisy11AudioHandle9GetConfigEv
                0x0800239c        0x8 ../../DaisyExamples/libDaisy//build\libdaisy.a(audio.o)
                0x0800239c                daisy::AudioHandle::GetConfig() const
 .text._ZN5daisy11AudioHandle12SetBlockSizeEj
                0x080023a4       0x1c ../../DaisyExamples/libDaisy//build\libdaisy.a(audio.o)
                0x080023a4                daisy::AudioHandle::SetBlockSize(unsigned int)
 .text._ZN5daisy11AudioHandle13GetSampleRateEv
                0x080023c0        0x8 ../../DaisyExamples/libDaisy//build\libdaisy.a(audio.o)
                0x080023c0                daisy::AudioHandle::GetSampleRate()
 .text._ZN5daisy11AudioHandle13SetSampleRateENS_9SaiHandle6Config10SampleRateE
                0x080023c8       0x88 ../../DaisyExamples/libDaisy//build\libdaisy.a(audio.o)
                0x080023c8                daisy::AudioHandle::SetSampleRate(daisy::SaiHandle::Config::SampleRate)
 .text._ZN5daisy11AudioHandle5StartEPFvPKPKfPPfjE
                0x08002450       0x44 ../../DaisyExamples/libDaisy//build\libdaisy.a(audio.o)
                0x08002450                daisy::AudioHandle::Start(void (*)(float const* const*, float**, unsigned int))
 .text.startup._GLOBAL__sub_I__ZN5daisy11AudioHandle4Impl4InitENS0_6ConfigENS_9SaiHandleE
                0x08002494       0x24 ../../DaisyExamples/libDaisy//build\libdaisy.a(audio.o)
 .text._ZN5daisy16AdcChannelConfig10InitSingleE12dsy_gpio_pinNS0_15ConversionSpeedE
                0x080024b8       0x28 ../../DaisyExamples/libDaisy//build\libdaisy.a(adc.o)
                0x080024b8                daisy::AdcChannelConfig::InitSingle(dsy_gpio_pin, daisy::AdcChannelConfig::ConversionSpeed)
 .text._ZN5daisy16AdcChannelConfig7InitMuxE12dsy_gpio_pinjS1_S1_S1_NS0_15ConversionSpeedE
                0x080024e0       0x74 ../../DaisyExamples/libDaisy//build\libdaisy.a(adc.o)
                0x080024e0                daisy::AdcChannelConfig::InitMux(dsy_gpio_pin, unsigned int, dsy_gpio_pin, dsy_gpio_pin, dsy_gpio_pin, daisy::AdcChannelConfig::ConversionSpeed)
 .text._ZN5daisy9AdcHandle4InitEPNS_16AdcChannelConfigEjNS0_12OverSamplingE
                0x08002554      0x41c ../../DaisyExamples/libDaisy//build\libdaisy.a(adc.o)
                0x08002554                daisy::AdcHandle::Init(daisy::AdcChannelConfig*, unsigned int, daisy::AdcHandle::OverSampling)
 .text._ZN5daisy9AdcHandle5StartEv
                0x08002970       0x2c ../../DaisyExamples/libDaisy//build\libdaisy.a(adc.o)
                0x08002970                daisy::AdcHandle::Start()
 .text._ZNK5daisy9AdcHandle8GetFloatEh
                0x0800299c       0x20 ../../DaisyExamples/libDaisy//build\libdaisy.a(adc.o)
                0x0800299c                daisy::AdcHandle::GetFloat(unsigned char) const
 .text._ZNK5daisy9AdcHandle11GetMuxFloatEhh
                0x080029bc       0x20 ../../DaisyExamples/libDaisy//build\libdaisy.a(adc.o)
                0x080029bc                daisy::AdcHandle::GetMuxFloat(unsigned char, unsigned char) const
 .text.HAL_ADC_MspInit
                0x080029dc       0x98 ../../DaisyExamples/libDaisy//build\libdaisy.a(adc.o)
                0x080029dc                HAL_ADC_MspInit
 .text.DMA1_Stream2_IRQHandler
                0x08002a74        0xc ../../DaisyExamples/libDaisy//build\libdaisy.a(adc.o)
                0x08002a74                DMA1_Stream2_IRQHandler
 .text.HAL_ADC_ConvCpltCallback
                0x08002a80      0x148 ../../DaisyExamples/libDaisy//build\libdaisy.a(adc.o)
                0x08002a80                HAL_ADC_ConvCpltCallback
 .text.HAL_ADC_ErrorCallback
                0x08002bc8        0x4 ../../DaisyExamples/libDaisy//build\libdaisy.a(adc.o)
                0x08002bc8                HAL_ADC_ErrorCallback
 .text._ZN5daisy4GPIO4InitENS_3PinENS0_4ModeENS0_4PullENS0_5SpeedE
                0x08002bcc      0x1cc ../../DaisyExamples/libDaisy//build\libdaisy.a(gpio.o)
                0x08002bcc                daisy::GPIO::Init(daisy::Pin, daisy::GPIO::Mode, daisy::GPIO::Pull, daisy::GPIO::Speed)
 .text._ZN5daisy4GPIO4ReadEv
                0x08002d98       0x18 ../../DaisyExamples/libDaisy//build\libdaisy.a(gpio.o)
                0x08002d98                daisy::GPIO::Read()
 .text._ZN5daisy4GPIO5WriteEb
                0x08002db0       0x14 ../../DaisyExamples/libDaisy//build\libdaisy.a(gpio.o)
                0x08002db0                daisy::GPIO::Write(bool)
 .text.dsy_gpio_init
                0x08002dc4      0x1b8 ../../DaisyExamples/libDaisy//build\libdaisy.a(gpio.o)
                0x08002dc4                dsy_gpio_init
 .text.dsy_gpio_read
                0x08002f7c       0x1c ../../DaisyExamples/libDaisy//build\libdaisy.a(gpio.o)
                0x08002f7c                dsy_gpio_read
 .text.dsy_gpio_write
                0x08002f98       0x24 ../../DaisyExamples/libDaisy//build\libdaisy.a(gpio.o)
                0x08002f98                dsy_gpio_write
 .text._ZN5daisy9I2CHandle4Impl8InitPinsEv
                0x08002fbc       0x58 ../../DaisyExamples/libDaisy//build\libdaisy.a(i2c.o)
                0x08002fbc                daisy::I2CHandle::Impl::InitPins()
 .text.HAL_I2C_MspInit
                0x08003014      0x1b4 ../../DaisyExamples/libDaisy//build\libdaisy.a(i2c.o)
                0x08003014                HAL_I2C_MspInit
 .text.dsy_i2c_global_init
                0x080031c8       0x78 ../../DaisyExamples/libDaisy//build\libdaisy.a(i2c.o)
                0x080031c8                dsy_i2c_global_init
 .text.DMA1_Stream6_IRQHandler
                0x08003240       0x34 ../../DaisyExamples/libDaisy//build\libdaisy.a(i2c.o)
                0x08003240                DMA1_Stream6_IRQHandler
 .text.I2C1_EV_IRQHandler
                0x08003274        0xc ../../DaisyExamples/libDaisy//build\libdaisy.a(i2c.o)
                0x08003274                I2C1_EV_IRQHandler
 .text.I2C2_EV_IRQHandler
                0x08003280        0xc ../../DaisyExamples/libDaisy//build\libdaisy.a(i2c.o)
                0x08003280                I2C2_EV_IRQHandler
 .text.I2C3_EV_IRQHandler
                0x0800328c        0xc ../../DaisyExamples/libDaisy//build\libdaisy.a(i2c.o)
                0x0800328c                I2C3_EV_IRQHandler
 .text._ZN5daisy9I2CHandle4InitERKNS0_6ConfigE
                0x08003298      0x12c ../../DaisyExamples/libDaisy//build\libdaisy.a(i2c.o)
                0x08003298                daisy::I2CHandle::Init(daisy::I2CHandle::Config const&)
 .text._ZN5daisy9I2CHandle16TransmitBlockingEtPhtm
                0x080033c4       0x50 ../../DaisyExamples/libDaisy//build\libdaisy.a(i2c.o)
                0x080033c4                daisy::I2CHandle::TransmitBlocking(unsigned short, unsigned char*, unsigned short, unsigned long)
 .text.startup._GLOBAL__sub_I__ZN5daisy9I2CHandle4Impl10GlobalInitEv
                0x08003414       0x18 ../../DaisyExamples/libDaisy//build\libdaisy.a(i2c.o)
 .text._ZN5daisy10QSPIHandle4Impl11WriteEnableEv
                0x0800342c       0x8c ../../DaisyExamples/libDaisy//build\libdaisy.a(qspi.o)
                0x0800342c                daisy::QSPIHandle::Impl::WriteEnable()
 .text._ZN5daisy10QSPIHandle4Impl17DummyCyclesConfigENS0_6Config6DeviceE
                0x080034b8      0x118 ../../DaisyExamples/libDaisy//build\libdaisy.a(qspi.o)
                0x080034b8                daisy::QSPIHandle::Impl::DummyCyclesConfig(daisy::QSPIHandle::Config::Device)
 .text._ZN5daisy10QSPIHandle4Impl10QuadEnableEv
                0x080035d0      0x158 ../../DaisyExamples/libDaisy//build\libdaisy.a(qspi.o)
                0x080035d0                daisy::QSPIHandle::Impl::QuadEnable()
 .text._ZN5daisy10QSPIHandle4InitERKNS0_6ConfigE
                0x08003728      0x198 ../../DaisyExamples/libDaisy//build\libdaisy.a(qspi.o)
                0x08003728                daisy::QSPIHandle::Init(daisy::QSPIHandle::Config const&)
 .text.HAL_QSPI_MspInit
                0x080038c0      0x11c ../../DaisyExamples/libDaisy//build\libdaisy.a(qspi.o)
                0x080038c0                HAL_QSPI_MspInit
 .text.HAL_QSPI_MspDeInit
                0x080039dc       0x54 ../../DaisyExamples/libDaisy//build\libdaisy.a(qspi.o)
                0x080039dc                HAL_QSPI_MspDeInit
 .text.QUADSPI_IRQHandler
                0x08003a30        0xc ../../DaisyExamples/libDaisy//build\libdaisy.a(qspi.o)
                0x08003a30                QUADSPI_IRQHandler
 .text.startup._GLOBAL__sub_I__ZN5daisy10QSPIHandle4Impl4InitERKNS0_6ConfigE
                0x08003a3c       0x28 ../../DaisyExamples/libDaisy//build\libdaisy.a(qspi.o)
 .text._ZN5daisy9SaiHandle4Impl7InitDmaENS1_15PeripheralBlockE
                0x08003a64       0xa0 ../../DaisyExamples/libDaisy//build\libdaisy.a(sai.o)
                0x08003a64                daisy::SaiHandle::Impl::InitDma(daisy::SaiHandle::Impl::PeripheralBlock)
 .text._ZN5daisy9SaiHandle4Impl8InitPinsEv
                0x08003b04       0xa8 ../../DaisyExamples/libDaisy//build\libdaisy.a(sai.o)
                0x08003b04                daisy::SaiHandle::Impl::InitPins()
 .text.HAL_SAI_MspInit
                0x08003bac      0x164 ../../DaisyExamples/libDaisy//build\libdaisy.a(sai.o)
                0x08003bac                HAL_SAI_MspInit
 .text.DMA1_Stream0_IRQHandler
                0x08003d10        0xc ../../DaisyExamples/libDaisy//build\libdaisy.a(sai.o)
                0x08003d10                DMA1_Stream0_IRQHandler
 .text.DMA1_Stream1_IRQHandler
                0x08003d1c        0xc ../../DaisyExamples/libDaisy//build\libdaisy.a(sai.o)
                0x08003d1c                DMA1_Stream1_IRQHandler
 .text.DMA1_Stream3_IRQHandler
                0x08003d28        0xc ../../DaisyExamples/libDaisy//build\libdaisy.a(sai.o)
                0x08003d28                DMA1_Stream3_IRQHandler
 .text.DMA1_Stream4_IRQHandler
                0x08003d34        0xc ../../DaisyExamples/libDaisy//build\libdaisy.a(sai.o)
                0x08003d34                DMA1_Stream4_IRQHandler
 .text.HAL_SAI_RxHalfCpltCallback
                0x08003d40       0x78 ../../DaisyExamples/libDaisy//build\libdaisy.a(sai.o)
                0x08003d40                HAL_SAI_RxHalfCpltCallback
 .text.HAL_SAI_RxCpltCallback
                0x08003db8       0x70 ../../DaisyExamples/libDaisy//build\libdaisy.a(sai.o)
                0x08003db8                HAL_SAI_RxCpltCallback
 .text._ZN5daisy9SaiHandle4InitERKNS0_6ConfigE
                0x08003e28      0x1f0 ../../DaisyExamples/libDaisy//build\libdaisy.a(sai.o)
                0x08003e28                daisy::SaiHandle::Init(daisy::SaiHandle::Config const&)
 .text._ZNK5daisy9SaiHandle9GetConfigEv
                0x08004018        0x4 ../../DaisyExamples/libDaisy//build\libdaisy.a(sai.o)
                0x08004018                daisy::SaiHandle::GetConfig() const
 .text._ZN5daisy9SaiHandle8StartDmaEPlS1_jPFvS1_S1_jE
                0x0800401c       0xbc ../../DaisyExamples/libDaisy//build\libdaisy.a(sai.o)
                0x0800401c                daisy::SaiHandle::StartDma(long*, long*, unsigned int, void (*)(long*, long*, unsigned int))
 .text._ZN5daisy9SaiHandle13GetSampleRateEv
                0x080040d8       0x24 ../../DaisyExamples/libDaisy//build\libdaisy.a(sai.o)
                0x080040d8                daisy::SaiHandle::GetSampleRate()
 .text._ZNK5daisy9SaiHandle9GetOffsetEv
                0x080040fc        0x8 ../../DaisyExamples/libDaisy//build\libdaisy.a(sai.o)
                0x080040fc                daisy::SaiHandle::GetOffset() const
 .text._ZN5daisy11TimerHandleD2Ev
                0x08004104        0x4 ../../DaisyExamples/libDaisy//build\libdaisy.a(system.o)
                0x08004104                daisy::TimerHandle::~TimerHandle()
                0x08004104                daisy::TimerHandle::~TimerHandle()
 .text.SysTick_Handler
                0x08004108       0x10 ../../DaisyExamples/libDaisy//build\libdaisy.a(system.o)
                0x08004108                SysTick_Handler
 .text.OTG_HS_EP1_OUT_IRQHandler
                0x08004118       0x24 ../../DaisyExamples/libDaisy//build\libdaisy.a(system.o)
                0x08004118                OTG_HS_EP1_OUT_IRQHandler
 .text.OTG_HS_EP1_IN_IRQHandler
                0x0800413c       0x24 ../../DaisyExamples/libDaisy//build\libdaisy.a(system.o)
                0x0800413c                OTG_HS_EP1_IN_IRQHandler
 .text.OTG_HS_IRQHandler
                0x08004160       0x24 ../../DaisyExamples/libDaisy//build\libdaisy.a(system.o)
                0x08004160                OTG_HS_IRQHandler
 .text.HardFault_Handler
                0x08004184       0xe0 ../../DaisyExamples/libDaisy//build\libdaisy.a(system.o)
                0x08004184                HardFault_Handler
 .text._ZN5daisy6System6GetNowEv
                0x08004264        0x4 ../../DaisyExamples/libDaisy//build\libdaisy.a(system.o)
                0x08004264                daisy::System::GetNow()
 .text._ZN5daisy6System5DelayEm
                0x08004268        0x4 ../../DaisyExamples/libDaisy//build\libdaisy.a(system.o)
                0x08004268                daisy::System::Delay(unsigned long)
 .text._ZN5daisy6System20GetBootloaderVersionEv
                0x0800426c       0x34 ../../DaisyExamples/libDaisy//build\libdaisy.a(system.o)
                0x0800426c                daisy::System::GetBootloaderVersion()
 .text._ZN5daisy6System15ConfigureClocksEv
                0x080042a0      0x194 ../../DaisyExamples/libDaisy//build\libdaisy.a(system.o)
                0x080042a0                daisy::System::ConfigureClocks()
 .text._ZN5daisy6System12ConfigureMpuEv
                0x08004434       0x7c ../../DaisyExamples/libDaisy//build\libdaisy.a(system.o)
                0x08004434                daisy::System::ConfigureMpu()
 .text._ZN5daisy6System4InitERKNS0_6ConfigE
                0x080044b0       0xec ../../DaisyExamples/libDaisy//build\libdaisy.a(system.o)
                0x080044b0                daisy::System::Init(daisy::System::Config const&)
 .text._ZN5daisy6System12GetPClk1FreqEv
                0x0800459c        0x4 ../../DaisyExamples/libDaisy//build\libdaisy.a(system.o)
                0x0800459c                daisy::System::GetPClk1Freq()
 .text._ZN5daisy6System22GetProgramMemoryRegionEv
                0x080045a0       0x78 ../../DaisyExamples/libDaisy//build\libdaisy.a(system.o)
                0x080045a0                daisy::System::GetProgramMemoryRegion()
 .text.startup._GLOBAL__sub_I__ZN5daisy9boot_infoE
                0x08004618       0x1c ../../DaisyExamples/libDaisy//build\libdaisy.a(system.o)
 .text.SystemInit
                0x08004634       0x9c ../../DaisyExamples/libDaisy//build\libdaisy.a(system_stm32h7xx.o)
                0x08004634                SystemInit
 .text.HAL_PCD_SetupStageCallback
                0x080046d0        0xc ../../DaisyExamples/libDaisy//build\libdaisy.a(usbd_conf.o)
                0x080046d0                HAL_PCD_SetupStageCallback
 .text.HAL_PCD_DataOutStageCallback
                0x080046dc       0x14 ../../DaisyExamples/libDaisy//build\libdaisy.a(usbd_conf.o)
                0x080046dc                HAL_PCD_DataOutStageCallback
 .text.HAL_PCD_DataInStageCallback
                0x080046f0       0x14 ../../DaisyExamples/libDaisy//build\libdaisy.a(usbd_conf.o)
                0x080046f0                HAL_PCD_DataInStageCallback
 .text.HAL_PCD_SOFCallback
                0x08004704        0x8 ../../DaisyExamples/libDaisy//build\libdaisy.a(usbd_conf.o)
                0x08004704                HAL_PCD_SOFCallback
 .text.HAL_PCD_ResetCallback
                0x0800470c       0x24 ../../DaisyExamples/libDaisy//build\libdaisy.a(usbd_conf.o)
                0x0800470c                HAL_PCD_ResetCallback
 .text.HAL_PCD_SuspendCallback
                0x08004730       0x30 ../../DaisyExamples/libDaisy//build\libdaisy.a(usbd_conf.o)
                0x08004730                HAL_PCD_SuspendCallback
 .text.HAL_PCD_ResumeCallback
                0x08004760        0x8 ../../DaisyExamples/libDaisy//build\libdaisy.a(usbd_conf.o)
                0x08004760                HAL_PCD_ResumeCallback
 .text.HAL_PCD_ISOOUTIncompleteCallback
                0x08004768        0x8 ../../DaisyExamples/libDaisy//build\libdaisy.a(usbd_conf.o)
                0x08004768                HAL_PCD_ISOOUTIncompleteCallback
 .text.HAL_PCD_ISOINIncompleteCallback
                0x08004770        0x8 ../../DaisyExamples/libDaisy//build\libdaisy.a(usbd_conf.o)
                0x08004770                HAL_PCD_ISOINIncompleteCallback
 .text.HAL_PCD_ConnectCallback
                0x08004778        0x8 ../../DaisyExamples/libDaisy//build\libdaisy.a(usbd_conf.o)
                0x08004778                HAL_PCD_ConnectCallback
 .text.HAL_PCD_DisconnectCallback
                0x08004780        0x8 ../../DaisyExamples/libDaisy//build\libdaisy.a(usbd_conf.o)
                0x08004780                HAL_PCD_DisconnectCallback
 .text.USBD_LL_OpenEP
                0x08004788       0x24 ../../DaisyExamples/libDaisy//build\libdaisy.a(usbd_conf.o)
                0x08004788                USBD_LL_OpenEP
 .text.USBD_LL_StallEP
                0x080047ac       0x1c ../../DaisyExamples/libDaisy//build\libdaisy.a(usbd_conf.o)
                0x080047ac                USBD_LL_StallEP
 .text.USBD_LL_ClearStallEP
                0x080047c8       0x1c ../../DaisyExamples/libDaisy//build\libdaisy.a(usbd_conf.o)
                0x080047c8                USBD_LL_ClearStallEP
 .text.USBD_LL_IsStallEP
                0x080047e4       0x28 ../../DaisyExamples/libDaisy//build\libdaisy.a(usbd_conf.o)
                0x080047e4                USBD_LL_IsStallEP
 .text.USBD_LL_SetUSBAddress
                0x0800480c       0x1c ../../DaisyExamples/libDaisy//build\libdaisy.a(usbd_conf.o)
                0x0800480c                USBD_LL_SetUSBAddress
 .text.USBD_LL_Transmit
                0x08004828       0x1c ../../DaisyExamples/libDaisy//build\libdaisy.a(usbd_conf.o)
                0x08004828                USBD_LL_Transmit
 .text.USBD_LL_PrepareReceive
                0x08004844       0x1c ../../DaisyExamples/libDaisy//build\libdaisy.a(usbd_conf.o)
                0x08004844                USBD_LL_PrepareReceive
 .text.HAL_HCD_SOF_Callback
                0x08004860        0x8 ../../DaisyExamples/libDaisy//build\libdaisy.a(usbh_conf.o)
                0x08004860                HAL_HCD_SOF_Callback
 .text.HAL_HCD_Connect_Callback
                0x08004868        0x8 ../../DaisyExamples/libDaisy//build\libdaisy.a(usbh_conf.o)
                0x08004868                HAL_HCD_Connect_Callback
 .text.HAL_HCD_Disconnect_Callback
                0x08004870        0x8 ../../DaisyExamples/libDaisy//build\libdaisy.a(usbh_conf.o)
                0x08004870                HAL_HCD_Disconnect_Callback
 .text.HAL_HCD_HC_NotifyURBChange_Callback
                0x08004878        0x4 ../../DaisyExamples/libDaisy//build\libdaisy.a(usbh_conf.o)
                0x08004878                HAL_HCD_HC_NotifyURBChange_Callback
 .text.HAL_HCD_PortEnabled_Callback
                0x0800487c        0x8 ../../DaisyExamples/libDaisy//build\libdaisy.a(usbh_conf.o)
                0x0800487c                HAL_HCD_PortEnabled_Callback
 .text.HAL_HCD_PortDisabled_Callback
                0x08004884        0x8 ../../DaisyExamples/libDaisy//build\libdaisy.a(usbh_conf.o)
                0x08004884                HAL_HCD_PortDisabled_Callback
 .text.USBH_LL_Stop
                0x0800488c       0x1c ../../DaisyExamples/libDaisy//build\libdaisy.a(usbh_conf.o)
                0x0800488c                USBH_LL_Stop
 .text.dsy_hal_map_get_port
                0x080048a8       0x10 ../../DaisyExamples/libDaisy//build\libdaisy.a(hal_map.o)
                0x080048a8                dsy_hal_map_get_port
 .text.dsy_hal_map_get_pin
                0x080048b8       0x10 ../../DaisyExamples/libDaisy//build\libdaisy.a(hal_map.o)
                0x080048b8                dsy_hal_map_get_pin
 .text.dsy_hal_map_gpio_clk_enable
                0x080048c8      0x150 ../../DaisyExamples/libDaisy//build\libdaisy.a(hal_map.o)
                0x080048c8                dsy_hal_map_gpio_clk_enable
 .text.HAL_MspInit
                0x08004a18        0x4 ../../DaisyExamples/libDaisy//build\libdaisy.a(stm32h7xx_hal.o)
                0x08004a18                HAL_MspInit
 .text.HAL_InitTick
                0x08004a1c       0x4c ../../DaisyExamples/libDaisy//build\libdaisy.a(stm32h7xx_hal.o)
                0x08004a1c                HAL_InitTick
 .text.HAL_Init
                0x08004a68       0x60 ../../DaisyExamples/libDaisy//build\libdaisy.a(stm32h7xx_hal.o)
                0x08004a68                HAL_Init
 .text.HAL_IncTick
                0x08004ac8       0x18 ../../DaisyExamples/libDaisy//build\libdaisy.a(stm32h7xx_hal.o)
                0x08004ac8                HAL_IncTick
 .text.HAL_GetTick
                0x08004ae0        0xc ../../DaisyExamples/libDaisy//build\libdaisy.a(stm32h7xx_hal.o)
                0x08004ae0                HAL_GetTick
 .text.HAL_Delay
                0x08004aec       0x24 ../../DaisyExamples/libDaisy//build\libdaisy.a(stm32h7xx_hal.o)
                0x08004aec                HAL_Delay
 .text.HAL_GetREVID
                0x08004b10        0xc ../../DaisyExamples/libDaisy//build\libdaisy.a(stm32h7xx_hal.o)
                0x08004b10                HAL_GetREVID
 .text.HAL_ADC_ConvHalfCpltCallback
                0x08004b1c        0x4 ../../DaisyExamples/libDaisy//build\libdaisy.a(stm32h7xx_hal_adc.o)
                0x08004b1c                HAL_ADC_ConvHalfCpltCallback
 .text.ADC_DMAHalfConvCplt
                0x08004b20        0xc ../../DaisyExamples/libDaisy//build\libdaisy.a(stm32h7xx_hal_adc.o)
                0x08004b20                ADC_DMAHalfConvCplt
 .text.ADC_DMAConvCplt
                0x08004b2c       0x6c ../../DaisyExamples/libDaisy//build\libdaisy.a(stm32h7xx_hal_adc.o)
                0x08004b2c                ADC_DMAConvCplt
 .text.ADC_DMAError
                0x08004b98       0x1c ../../DaisyExamples/libDaisy//build\libdaisy.a(stm32h7xx_hal_adc.o)
                0x08004b98                ADC_DMAError
 .text.HAL_ADC_ConfigChannel
                0x08004bb4      0x3fc ../../DaisyExamples/libDaisy//build\libdaisy.a(stm32h7xx_hal_adc.o)
                0x08004bb4                HAL_ADC_ConfigChannel
 .text.ADC_Enable
                0x08004fb0       0xac ../../DaisyExamples/libDaisy//build\libdaisy.a(stm32h7xx_hal_adc.o)
                0x08004fb0                ADC_Enable
 .text.HAL_ADC_Start_DMA
                0x0800505c      0x114 ../../DaisyExamples/libDaisy//build\libdaisy.a(stm32h7xx_hal_adc.o)
                0x0800505c                HAL_ADC_Start_DMA
 .text.ADC_Disable
                0x08005170       0x68 ../../DaisyExamples/libDaisy//build\libdaisy.a(stm32h7xx_hal_adc.o)
                0x08005170                ADC_Disable
 .text.ADC_ConfigureBoostMode
                0x080051d8      0x184 ../../DaisyExamples/libDaisy//build\libdaisy.a(stm32h7xx_hal_adc.o)
                0x080051d8                ADC_ConfigureBoostMode
 .text.HAL_ADC_Init
                0x0800535c      0x218 ../../DaisyExamples/libDaisy//build\libdaisy.a(stm32h7xx_hal_adc.o)
                0x0800535c                HAL_ADC_Init
 .text.HAL_ADCEx_Calibration_Start
                0x08005574       0xa4 ../../DaisyExamples/libDaisy//build\libdaisy.a(stm32h7xx_hal_adc_ex.o)
                0x08005574                HAL_ADCEx_Calibration_Start
 .text.HAL_ADCEx_MultiModeConfigChannel
                0x08005618       0xc4 ../../DaisyExamples/libDaisy//build\libdaisy.a(stm32h7xx_hal_adc_ex.o)
                0x08005618                HAL_ADCEx_MultiModeConfigChannel
 .text.HAL_NVIC_SetPriorityGrouping
                0x080056dc       0x24 ../../DaisyExamples/libDaisy//build\libdaisy.a(stm32h7xx_hal_cortex.o)
                0x080056dc                HAL_NVIC_SetPriorityGrouping
 .text.HAL_NVIC_SetPriority
                0x08005700       0x7c ../../DaisyExamples/libDaisy//build\libdaisy.a(stm32h7xx_hal_cortex.o)
                0x08005700                HAL_NVIC_SetPriority
 .text.HAL_NVIC_EnableIRQ
                0x0800577c       0x1c ../../DaisyExamples/libDaisy//build\libdaisy.a(stm32h7xx_hal_cortex.o)
                0x0800577c                HAL_NVIC_EnableIRQ
 .text.HAL_NVIC_DisableIRQ
                0x08005798       0x28 ../../DaisyExamples/libDaisy//build\libdaisy.a(stm32h7xx_hal_cortex.o)
                0x08005798                HAL_NVIC_DisableIRQ
 .text.HAL_SYSTICK_Config
                0x080057c0       0x2c ../../DaisyExamples/libDaisy//build\libdaisy.a(stm32h7xx_hal_cortex.o)
                0x080057c0                HAL_SYSTICK_Config
 .text.HAL_MPU_Disable
                0x080057ec       0x1c ../../DaisyExamples/libDaisy//build\libdaisy.a(stm32h7xx_hal_cortex.o)
                0x080057ec                HAL_MPU_Disable
 .text.HAL_MPU_Enable
                0x08005808       0x20 ../../DaisyExamples/libDaisy//build\libdaisy.a(stm32h7xx_hal_cortex.o)
                0x08005808                HAL_MPU_Enable
 .text.HAL_MPU_ConfigRegion
                0x08005828       0x64 ../../DaisyExamples/libDaisy//build\libdaisy.a(stm32h7xx_hal_cortex.o)
                0x08005828                HAL_MPU_ConfigRegion
 .text.HAL_SYSTICK_Callback
                0x0800588c        0x4 ../../DaisyExamples/libDaisy//build\libdaisy.a(stm32h7xx_hal_cortex.o)
                0x0800588c                HAL_SYSTICK_Callback
 .text.HAL_SYSTICK_IRQHandler
                0x08005890        0x8 ../../DaisyExamples/libDaisy//build\libdaisy.a(stm32h7xx_hal_cortex.o)
                0x08005890                HAL_SYSTICK_IRQHandler
 .text.DMA_CalcBaseAndBitshift
                0x08005898       0xf4 ../../DaisyExamples/libDaisy//build\libdaisy.a(stm32h7xx_hal_dma.o)
 .text.DMA_CalcDMAMUXChannelBaseAndMask
                0x0800598c       0xd8 ../../DaisyExamples/libDaisy//build\libdaisy.a(stm32h7xx_hal_dma.o)
 .text.HAL_DMA_Init
                0x08005a64      0x37c ../../DaisyExamples/libDaisy//build\libdaisy.a(stm32h7xx_hal_dma.o)
                0x08005a64                HAL_DMA_Init
 .text.HAL_DMA_Start_IT
                0x08005de0      0x240 ../../DaisyExamples/libDaisy//build\libdaisy.a(stm32h7xx_hal_dma.o)
                0x08005de0                HAL_DMA_Start_IT
 .text.HAL_DMA_Abort_IT
                0x08006020      0x134 ../../DaisyExamples/libDaisy//build\libdaisy.a(stm32h7xx_hal_dma.o)
                0x08006020                HAL_DMA_Abort_IT
 .text.HAL_DMA_IRQHandler
                0x08006154      0x6a0 ../../DaisyExamples/libDaisy//build\libdaisy.a(stm32h7xx_hal_dma.o)
                0x08006154                HAL_DMA_IRQHandler
 .text.HAL_DMA_GetError
                0x080067f4        0x4 ../../DaisyExamples/libDaisy//build\libdaisy.a(stm32h7xx_hal_dma.o)
                0x080067f4                HAL_DMA_GetError
 .text.HAL_GPIO_Init
                0x080067f8      0x280 ../../DaisyExamples/libDaisy//build\libdaisy.a(stm32h7xx_hal_gpio.o)
                0x080067f8                HAL_GPIO_Init
 .text.HAL_GPIO_DeInit
                0x08006a78      0x190 ../../DaisyExamples/libDaisy//build\libdaisy.a(stm32h7xx_hal_gpio.o)
                0x08006a78                HAL_GPIO_DeInit
 .text.HAL_GPIO_ReadPin
                0x08006c08        0xc ../../DaisyExamples/libDaisy//build\libdaisy.a(stm32h7xx_hal_gpio.o)
                0x08006c08                HAL_GPIO_ReadPin
 .text.HAL_GPIO_WritePin
                0x08006c14        0x8 ../../DaisyExamples/libDaisy//build\libdaisy.a(stm32h7xx_hal_gpio.o)
                0x08006c14                HAL_GPIO_WritePin
 .text.HAL_HCD_IRQHandler
                0x08006c1c      0x780 ../../DaisyExamples/libDaisy//build\libdaisy.a(stm32h7xx_hal_hcd.o)
                0x08006c1c                HAL_HCD_IRQHandler
 .text.HAL_HCD_Stop
                0x0800739c       0x28 ../../DaisyExamples/libDaisy//build\libdaisy.a(stm32h7xx_hal_hcd.o)
                0x0800739c                HAL_HCD_Stop
 .text.I2C_WaitOnTXISFlagUntilTimeout
                0x080073c4       0xb8 ../../DaisyExamples/libDaisy//build\libdaisy.a(stm32h7xx_hal_i2c.o)
 .text.I2C_WaitOnSTOPFlagUntilTimeout
                0x0800747c       0xac ../../DaisyExamples/libDaisy//build\libdaisy.a(stm32h7xx_hal_i2c.o)
 .text.HAL_I2C_Init
                0x08007528       0xac ../../DaisyExamples/libDaisy//build\libdaisy.a(stm32h7xx_hal_i2c.o)
                0x08007528                HAL_I2C_Init
 .text.HAL_I2C_Master_Transmit
                0x080075d4      0x1a8 ../../DaisyExamples/libDaisy//build\libdaisy.a(stm32h7xx_hal_i2c.o)
                0x080075d4                HAL_I2C_Master_Transmit
 .text.HAL_I2C_Slave_Transmit
                0x0800777c      0x1c8 ../../DaisyExamples/libDaisy//build\libdaisy.a(stm32h7xx_hal_i2c.o)
                0x0800777c                HAL_I2C_Slave_Transmit
 .text.HAL_I2C_EV_IRQHandler
                0x08007944       0x10 ../../DaisyExamples/libDaisy//build\libdaisy.a(stm32h7xx_hal_i2c.o)
                0x08007944                HAL_I2C_EV_IRQHandler
 .text.HAL_I2C_GetState
                0x08007954        0x8 ../../DaisyExamples/libDaisy//build\libdaisy.a(stm32h7xx_hal_i2c.o)
                0x08007954                HAL_I2C_GetState
 .text.HAL_I2CEx_ConfigAnalogFilter
                0x0800795c       0x54 ../../DaisyExamples/libDaisy//build\libdaisy.a(stm32h7xx_hal_i2c_ex.o)
                0x0800795c                HAL_I2CEx_ConfigAnalogFilter
 .text.HAL_I2CEx_ConfigDigitalFilter
                0x080079b0       0x58 ../../DaisyExamples/libDaisy//build\libdaisy.a(stm32h7xx_hal_i2c_ex.o)
                0x080079b0                HAL_I2CEx_ConfigDigitalFilter
 .text.HAL_PCD_IRQHandler
                0x08007a08      0x69c ../../DaisyExamples/libDaisy//build\libdaisy.a(stm32h7xx_hal_pcd.o)
                0x08007a08                HAL_PCD_IRQHandler
 .text.HAL_PCD_SetAddress
                0x080080a4       0x2c ../../DaisyExamples/libDaisy//build\libdaisy.a(stm32h7xx_hal_pcd.o)
                0x080080a4                HAL_PCD_SetAddress
 .text.HAL_PCD_EP_Open
                0x080080d0       0x7c ../../DaisyExamples/libDaisy//build\libdaisy.a(stm32h7xx_hal_pcd.o)
                0x080080d0                HAL_PCD_EP_Open
 .text.HAL_PCD_EP_Receive
                0x0800814c       0x50 ../../DaisyExamples/libDaisy//build\libdaisy.a(stm32h7xx_hal_pcd.o)
                0x0800814c                HAL_PCD_EP_Receive
 .text.HAL_PCD_EP_Transmit
                0x0800819c       0x50 ../../DaisyExamples/libDaisy//build\libdaisy.a(stm32h7xx_hal_pcd.o)
                0x0800819c                HAL_PCD_EP_Transmit
 .text.HAL_PCD_EP_SetStall
                0x080081ec       0x88 ../../DaisyExamples/libDaisy//build\libdaisy.a(stm32h7xx_hal_pcd.o)
                0x080081ec                HAL_PCD_EP_SetStall
 .text.HAL_PCD_EP_ClrStall
                0x08008274       0x78 ../../DaisyExamples/libDaisy//build\libdaisy.a(stm32h7xx_hal_pcd.o)
                0x08008274                HAL_PCD_EP_ClrStall
 .text.HAL_PCDEx_LPM_Callback
                0x080082ec        0x4 ../../DaisyExamples/libDaisy//build\libdaisy.a(stm32h7xx_hal_pcd_ex.o)
                0x080082ec                HAL_PCDEx_LPM_Callback
 .text.HAL_PWREx_ConfigSupply
                0x080082f0       0x4c ../../DaisyExamples/libDaisy//build\libdaisy.a(stm32h7xx_hal_pwr_ex.o)
                0x080082f0                HAL_PWREx_ConfigSupply
 .text.HAL_PWREx_EnableUSBVoltageDetector
                0x0800833c       0x10 ../../DaisyExamples/libDaisy//build\libdaisy.a(stm32h7xx_hal_pwr_ex.o)
                0x0800833c                HAL_PWREx_EnableUSBVoltageDetector
 .text.QSPI_Config
                0x0800834c      0x174 ../../DaisyExamples/libDaisy//build\libdaisy.a(stm32h7xx_hal_qspi.o)
 .text.HAL_QSPI_Init
                0x080084c0       0xd8 ../../DaisyExamples/libDaisy//build\libdaisy.a(stm32h7xx_hal_qspi.o)
                0x080084c0                HAL_QSPI_Init
 .text.HAL_QSPI_DeInit
                0x08008598       0x3c ../../DaisyExamples/libDaisy//build\libdaisy.a(stm32h7xx_hal_qspi.o)
                0x08008598                HAL_QSPI_DeInit
 .text.HAL_QSPI_Command
                0x080085d4       0xd4 ../../DaisyExamples/libDaisy//build\libdaisy.a(stm32h7xx_hal_qspi.o)
                0x080085d4                HAL_QSPI_Command
 .text.HAL_QSPI_Transmit
                0x080086a8       0xfc ../../DaisyExamples/libDaisy//build\libdaisy.a(stm32h7xx_hal_qspi.o)
                0x080086a8                HAL_QSPI_Transmit
 .text.HAL_QSPI_Receive
                0x080087a4      0x108 ../../DaisyExamples/libDaisy//build\libdaisy.a(stm32h7xx_hal_qspi.o)
                0x080087a4                HAL_QSPI_Receive
 .text.HAL_QSPI_AutoPolling
                0x080088ac       0xf0 ../../DaisyExamples/libDaisy//build\libdaisy.a(stm32h7xx_hal_qspi.o)
                0x080088ac                HAL_QSPI_AutoPolling
 .text.HAL_QSPI_MemoryMapped
                0x0800899c       0xc0 ../../DaisyExamples/libDaisy//build\libdaisy.a(stm32h7xx_hal_qspi.o)
                0x0800899c                HAL_QSPI_MemoryMapped
 .text.HAL_QSPI_ErrorCallback
                0x08008a5c        0x4 ../../DaisyExamples/libDaisy//build\libdaisy.a(stm32h7xx_hal_qspi.o)
                0x08008a5c                HAL_QSPI_ErrorCallback
 .text.QSPI_DMAAbortCplt
                0x08008a60       0x38 ../../DaisyExamples/libDaisy//build\libdaisy.a(stm32h7xx_hal_qspi.o)
 .text.HAL_QSPI_AbortCpltCallback
                0x08008a98        0x4 ../../DaisyExamples/libDaisy//build\libdaisy.a(stm32h7xx_hal_qspi.o)
                0x08008a98                HAL_QSPI_AbortCpltCallback
 .text.HAL_QSPI_CmdCpltCallback
                0x08008a9c        0x4 ../../DaisyExamples/libDaisy//build\libdaisy.a(stm32h7xx_hal_qspi.o)
                0x08008a9c                HAL_QSPI_CmdCpltCallback
 .text.HAL_QSPI_RxCpltCallback
                0x08008aa0        0x4 ../../DaisyExamples/libDaisy//build\libdaisy.a(stm32h7xx_hal_qspi.o)
                0x08008aa0                HAL_QSPI_RxCpltCallback
 .text.HAL_QSPI_TxCpltCallback
                0x08008aa4        0x4 ../../DaisyExamples/libDaisy//build\libdaisy.a(stm32h7xx_hal_qspi.o)
                0x08008aa4                HAL_QSPI_TxCpltCallback
 .text.HAL_QSPI_FifoThresholdCallback
                0x08008aa8        0x4 ../../DaisyExamples/libDaisy//build\libdaisy.a(stm32h7xx_hal_qspi.o)
                0x08008aa8                HAL_QSPI_FifoThresholdCallback
 .text.HAL_QSPI_StatusMatchCallback
                0x08008aac        0x4 ../../DaisyExamples/libDaisy//build\libdaisy.a(stm32h7xx_hal_qspi.o)
                0x08008aac                HAL_QSPI_StatusMatchCallback
 .text.HAL_QSPI_TimeOutCallback
                0x08008ab0        0x4 ../../DaisyExamples/libDaisy//build\libdaisy.a(stm32h7xx_hal_qspi.o)
                0x08008ab0                HAL_QSPI_TimeOutCallback
 .text.HAL_QSPI_IRQHandler
                0x08008ab4      0x210 ../../DaisyExamples/libDaisy//build\libdaisy.a(stm32h7xx_hal_qspi.o)
                0x08008ab4                HAL_QSPI_IRQHandler
 .text.HAL_RCC_OscConfig
                0x08008cc4      0x51c ../../DaisyExamples/libDaisy//build\libdaisy.a(stm32h7xx_hal_rcc.o)
                0x08008cc4                HAL_RCC_OscConfig
 .text.HAL_RCC_GetSysClockFreq
                0x080091e0      0x140 ../../DaisyExamples/libDaisy//build\libdaisy.a(stm32h7xx_hal_rcc.o)
                0x080091e0                HAL_RCC_GetSysClockFreq
 .text.HAL_RCC_ClockConfig
                0x08009320      0x234 ../../DaisyExamples/libDaisy//build\libdaisy.a(stm32h7xx_hal_rcc.o)
                0x08009320                HAL_RCC_ClockConfig
 .text.HAL_RCC_GetHCLKFreq
                0x08009554       0x2c ../../DaisyExamples/libDaisy//build\libdaisy.a(stm32h7xx_hal_rcc.o)
                0x08009554                HAL_RCC_GetHCLKFreq
 .text.HAL_RCC_GetPCLK1Freq
                0x08009580       0x38 ../../DaisyExamples/libDaisy//build\libdaisy.a(stm32h7xx_hal_rcc.o)
                0x08009580                HAL_RCC_GetPCLK1Freq
 .text.HAL_RCC_GetPCLK2Freq
                0x080095b8       0x38 ../../DaisyExamples/libDaisy//build\libdaisy.a(stm32h7xx_hal_rcc.o)
                0x080095b8                HAL_RCC_GetPCLK2Freq
 .text.RCCEx_PLL2_Config
                0x080095f0       0xf4 ../../DaisyExamples/libDaisy//build\libdaisy.a(stm32h7xx_hal_rcc_ex.o)
 .text.RCCEx_PLL3_Config
                0x080096e4       0xf4 ../../DaisyExamples/libDaisy//build\libdaisy.a(stm32h7xx_hal_rcc_ex.o)
 .text.HAL_RCCEx_PeriphCLKConfig
                0x080097d8      0xa7c ../../DaisyExamples/libDaisy//build\libdaisy.a(stm32h7xx_hal_rcc_ex.o)
                0x080097d8                HAL_RCCEx_PeriphCLKConfig
 .text.HAL_RCCEx_GetD3PCLK1Freq
                0x0800a254       0x24 ../../DaisyExamples/libDaisy//build\libdaisy.a(stm32h7xx_hal_rcc_ex.o)
                0x0800a254                HAL_RCCEx_GetD3PCLK1Freq
 .text.HAL_RCCEx_GetPLL2ClockFreq
                0x0800a278      0x17c ../../DaisyExamples/libDaisy//build\libdaisy.a(stm32h7xx_hal_rcc_ex.o)
                0x0800a278                HAL_RCCEx_GetPLL2ClockFreq
 .text.HAL_RCCEx_GetPLL3ClockFreq
                0x0800a3f4      0x17c ../../DaisyExamples/libDaisy//build\libdaisy.a(stm32h7xx_hal_rcc_ex.o)
                0x0800a3f4                HAL_RCCEx_GetPLL3ClockFreq
 .text.HAL_RCCEx_GetPLL1ClockFreq
                0x0800a570      0x17c ../../DaisyExamples/libDaisy//build\libdaisy.a(stm32h7xx_hal_rcc_ex.o)
                0x0800a570                HAL_RCCEx_GetPLL1ClockFreq
 .text.HAL_RCCEx_GetPeriphCLKFreq
                0x0800a6ec      0x198 ../../DaisyExamples/libDaisy//build\libdaisy.a(stm32h7xx_hal_rcc_ex.o)
                0x0800a6ec                HAL_RCCEx_GetPeriphCLKFreq
 .text.HAL_RCCEx_GetD1SysClockFreq
                0x0800a884       0x2c ../../DaisyExamples/libDaisy//build\libdaisy.a(stm32h7xx_hal_rcc_ex.o)
                0x0800a884                HAL_RCCEx_GetD1SysClockFreq
 .text.HAL_SAI_Init.part.0
                0x0800a8b0      0x348 ../../DaisyExamples/libDaisy//build\libdaisy.a(stm32h7xx_hal_sai.o)
 .text.HAL_SAI_InitProtocol
                0x0800abf8      0x178 ../../DaisyExamples/libDaisy//build\libdaisy.a(stm32h7xx_hal_sai.o)
                0x0800abf8                HAL_SAI_InitProtocol
 .text.HAL_SAI_Transmit_DMA
                0x0800ad70      0x124 ../../DaisyExamples/libDaisy//build\libdaisy.a(stm32h7xx_hal_sai.o)
                0x0800ad70                HAL_SAI_Transmit_DMA
 .text.HAL_SAI_Receive_DMA
                0x0800ae94       0xd0 ../../DaisyExamples/libDaisy//build\libdaisy.a(stm32h7xx_hal_sai.o)
                0x0800ae94                HAL_SAI_Receive_DMA
 .text.HAL_SAI_TxCpltCallback
                0x0800af64        0x4 ../../DaisyExamples/libDaisy//build\libdaisy.a(stm32h7xx_hal_sai.o)
                0x0800af64                HAL_SAI_TxCpltCallback
 .text.SAI_DMATxCplt
                0x0800af68       0x64 ../../DaisyExamples/libDaisy//build\libdaisy.a(stm32h7xx_hal_sai.o)
 .text.HAL_SAI_TxHalfCpltCallback
                0x0800afcc        0x4 ../../DaisyExamples/libDaisy//build\libdaisy.a(stm32h7xx_hal_sai.o)
                0x0800afcc                HAL_SAI_TxHalfCpltCallback
 .text.SAI_DMATxHalfCplt
                0x0800afd0        0xc ../../DaisyExamples/libDaisy//build\libdaisy.a(stm32h7xx_hal_sai.o)
 .text.SAI_DMARxCplt
                0x0800afdc       0x64 ../../DaisyExamples/libDaisy//build\libdaisy.a(stm32h7xx_hal_sai.o)
 .text.SAI_DMARxHalfCplt
                0x0800b040        0xc ../../DaisyExamples/libDaisy//build\libdaisy.a(stm32h7xx_hal_sai.o)
 .text.HAL_SAI_ErrorCallback
                0x0800b04c        0x4 ../../DaisyExamples/libDaisy//build\libdaisy.a(stm32h7xx_hal_sai.o)
                0x0800b04c                HAL_SAI_ErrorCallback
 .text.SAI_DMAError
                0x0800b050       0x6c ../../DaisyExamples/libDaisy//build\libdaisy.a(stm32h7xx_hal_sai.o)
 .text.HAL_SDRAM_Init
                0x0800b0bc       0x54 ../../DaisyExamples/libDaisy//build\libdaisy.a(stm32h7xx_hal_sdram.o)
                0x0800b0bc                HAL_SDRAM_Init
 .text.HAL_SDRAM_SendCommand
                0x0800b110       0x40 ../../DaisyExamples/libDaisy//build\libdaisy.a(stm32h7xx_hal_sdram.o)
                0x0800b110                HAL_SDRAM_SendCommand
 .text.HAL_SDRAM_ProgramRefreshRate
                0x0800b150       0x30 ../../DaisyExamples/libDaisy//build\libdaisy.a(stm32h7xx_hal_sdram.o)
                0x0800b150                HAL_SDRAM_ProgramRefreshRate
 .text.FMC_SDRAM_Init
                0x0800b180       0x7c ../../DaisyExamples/libDaisy//build\libdaisy.a(stm32h7xx_ll_fmc.o)
                0x0800b180                FMC_SDRAM_Init
 .text.FMC_SDRAM_Timing_Init
                0x0800b1fc       0x98 ../../DaisyExamples/libDaisy//build\libdaisy.a(stm32h7xx_ll_fmc.o)
                0x0800b1fc                FMC_SDRAM_Timing_Init
 .text.FMC_SDRAM_SendCommand
                0x0800b294       0x28 ../../DaisyExamples/libDaisy//build\libdaisy.a(stm32h7xx_ll_fmc.o)
                0x0800b294                FMC_SDRAM_SendCommand
 .text.FMC_SDRAM_ProgramRefreshRate
                0x0800b2bc       0x1c ../../DaisyExamples/libDaisy//build\libdaisy.a(stm32h7xx_ll_fmc.o)
                0x0800b2bc                FMC_SDRAM_ProgramRefreshRate
 .text.USB_SetTurnaroundTime
                0x0800b2d8      0x104 ../../DaisyExamples/libDaisy//build\libdaisy.a(stm32h7xx_ll_usb.o)
                0x0800b2d8                USB_SetTurnaroundTime
 .text.USB_FlushTxFifo
                0x0800b3dc       0x34 ../../DaisyExamples/libDaisy//build\libdaisy.a(stm32h7xx_ll_usb.o)
                0x0800b3dc                USB_FlushTxFifo
 .text.USB_GetDevSpeed
                0x0800b410       0x24 ../../DaisyExamples/libDaisy//build\libdaisy.a(stm32h7xx_ll_usb.o)
                0x0800b410                USB_GetDevSpeed
 .text.USB_ActivateEndpoint
                0x0800b434       0x90 ../../DaisyExamples/libDaisy//build\libdaisy.a(stm32h7xx_ll_usb.o)
                0x0800b434                USB_ActivateEndpoint
 .text.USB_EPStartXfer
                0x0800b4c4      0x230 ../../DaisyExamples/libDaisy//build\libdaisy.a(stm32h7xx_ll_usb.o)
                0x0800b4c4                USB_EPStartXfer
 .text.USB_EP0StartXfer
                0x0800b6f4      0x174 ../../DaisyExamples/libDaisy//build\libdaisy.a(stm32h7xx_ll_usb.o)
                0x0800b6f4                USB_EP0StartXfer
 .text.USB_WritePacket
                0x0800b868       0x2c ../../DaisyExamples/libDaisy//build\libdaisy.a(stm32h7xx_ll_usb.o)
                0x0800b868                USB_WritePacket
 .text.USB_ReadPacket
                0x0800b894       0x20 ../../DaisyExamples/libDaisy//build\libdaisy.a(stm32h7xx_ll_usb.o)
                0x0800b894                USB_ReadPacket
 .text.USB_EPSetStall
                0x0800b8b4       0x68 ../../DaisyExamples/libDaisy//build\libdaisy.a(stm32h7xx_ll_usb.o)
                0x0800b8b4                USB_EPSetStall
 .text.USB_EPClearStall
                0x0800b91c       0x58 ../../DaisyExamples/libDaisy//build\libdaisy.a(stm32h7xx_ll_usb.o)
                0x0800b91c                USB_EPClearStall
 .text.USB_SetDevAddress
                0x0800b974       0x24 ../../DaisyExamples/libDaisy//build\libdaisy.a(stm32h7xx_ll_usb.o)
                0x0800b974                USB_SetDevAddress
 .text.USB_ReadInterrupts
                0x0800b998       0x14 ../../DaisyExamples/libDaisy//build\libdaisy.a(stm32h7xx_ll_usb.o)
                0x0800b998                USB_ReadInterrupts
 .text.USB_ReadDevAllOutEpInterrupt
                0x0800b9ac       0x1c ../../DaisyExamples/libDaisy//build\libdaisy.a(stm32h7xx_ll_usb.o)
                0x0800b9ac                USB_ReadDevAllOutEpInterrupt
 .text.USB_ReadDevAllInEpInterrupt
                0x0800b9c8       0x1c ../../DaisyExamples/libDaisy//build\libdaisy.a(stm32h7xx_ll_usb.o)
                0x0800b9c8                USB_ReadDevAllInEpInterrupt
 .text.USB_ReadDevOutEPInterrupt
                0x0800b9e4       0x1c ../../DaisyExamples/libDaisy//build\libdaisy.a(stm32h7xx_ll_usb.o)
                0x0800b9e4                USB_ReadDevOutEPInterrupt
 .text.USB_ReadDevInEPInterrupt
                0x0800ba00       0x38 ../../DaisyExamples/libDaisy//build\libdaisy.a(stm32h7xx_ll_usb.o)
                0x0800ba00                USB_ReadDevInEPInterrupt
 .text.USB_GetMode
                0x0800ba38        0x8 ../../DaisyExamples/libDaisy//build\libdaisy.a(stm32h7xx_ll_usb.o)
                0x0800ba38                USB_GetMode
 .text.USB_ActivateSetup
                0x0800ba40       0x38 ../../DaisyExamples/libDaisy//build\libdaisy.a(stm32h7xx_ll_usb.o)
                0x0800ba40                USB_ActivateSetup
 .text.USB_EP0_OutStart
                0x0800ba78       0x58 ../../DaisyExamples/libDaisy//build\libdaisy.a(stm32h7xx_ll_usb.o)
                0x0800ba78                USB_EP0_OutStart
 .text.USB_InitFSLSPClkSel
                0x0800bad0       0x44 ../../DaisyExamples/libDaisy//build\libdaisy.a(stm32h7xx_ll_usb.o)
                0x0800bad0                USB_InitFSLSPClkSel
 .text.USB_HC_ReadInterrupt
                0x0800bb14        0x8 ../../DaisyExamples/libDaisy//build\libdaisy.a(stm32h7xx_ll_usb.o)
                0x0800bb14                USB_HC_ReadInterrupt
 .text.USB_HC_Halt
                0x0800bb1c       0xc0 ../../DaisyExamples/libDaisy//build\libdaisy.a(stm32h7xx_ll_usb.o)
                0x0800bb1c                USB_HC_Halt
 .text.USB_StopHost
                0x0800bbdc      0x2ec ../../DaisyExamples/libDaisy//build\libdaisy.a(stm32h7xx_ll_usb.o)
                0x0800bbdc                USB_StopHost
 .text.USBD_SetClassConfig
                0x0800bec8       0x14 ../../DaisyExamples/libDaisy//build\libdaisy.a(usbd_core.o)
                0x0800bec8                USBD_SetClassConfig
 .text.USBD_ClrClassConfig
                0x0800bedc       0x10 ../../DaisyExamples/libDaisy//build\libdaisy.a(usbd_core.o)
                0x0800bedc                USBD_ClrClassConfig
 .text.USBD_LL_SetupStage
                0x0800beec       0x5c ../../DaisyExamples/libDaisy//build\libdaisy.a(usbd_core.o)
                0x0800beec                USBD_LL_SetupStage
 .text.USBD_LL_DataOutStage
                0x0800bf48       0x7c ../../DaisyExamples/libDaisy//build\libdaisy.a(usbd_core.o)
                0x0800bf48                USBD_LL_DataOutStage
 .text.USBD_LL_DataInStage
                0x0800bfc4       0xcc ../../DaisyExamples/libDaisy//build\libdaisy.a(usbd_core.o)
                0x0800bfc4                USBD_LL_DataInStage
 .text.USBD_LL_Reset
                0x0800c090       0x50 ../../DaisyExamples/libDaisy//build\libdaisy.a(usbd_core.o)
                0x0800c090                USBD_LL_Reset
 .text.USBD_LL_SetSpeed
                0x0800c0e0        0x8 ../../DaisyExamples/libDaisy//build\libdaisy.a(usbd_core.o)
                0x0800c0e0                USBD_LL_SetSpeed
 .text.USBD_LL_Suspend
                0x0800c0e8       0x14 ../../DaisyExamples/libDaisy//build\libdaisy.a(usbd_core.o)
                0x0800c0e8                USBD_LL_Suspend
 .text.USBD_LL_Resume
                0x0800c0fc       0x10 ../../DaisyExamples/libDaisy//build\libdaisy.a(usbd_core.o)
                0x0800c0fc                USBD_LL_Resume
 .text.USBD_LL_SOF
                0x0800c10c       0x1c ../../DaisyExamples/libDaisy//build\libdaisy.a(usbd_core.o)
                0x0800c10c                USBD_LL_SOF
 .text.USBD_LL_IsoINIncomplete
                0x0800c128        0x4 ../../DaisyExamples/libDaisy//build\libdaisy.a(usbd_core.o)
                0x0800c128                USBD_LL_IsoINIncomplete
 .text.USBD_LL_IsoOUTIncomplete
                0x0800c12c        0x4 ../../DaisyExamples/libDaisy//build\libdaisy.a(usbd_core.o)
                0x0800c12c                USBD_LL_IsoOUTIncomplete
 .text.USBD_LL_DevConnected
                0x0800c130        0x4 ../../DaisyExamples/libDaisy//build\libdaisy.a(usbd_core.o)
                0x0800c130                USBD_LL_DevConnected
 .text.USBD_LL_DevDisconnected
                0x0800c134       0x18 ../../DaisyExamples/libDaisy//build\libdaisy.a(usbd_core.o)
                0x0800c134                USBD_LL_DevDisconnected
 .text.USBD_StdDevReq
                0x0800c14c      0x304 ../../DaisyExamples/libDaisy//build\libdaisy.a(usbd_ctlreq.o)
                0x0800c14c                USBD_StdDevReq
 .text.USBD_StdItfReq
                0x0800c450       0x68 ../../DaisyExamples/libDaisy//build\libdaisy.a(usbd_ctlreq.o)
                0x0800c450                USBD_StdItfReq
 .text.USBD_StdEPReq
                0x0800c4b8      0x13c ../../DaisyExamples/libDaisy//build\libdaisy.a(usbd_ctlreq.o)
                0x0800c4b8                USBD_StdEPReq
 .text.USBD_ParseSetupRequest
                0x0800c5f4       0x28 ../../DaisyExamples/libDaisy//build\libdaisy.a(usbd_ctlreq.o)
                0x0800c5f4                USBD_ParseSetupRequest
 .text.USBD_CtlSendData
                0x0800c61c       0x1c ../../DaisyExamples/libDaisy//build\libdaisy.a(usbd_ioreq.o)
                0x0800c61c                USBD_CtlSendData
 .text.USBD_CtlContinueSendData
                0x0800c638       0x14 ../../DaisyExamples/libDaisy//build\libdaisy.a(usbd_ioreq.o)
                0x0800c638                USBD_CtlContinueSendData
 .text.USBD_CtlContinueRx
                0x0800c64c       0x14 ../../DaisyExamples/libDaisy//build\libdaisy.a(usbd_ioreq.o)
                0x0800c64c                USBD_CtlContinueRx
 .text.USBD_CtlSendStatus
                0x0800c660       0x18 ../../DaisyExamples/libDaisy//build\libdaisy.a(usbd_ioreq.o)
                0x0800c660                USBD_CtlSendStatus
 .text.USBD_CtlReceiveStatus
                0x0800c678       0x18 ../../DaisyExamples/libDaisy//build\libdaisy.a(usbd_ioreq.o)
                0x0800c678                USBD_CtlReceiveStatus
 .text.USBH_LL_IncTimer
                0x0800c690       0x20 ../../DaisyExamples/libDaisy//build\libdaisy.a(usbh_core.o)
                0x0800c690                USBH_LL_IncTimer
 .text.USBH_LL_PortEnabled
                0x0800c6b0        0x8 ../../DaisyExamples/libDaisy//build\libdaisy.a(usbh_core.o)
                0x0800c6b0                USBH_LL_PortEnabled
 .text.USBH_LL_PortDisabled
                0x0800c6b8        0x8 ../../DaisyExamples/libDaisy//build\libdaisy.a(usbh_core.o)
                0x0800c6b8                USBH_LL_PortDisabled
 .text.USBH_LL_Connect
                0x0800c6c0       0x18 ../../DaisyExamples/libDaisy//build\libdaisy.a(usbh_core.o)
                0x0800c6c0                USBH_LL_Connect
 .text.USBH_LL_Disconnect
                0x0800c6d8       0x2c ../../DaisyExamples/libDaisy//build\libdaisy.a(usbh_core.o)
                0x0800c6d8                USBH_LL_Disconnect
 .text.USBH_FreePipe
                0x0800c704       0x18 ../../DaisyExamples/libDaisy//build\libdaisy.a(usbh_pipes.o)
                0x0800c704                USBH_FreePipe
 .text._ZN5daisy6Random4InitEv
                0x0800c71c       0x3c ../../DaisyExamples/libDaisy//build\libdaisy.a(rng.o)
                0x0800c71c                daisy::Random::Init()
 .text._ZN5daisy9SpiHandle4Impl7InitDmaEv
                0x0800c758       0xec ../../DaisyExamples/libDaisy//build\libdaisy.a(spi.o)
                0x0800c758                daisy::SpiHandle::Impl::InitDma()
 .text._ZN5daisy9SpiHandle4Impl10StartDmaTxEPhjPFvPvEPFvS3_NS0_6ResultEES3_
                0x0800c844       0xc8 ../../DaisyExamples/libDaisy//build\libdaisy.a(spi.o)
                0x0800c844                daisy::SpiHandle::Impl::StartDmaTx(unsigned char*, unsigned int, void (*)(void*), void (*)(void*, daisy::SpiHandle::Result), void*)
 .text._ZN5daisy9SpiHandle4Impl10StartDmaRxEPhjPFvPvEPFvS3_NS0_6ResultEES3_
                0x0800c90c       0xc8 ../../DaisyExamples/libDaisy//build\libdaisy.a(spi.o)
                0x0800c90c                daisy::SpiHandle::Impl::StartDmaRx(unsigned char*, unsigned int, void (*)(void*), void (*)(void*, daisy::SpiHandle::Result), void*)
 .text._ZN5daisy9SpiHandle4Impl12StartDmaRxTxEPhS2_jPFvPvEPFvS3_NS0_6ResultEES3_
                0x0800c9d4       0xcc ../../DaisyExamples/libDaisy//build\libdaisy.a(spi.o)
                0x0800c9d4                daisy::SpiHandle::Impl::StartDmaRxTx(unsigned char*, unsigned char*, unsigned int, void (*)(void*), void (*)(void*, daisy::SpiHandle::Result), void*)
 .text._ZN5daisy9SpiHandle4Impl8InitPinsEv
                0x0800caa0      0x274 ../../DaisyExamples/libDaisy//build\libdaisy.a(spi.o)
                0x0800caa0                daisy::SpiHandle::Impl::InitPins()
 .text.HAL_SPI_MspInit
                0x0800cd14      0x1a8 ../../DaisyExamples/libDaisy//build\libdaisy.a(spi.o)
                0x0800cd14                HAL_SPI_MspInit
 .text.dsy_spi_global_init
                0x0800cebc       0x80 ../../DaisyExamples/libDaisy//build\libdaisy.a(spi.o)
                0x0800cebc                dsy_spi_global_init
 .text.SPI1_IRQHandler
                0x0800cf3c        0xc ../../DaisyExamples/libDaisy//build\libdaisy.a(spi.o)
                0x0800cf3c                SPI1_IRQHandler
 .text.SPI2_IRQHandler
                0x0800cf48        0xc ../../DaisyExamples/libDaisy//build\libdaisy.a(spi.o)
                0x0800cf48                SPI2_IRQHandler
 .text.SPI3_IRQHandler
                0x0800cf54        0xc ../../DaisyExamples/libDaisy//build\libdaisy.a(spi.o)
                0x0800cf54                SPI3_IRQHandler
 .text.SPI4_IRQHandler
                0x0800cf60        0xc ../../DaisyExamples/libDaisy//build\libdaisy.a(spi.o)
                0x0800cf60                SPI4_IRQHandler
 .text.SPI5_IRQHandler
                0x0800cf6c        0xc ../../DaisyExamples/libDaisy//build\libdaisy.a(spi.o)
                0x0800cf6c                SPI5_IRQHandler
 .text.DMA2_Stream2_IRQHandler
                0x0800cf78       0x34 ../../DaisyExamples/libDaisy//build\libdaisy.a(spi.o)
                0x0800cf78                DMA2_Stream2_IRQHandler
 .text.DMA2_Stream3_IRQHandler
                0x0800cfac       0x38 ../../DaisyExamples/libDaisy//build\libdaisy.a(spi.o)
                0x0800cfac                DMA2_Stream3_IRQHandler
 .text.HAL_SPI_TxCpltCallback
                0x0800cfe4       0xc4 ../../DaisyExamples/libDaisy//build\libdaisy.a(spi.o)
                0x0800cfe4                HAL_SPI_TxCpltCallback
 .text.HAL_SPI_RxCpltCallback
                0x0800d0a8       0xc4 ../../DaisyExamples/libDaisy//build\libdaisy.a(spi.o)
                0x0800d0a8                HAL_SPI_RxCpltCallback
 .text.HAL_SPI_TxRxCpltCallback
                0x0800d16c       0xc4 ../../DaisyExamples/libDaisy//build\libdaisy.a(spi.o)
                0x0800d16c                HAL_SPI_TxRxCpltCallback
 .text.HAL_SPI_ErrorCallback
                0x0800d230       0xc8 ../../DaisyExamples/libDaisy//build\libdaisy.a(spi.o)
                0x0800d230                HAL_SPI_ErrorCallback
 .text.startup._GLOBAL__sub_I__Z19MapInstanceToHandleP11SPI_TypeDef
                0x0800d2f8      0x1b0 ../../DaisyExamples/libDaisy//build\libdaisy.a(spi.o)
 .text.HAL_TIM_Base_MspInit
                0x0800d4a8      0x1e0 ../../DaisyExamples/libDaisy//build\libdaisy.a(tim.o)
                0x0800d4a8                HAL_TIM_Base_MspInit
 .text.HAL_TIM_PeriodElapsedCallback
                0x0800d688       0x44 ../../DaisyExamples/libDaisy//build\libdaisy.a(tim.o)
                0x0800d688                HAL_TIM_PeriodElapsedCallback
 .text.TIM2_IRQHandler
                0x0800d6cc        0xc ../../DaisyExamples/libDaisy//build\libdaisy.a(tim.o)
                0x0800d6cc                TIM2_IRQHandler
 .text.TIM3_IRQHandler
                0x0800d6d8        0xc ../../DaisyExamples/libDaisy//build\libdaisy.a(tim.o)
                0x0800d6d8                TIM3_IRQHandler
 .text.TIM4_IRQHandler
                0x0800d6e4        0xc ../../DaisyExamples/libDaisy//build\libdaisy.a(tim.o)
                0x0800d6e4                TIM4_IRQHandler
 .text.TIM5_IRQHandler
                0x0800d6f0        0xc ../../DaisyExamples/libDaisy//build\libdaisy.a(tim.o)
                0x0800d6f0                TIM5_IRQHandler
 .text._ZN5daisy11TimerHandle4InitERKNS0_6ConfigE
                0x0800d6fc       0xd0 ../../DaisyExamples/libDaisy//build\libdaisy.a(tim.o)
                0x0800d6fc                daisy::TimerHandle::Init(daisy::TimerHandle::Config const&)
 .text._ZN5daisy11TimerHandle5StartEv
                0x0800d7cc       0x24 ../../DaisyExamples/libDaisy//build\libdaisy.a(tim.o)
                0x0800d7cc                daisy::TimerHandle::Start()
 .text.startup._GLOBAL__sub_I__ZN5daisy11TimerHandle4Impl4InitERKNS0_6ConfigE
                0x0800d7f0       0x38 ../../DaisyExamples/libDaisy//build\libdaisy.a(tim.o)
 .text._ZL20UART_CheckRxListenerPN5daisy11UartHandler4ImplE
                0x0800d828       0x84 ../../DaisyExamples/libDaisy//build\libdaisy.a(uart.o)
 .text._ZN5daisy11UartHandler4Impl10StartDmaTxEPhjPFvPvEPFvS3_NS0_6ResultEES3_
                0x0800d8ac      0x184 ../../DaisyExamples/libDaisy//build\libdaisy.a(uart.o)
                0x0800d8ac                daisy::UartHandler::Impl::StartDmaTx(unsigned char*, unsigned int, void (*)(void*), void (*)(void*, daisy::UartHandler::Result), void*)
 .text._ZN5daisy11UartHandler4Impl10StartDmaRxEPhjPFvPvEPFvS3_NS0_6ResultEES3_
                0x0800da30      0x184 ../../DaisyExamples/libDaisy//build\libdaisy.a(uart.o)
                0x0800da30                daisy::UartHandler::Impl::StartDmaRx(unsigned char*, unsigned int, void (*)(void*), void (*)(void*, daisy::UartHandler::Result), void*)
 .text._ZN5daisy11UartHandler4Impl19DmaTransferFinishedEP20__UART_HandleTypeDefNS0_6ResultE
                0x0800dbb4       0xc0 ../../DaisyExamples/libDaisy//build\libdaisy.a(uart.o)
                0x0800dbb4                daisy::UartHandler::Impl::DmaTransferFinished(__UART_HandleTypeDef*, daisy::UartHandler::Result)
 .text._ZN5daisy11UartHandler4Impl8InitPinsEv
                0x0800dc74      0x154 ../../DaisyExamples/libDaisy//build\libdaisy.a(uart.o)
                0x0800dc74                daisy::UartHandler::Impl::InitPins()
 .text.HAL_UART_MspInit
                0x0800ddc8      0x210 ../../DaisyExamples/libDaisy//build\libdaisy.a(uart.o)
                0x0800ddc8                HAL_UART_MspInit
 .text.dsy_uart_global_init
                0x0800dfd8      0x110 ../../DaisyExamples/libDaisy//build\libdaisy.a(uart.o)
                0x0800dfd8                dsy_uart_global_init
 .text.USART1_IRQHandler
                0x0800e0e8       0x2c ../../DaisyExamples/libDaisy//build\libdaisy.a(uart.o)
                0x0800e0e8                USART1_IRQHandler
 .text.USART2_IRQHandler
                0x0800e114       0x34 ../../DaisyExamples/libDaisy//build\libdaisy.a(uart.o)
                0x0800e114                USART2_IRQHandler
 .text.USART3_IRQHandler
                0x0800e148       0x34 ../../DaisyExamples/libDaisy//build\libdaisy.a(uart.o)
                0x0800e148                USART3_IRQHandler
 .text.UART4_IRQHandler
                0x0800e17c       0x34 ../../DaisyExamples/libDaisy//build\libdaisy.a(uart.o)
                0x0800e17c                UART4_IRQHandler
 .text.UART5_IRQHandler
                0x0800e1b0       0x34 ../../DaisyExamples/libDaisy//build\libdaisy.a(uart.o)
                0x0800e1b0                UART5_IRQHandler
 .text.USART6_IRQHandler
                0x0800e1e4       0x34 ../../DaisyExamples/libDaisy//build\libdaisy.a(uart.o)
                0x0800e1e4                USART6_IRQHandler
 .text.UART7_IRQHandler
                0x0800e218       0x34 ../../DaisyExamples/libDaisy//build\libdaisy.a(uart.o)
                0x0800e218                UART7_IRQHandler
 .text.UART8_IRQHandler
                0x0800e24c       0x34 ../../DaisyExamples/libDaisy//build\libdaisy.a(uart.o)
                0x0800e24c                UART8_IRQHandler
 .text.LPUART1_IRQHandler
                0x0800e280       0x34 ../../DaisyExamples/libDaisy//build\libdaisy.a(uart.o)
                0x0800e280                LPUART1_IRQHandler
 .text.DMA1_Stream5_IRQHandler
                0x0800e2b4       0x34 ../../DaisyExamples/libDaisy//build\libdaisy.a(uart.o)
                0x0800e2b4                DMA1_Stream5_IRQHandler
 .text.DMA2_Stream4_IRQHandler
                0x0800e2e8       0x38 ../../DaisyExamples/libDaisy//build\libdaisy.a(uart.o)
                0x0800e2e8                DMA2_Stream4_IRQHandler
 .text.HAL_UART_TxCpltCallback
                0x0800e320        0x8 ../../DaisyExamples/libDaisy//build\libdaisy.a(uart.o)
                0x0800e320                HAL_UART_TxCpltCallback
 .text.HAL_UART_RxCpltCallback
                0x0800e328       0x94 ../../DaisyExamples/libDaisy//build\libdaisy.a(uart.o)
                0x0800e328                HAL_UART_RxCpltCallback
 .text.HAL_UART_RxHalfCpltCallback
                0x0800e3bc       0x90 ../../DaisyExamples/libDaisy//build\libdaisy.a(uart.o)
                0x0800e3bc                HAL_UART_RxHalfCpltCallback
 .text.HAL_UART_ErrorCallback
                0x0800e44c        0x8 ../../DaisyExamples/libDaisy//build\libdaisy.a(uart.o)
                0x0800e44c                HAL_UART_ErrorCallback
 .text.startup._GLOBAL__sub_I__Z19MapInstanceToHandleP13USART_TypeDef
                0x0800e454      0x194 ../../DaisyExamples/libDaisy//build\libdaisy.a(uart.o)
 .text.dsy_dma_init
                0x0800e5e8      0x100 ../../DaisyExamples/libDaisy//build\libdaisy.a(dma.o)
                0x0800e5e8                dsy_dma_init
 .text.dsy_dma_invalidate_cache_for_buffer
                0x0800e6e8       0x2c ../../DaisyExamples/libDaisy//build\libdaisy.a(dma.o)
                0x0800e6e8                dsy_dma_invalidate_cache_for_buffer
 .text.HAL_MDMA_Abort_IT
                0x0800e714       0x2c ../../DaisyExamples/libDaisy//build\libdaisy.a(stm32h7xx_hal_mdma.o)
                0x0800e714                HAL_MDMA_Abort_IT
 .text.SPI_CloseTransfer
                0x0800e740       0xb8 ../../DaisyExamples/libDaisy//build\libdaisy.a(stm32h7xx_hal_spi.o)
 .text.HAL_SPI_Init
                0x0800e7f8      0x15c ../../DaisyExamples/libDaisy//build\libdaisy.a(stm32h7xx_hal_spi.o)
                0x0800e7f8                HAL_SPI_Init
 .text.HAL_SPI_Transmit_DMA
                0x0800e954      0x170 ../../DaisyExamples/libDaisy//build\libdaisy.a(stm32h7xx_hal_spi.o)
                0x0800e954                HAL_SPI_Transmit_DMA
 .text.HAL_SPI_TransmitReceive_DMA
                0x0800eac4      0x218 ../../DaisyExamples/libDaisy//build\libdaisy.a(stm32h7xx_hal_spi.o)
                0x0800eac4                HAL_SPI_TransmitReceive_DMA
 .text.HAL_SPI_Receive_DMA
                0x0800ecdc      0x1b4 ../../DaisyExamples/libDaisy//build\libdaisy.a(stm32h7xx_hal_spi.o)
                0x0800ecdc                HAL_SPI_Receive_DMA
 .text.SPI_DMATransmitCplt
                0x0800ee90       0x28 ../../DaisyExamples/libDaisy//build\libdaisy.a(stm32h7xx_hal_spi.o)
 .text.SPI_DMAReceiveCplt
                0x0800eeb8       0x28 ../../DaisyExamples/libDaisy//build\libdaisy.a(stm32h7xx_hal_spi.o)
 .text.SPI_DMATransmitReceiveCplt
                0x0800eee0       0x28 ../../DaisyExamples/libDaisy//build\libdaisy.a(stm32h7xx_hal_spi.o)
 .text.HAL_SPI_TxHalfCpltCallback
                0x0800ef08        0x4 ../../DaisyExamples/libDaisy//build\libdaisy.a(stm32h7xx_hal_spi.o)
                0x0800ef08                HAL_SPI_TxHalfCpltCallback
 .text.SPI_DMAHalfTransmitCplt
                0x0800ef0c        0xc ../../DaisyExamples/libDaisy//build\libdaisy.a(stm32h7xx_hal_spi.o)
 .text.HAL_SPI_RxHalfCpltCallback
                0x0800ef18        0x4 ../../DaisyExamples/libDaisy//build\libdaisy.a(stm32h7xx_hal_spi.o)
                0x0800ef18                HAL_SPI_RxHalfCpltCallback
 .text.SPI_DMAHalfReceiveCplt
                0x0800ef1c        0xc ../../DaisyExamples/libDaisy//build\libdaisy.a(stm32h7xx_hal_spi.o)
 .text.HAL_SPI_TxRxHalfCpltCallback
                0x0800ef28        0x4 ../../DaisyExamples/libDaisy//build\libdaisy.a(stm32h7xx_hal_spi.o)
                0x0800ef28                HAL_SPI_TxRxHalfCpltCallback
 .text.SPI_DMAHalfTransmitReceiveCplt
                0x0800ef2c        0xc ../../DaisyExamples/libDaisy//build\libdaisy.a(stm32h7xx_hal_spi.o)
 .text.SPI_DMAError
                0x0800ef38       0xd8 ../../DaisyExamples/libDaisy//build\libdaisy.a(stm32h7xx_hal_spi.o)
 .text.HAL_SPI_IRQHandler
                0x0800f010      0x23c ../../DaisyExamples/libDaisy//build\libdaisy.a(stm32h7xx_hal_spi.o)
                0x0800f010                HAL_SPI_IRQHandler
 .text.SPI_DMAAbortOnError
                0x0800f24c       0x1c ../../DaisyExamples/libDaisy//build\libdaisy.a(stm32h7xx_hal_spi.o)
 .text.HAL_SPI_GetState
                0x0800f268        0x8 ../../DaisyExamples/libDaisy//build\libdaisy.a(stm32h7xx_hal_spi.o)
                0x0800f268                HAL_SPI_GetState
 .text.HAL_TIM_Base_Init
                0x0800f270      0x140 ../../DaisyExamples/libDaisy//build\libdaisy.a(stm32h7xx_hal_tim.o)
                0x0800f270                HAL_TIM_Base_Init
 .text.HAL_TIM_Base_Start
                0x0800f3b0       0x34 ../../DaisyExamples/libDaisy//build\libdaisy.a(stm32h7xx_hal_tim.o)
                0x0800f3b0                HAL_TIM_Base_Start
 .text.HAL_TIM_Base_Start_IT
                0x0800f3e4       0x2c ../../DaisyExamples/libDaisy//build\libdaisy.a(stm32h7xx_hal_tim.o)
                0x0800f3e4                HAL_TIM_Base_Start_IT
 .text.HAL_TIM_ConfigClockSource
                0x0800f410      0x17c ../../DaisyExamples/libDaisy//build\libdaisy.a(stm32h7xx_hal_tim.o)
                0x0800f410                HAL_TIM_ConfigClockSource
 .text.HAL_TIM_OC_DelayElapsedCallback
                0x0800f58c        0x4 ../../DaisyExamples/libDaisy//build\libdaisy.a(stm32h7xx_hal_tim.o)
                0x0800f58c                HAL_TIM_OC_DelayElapsedCallback
 .text.HAL_TIM_IC_CaptureCallback
                0x0800f590        0x4 ../../DaisyExamples/libDaisy//build\libdaisy.a(stm32h7xx_hal_tim.o)
                0x0800f590                HAL_TIM_IC_CaptureCallback
 .text.HAL_TIM_PWM_PulseFinishedCallback
                0x0800f594        0x4 ../../DaisyExamples/libDaisy//build\libdaisy.a(stm32h7xx_hal_tim.o)
                0x0800f594                HAL_TIM_PWM_PulseFinishedCallback
 .text.HAL_TIM_TriggerCallback
                0x0800f598        0x4 ../../DaisyExamples/libDaisy//build\libdaisy.a(stm32h7xx_hal_tim.o)
                0x0800f598                HAL_TIM_TriggerCallback
 .text.HAL_TIM_IRQHandler
                0x0800f59c      0x170 ../../DaisyExamples/libDaisy//build\libdaisy.a(stm32h7xx_hal_tim.o)
                0x0800f59c                HAL_TIM_IRQHandler
 .text.HAL_TIMEx_MasterConfigSynchronization
                0x0800f70c       0x64 ../../DaisyExamples/libDaisy//build\libdaisy.a(stm32h7xx_hal_tim_ex.o)
                0x0800f70c                HAL_TIMEx_MasterConfigSynchronization
 .text.HAL_TIMEx_CommutCallback
                0x0800f770        0x4 ../../DaisyExamples/libDaisy//build\libdaisy.a(stm32h7xx_hal_tim_ex.o)
                0x0800f770                HAL_TIMEx_CommutCallback
 .text.HAL_TIMEx_BreakCallback
                0x0800f774        0x4 ../../DaisyExamples/libDaisy//build\libdaisy.a(stm32h7xx_hal_tim_ex.o)
                0x0800f774                HAL_TIMEx_BreakCallback
 .text.HAL_TIMEx_Break2Callback
                0x0800f778        0x4 ../../DaisyExamples/libDaisy//build\libdaisy.a(stm32h7xx_hal_tim_ex.o)
                0x0800f778                HAL_TIMEx_Break2Callback
 .text.HAL_UART_Transmit_DMA
                0x0800f77c       0xa4 ../../DaisyExamples/libDaisy//build\libdaisy.a(stm32h7xx_hal_uart.o)
                0x0800f77c                HAL_UART_Transmit_DMA
 .text.HAL_UART_Receive_DMA
                0x0800f820       0xac ../../DaisyExamples/libDaisy//build\libdaisy.a(stm32h7xx_hal_uart.o)
                0x0800f820                HAL_UART_Receive_DMA
 .text.UART_DMATransmitCplt
                0x0800f8cc       0x2c ../../DaisyExamples/libDaisy//build\libdaisy.a(stm32h7xx_hal_uart.o)
 .text.HAL_UART_TxHalfCpltCallback
                0x0800f8f8        0x4 ../../DaisyExamples/libDaisy//build\libdaisy.a(stm32h7xx_hal_uart.o)
                0x0800f8f8                HAL_UART_TxHalfCpltCallback
 .text.UART_DMATxHalfCplt
                0x0800f8fc        0xc ../../DaisyExamples/libDaisy//build\libdaisy.a(stm32h7xx_hal_uart.o)
 .text.UART_DMAReceiveCplt
                0x0800f908       0x38 ../../DaisyExamples/libDaisy//build\libdaisy.a(stm32h7xx_hal_uart.o)
 .text.UART_DMARxHalfCplt
                0x0800f940        0xc ../../DaisyExamples/libDaisy//build\libdaisy.a(stm32h7xx_hal_uart.o)
 .text.UART_DMAError
                0x0800f94c       0x78 ../../DaisyExamples/libDaisy//build\libdaisy.a(stm32h7xx_hal_uart.o)
 .text.HAL_UART_IRQHandler
                0x0800f9c4      0x1d0 ../../DaisyExamples/libDaisy//build\libdaisy.a(stm32h7xx_hal_uart.o)
                0x0800f9c4                HAL_UART_IRQHandler
 .text.UART_DMAAbortOnError
                0x0800fb94       0x14 ../../DaisyExamples/libDaisy//build\libdaisy.a(stm32h7xx_hal_uart.o)
 .text.HAL_UART_GetState
                0x0800fba8        0xc ../../DaisyExamples/libDaisy//build\libdaisy.a(stm32h7xx_hal_uart.o)
                0x0800fba8                HAL_UART_GetState
 .text.UART_SetConfig
                0x0800fbb4     0x14b8 ../../DaisyExamples/libDaisy//build\libdaisy.a(stm32h7xx_hal_uart.o)
                0x0800fbb4                UART_SetConfig
 .text.UART_AdvFeatureConfig
                0x0801106c       0xb0 ../../DaisyExamples/libDaisy//build\libdaisy.a(stm32h7xx_hal_uart.o)
                0x0801106c                UART_AdvFeatureConfig
 .text.UART_CheckIdleState
                0x0801111c       0x84 ../../DaisyExamples/libDaisy//build\libdaisy.a(stm32h7xx_hal_uart.o)
                0x0801111c                UART_CheckIdleState
 .text.HAL_UART_Init
                0x080111a0       0x68 ../../DaisyExamples/libDaisy//build\libdaisy.a(stm32h7xx_hal_uart.o)
                0x080111a0                HAL_UART_Init
 .text.HAL_UARTEx_WakeupCallback
                0x08011208        0x4 ../../DaisyExamples/libDaisy//build\libdaisy.a(stm32h7xx_hal_uart_ex.o)
                0x08011208                HAL_UARTEx_WakeupCallback
 .text.HAL_UARTEx_RxFifoFullCallback
                0x0801120c        0x4 ../../DaisyExamples/libDaisy//build\libdaisy.a(stm32h7xx_hal_uart_ex.o)
                0x0801120c                HAL_UARTEx_RxFifoFullCallback
 .text.HAL_UARTEx_TxFifoEmptyCallback
                0x08011210        0x4 ../../DaisyExamples/libDaisy//build\libdaisy.a(stm32h7xx_hal_uart_ex.o)
                0x08011210                HAL_UARTEx_TxFifoEmptyCallback
 .text._ZN7daisysp10Oscillator7ProcessEv
                0x08011214      0x374 ../../DaisyExamples/DaisySP//build\libdaisysp.a(oscillator.o)
                0x08011214                daisysp::Oscillator::Process()
 .text._ZN7daisysp10Oscillator12CalcPhaseIncEf
                0x08011588        0xc ../../DaisyExamples/DaisySP//build\libdaisysp.a(oscillator.o)
                0x08011588                daisysp::Oscillator::CalcPhaseInc(float)
 .text.__aeabi_atexit
                0x08011594        0xa c:/program files/daisytoolchain/bin/../lib/gcc/arm-none-eabi/10.2.1/../../../../arm-none-eabi/lib/thumb/v7e-m+dp/hard\libstdc++_nano.a(atexit_arm.o)
                0x08011594                __aeabi_atexit
 *fill*         0x0801159e        0x2 
 .text.powf     0x080115a0      0x328 c:/program files/daisytoolchain/bin/../lib/gcc/arm-none-eabi/10.2.1/../../../../arm-none-eabi/lib/thumb/v7e-m+dp/hard\libm.a(lib_a-sf_pow.o)
                0x080115a0                powf
 .text.sinf     0x080118c8      0x20c c:/program files/daisytoolchain/bin/../lib/gcc/arm-none-eabi/10.2.1/../../../../arm-none-eabi/lib/thumb/v7e-m+dp/hard\libm.a(lib_a-sinf.o)
                0x080118c8                sinf
 .text.with_errnof
                0x08011ad4       0x18 c:/program files/daisytoolchain/bin/../lib/gcc/arm-none-eabi/10.2.1/../../../../arm-none-eabi/lib/thumb/v7e-m+dp/hard\libm.a(lib_a-math_errf.o)
 .text.xflowf   0x08011aec       0x20 c:/program files/daisytoolchain/bin/../lib/gcc/arm-none-eabi/10.2.1/../../../../arm-none-eabi/lib/thumb/v7e-m+dp/hard\libm.a(lib_a-math_errf.o)
 .text.__math_uflowf
                0x08011b0c        0xc c:/program files/daisytoolchain/bin/../lib/gcc/arm-none-eabi/10.2.1/../../../../arm-none-eabi/lib/thumb/v7e-m+dp/hard\libm.a(lib_a-math_errf.o)
                0x08011b0c                __math_uflowf
 .text.__math_may_uflowf
                0x08011b18        0xc c:/program files/daisytoolchain/bin/../lib/gcc/arm-none-eabi/10.2.1/../../../../arm-none-eabi/lib/thumb/v7e-m+dp/hard\libm.a(lib_a-math_errf.o)
                0x08011b18                __math_may_uflowf
 .text.__math_oflowf
                0x08011b24        0xc c:/program files/daisytoolchain/bin/../lib/gcc/arm-none-eabi/10.2.1/../../../../arm-none-eabi/lib/thumb/v7e-m+dp/hard\libm.a(lib_a-math_errf.o)
                0x08011b24                __math_oflowf
 .text.__math_divzerof
                0x08011b30       0x24 c:/program files/daisytoolchain/bin/../lib/gcc/arm-none-eabi/10.2.1/../../../../arm-none-eabi/lib/thumb/v7e-m+dp/hard\libm.a(lib_a-math_errf.o)
                0x08011b30                __math_divzerof
 .text.__math_invalidf
                0x08011b54       0x20 c:/program files/daisytoolchain/bin/../lib/gcc/arm-none-eabi/10.2.1/../../../../arm-none-eabi/lib/thumb/v7e-m+dp/hard\libm.a(lib_a-math_errf.o)
                0x08011b54                __math_invalidf
 .text.__cxa_atexit
                0x08011b74       0x1c c:/program files/daisytoolchain/bin/../lib/gcc/arm-none-eabi/10.2.1/../../../../arm-none-eabi/lib/thumb/v7e-m+dp/hard\libc_nano.a(lib_a-cxa_atexit.o)
                0x08011b74                __cxa_atexit
 .text.__errno  0x08011b90        0xc c:/program files/daisytoolchain/bin/../lib/gcc/arm-none-eabi/10.2.1/../../../../arm-none-eabi/lib/thumb/v7e-m+dp/hard\libc_nano.a(lib_a-errno.o)
                0x08011b90                __errno
 .text.__libc_init_array
                0x08011b9c       0x48 c:/program files/daisytoolchain/bin/../lib/gcc/arm-none-eabi/10.2.1/../../../../arm-none-eabi/lib/thumb/v7e-m+dp/hard\libc_nano.a(lib_a-init.o)
                0x08011b9c                __libc_init_array
 .text.memcpy   0x08011be4       0x1c c:/program files/daisytoolchain/bin/../lib/gcc/arm-none-eabi/10.2.1/../../../../arm-none-eabi/lib/thumb/v7e-m+dp/hard\libc_nano.a(lib_a-memcpy-stub.o)
                0x08011be4                memcpy
 .text.memset   0x08011c00       0x10 c:/program files/daisytoolchain/bin/../lib/gcc/arm-none-eabi/10.2.1/../../../../arm-none-eabi/lib/thumb/v7e-m+dp/hard\libc_nano.a(lib_a-memset.o)
                0x08011c00                memset
 *(.rodata)
 .rodata        0x08011c10       0x10 ../../DaisyExamples/libDaisy//build\libdaisy.a(i2c.o)
 .rodata        0x08011c20       0x10 ../../DaisyExamples/libDaisy//build\libdaisy.a(tim.o)
 .rodata        0x08011c30       0x12 ../../DaisyExamples/libDaisy//build\libdaisy.a(uart.o)
 *(.rodata*)
 *fill*         0x08011c42        0x2 
 .rodata._ZN5daisy4seedL2D2E
                0x08011c44        0x2 build/common_hello.o
 *fill*         0x08011c46        0x2 
 .rodata._ZN5daisy4seedL2D3E
                0x08011c48        0x2 build/common_hello.o
 *fill*         0x08011c4a        0x2 
 .rodata._ZN5daisy4seedL2D4E
                0x08011c4c        0x2 build/common_hello.o
 *fill*         0x08011c4e        0x2 
 .rodata._ZN5daisy4seedL2D5E
                0x08011c50        0x2 build/common_hello.o
 *fill*         0x08011c52        0x2 
 .rodata._ZN5daisy4seedL3D26E
                0x08011c54        0x2 build/common_hello.o
 *fill*         0x08011c56        0x2 
 .rodata._ZN5daisy4seedL3D27E
                0x08011c58        0x2 build/common_hello.o
 *fill*         0x08011c5a        0x2 
 .rodata._ZN5daisy4seedL3D29E
                0x08011c5c        0x2 build/common_hello.o
 *fill*         0x08011c5e        0x2 
 .rodata._ZN5daisy4seedL3D30E
                0x08011c60        0x2 build/common_hello.o
 *fill*         0x08011c62        0x2 
 .rodata._ZL16dsy_adc_rank_map
                0x08011c64       0x40 ../../DaisyExamples/libDaisy//build\libdaisy.a(adc.o)
 .rodata.CSWTCH.35
                0x08011ca4        0x3 ../../DaisyExamples/libDaisy//build\libdaisy.a(sai.o)
 *fill*         0x08011ca7        0x1 
 .rodata.CSWTCH.36
                0x08011ca8        0xc ../../DaisyExamples/libDaisy//build\libdaisy.a(sai.o)
 .rodata.CSWTCH.44
                0x08011cb4       0x14 ../../DaisyExamples/libDaisy//build\libdaisy.a(sai.o)
 .rodata.D1CorePrescTable
                0x08011cc8       0x10 ../../DaisyExamples/libDaisy//build\libdaisy.a(system_stm32h7xx.o)
                0x08011cc8                D1CorePrescTable
 .rodata.CSWTCH.24
                0x08011cd8        0x4 ../../DaisyExamples/libDaisy//build\libdaisy.a(usbd_conf.o)
 .rodata.CSWTCH.19
                0x08011cdc        0x4 ../../DaisyExamples/libDaisy//build\libdaisy.a(usbh_conf.o)
 .rodata.gpio_hal_pin_map