Archive member included to satisfy reference by file (symbol)

../../DaisyExamples/libDaisy//build\libdaisy.a(daisy_seed.o)
                              build/common_hello.o (daisy::DaisySeed::StartAudio(void (*)(float const* const*, float**, unsigned int)))
../../DaisyExamples/libDaisy//build\libdaisy.a(codec_ak4556.o)
                              ../../DaisyExamples/libDaisy//build\libdaisy.a(daisy_seed.o) (daisy::Ak4556::Init(dsy_gpio_pin))
../../DaisyExamples/libDaisy//build\libdaisy.a(codec_wm8731.o)
                              ../../DaisyExamples/libDaisy//build\libdaisy.a(daisy_seed.o) (daisy::Wm8731::Init(daisy::Wm8731::Config const&, daisy::I2CHandle))
../../DaisyExamples/libDaisy//build\libdaisy.a(sdram.o)
                              ../../DaisyExamples/libDaisy//build\libdaisy.a(daisy_seed.o) (SdramHandle::Init())
../../DaisyExamples/libDaisy//build\libdaisy.a(audio.o)
                              ../../DaisyExamples/libDaisy//build\libdaisy.a(daisy_seed.o) (daisy::AudioHandle::Init(daisy::AudioHandle::Config const&, daisy::SaiHandle))
../../DaisyExamples/libDaisy//build\libdaisy.a(switch.o)
                              build/daisy_common.o (daisy::Switch::Init(dsy_gpio_pin, float))
../../DaisyExamples/libDaisy//build\libdaisy.a(adc.o)
                              build/daisy_common.o (daisy::AdcChannelConfig::InitSingle(dsy_gpio_pin, daisy::AdcChannelConfig::ConversionSpeed))
../../DaisyExamples/libDaisy//build\libdaisy.a(gpio.o)
                              build/daisy_common.o (daisy::GPIO::Init(daisy::Pin, daisy::GPIO::Mode, daisy::GPIO::Pull, daisy::GPIO::Speed))
../../DaisyExamples/libDaisy//build\libdaisy.a(i2c.o)
                              ../../DaisyExamples/libDaisy//build\libdaisy.a(daisy_seed.o) (daisy::I2CHandle::Init(daisy::I2CHandle::Config const&))
../../DaisyExamples/libDaisy//build\libdaisy.a(qspi.o)
                              ../../DaisyExamples/libDaisy//build\libdaisy.a(daisy_seed.o) (daisy::QSPIHandle::Init(daisy::QSPIHandle::Config const&))
../../DaisyExamples/libDaisy//build\libdaisy.a(sai.o)
                              ../../DaisyExamples/libDaisy//build\libdaisy.a(daisy_seed.o) (daisy::SaiHandle::Init(daisy::SaiHandle::Config const&))
../../DaisyExamples/libDaisy//build\libdaisy.a(system.o)
                              ../../DaisyExamples/libDaisy//build\libdaisy.a(daisy_seed.o) (daisy::System::DeInit())
../../DaisyExamples/libDaisy//build\libdaisy.a(system_stm32h7xx.o)
                              build/startup_stm32h750xx.o (SystemInit)
../../DaisyExamples/libDaisy//build\libdaisy.a(usbd_conf.o)
                              ../../DaisyExamples/libDaisy//build\libdaisy.a(system.o) (hpcd_USB_OTG_HS)
../../DaisyExamples/libDaisy//build\libdaisy.a(usbh_conf.o)
                              ../../DaisyExamples/libDaisy//build\libdaisy.a(system.o) (hhcd_USB_OTG_HS)
../../DaisyExamples/libDaisy//build\libdaisy.a(hal_map.o)
                              ../../DaisyExamples/libDaisy//build\libdaisy.a(gpio.o) (dsy_hal_map_get_port)
../../DaisyExamples/libDaisy//build\libdaisy.a(stm32h7xx_hal.o)
                              ../../DaisyExamples/libDaisy//build\libdaisy.a(system.o) (HAL_Init)
../../DaisyExamples/libDaisy//build\libdaisy.a(stm32h7xx_hal_adc.o)
                              ../../DaisyExamples/libDaisy//build\libdaisy.a(adc.o) (HAL_ADC_ConfigChannel)
../../DaisyExamples/libDaisy//build\libdaisy.a(stm32h7xx_hal_adc_ex.o)
                              ../../DaisyExamples/libDaisy//build\libdaisy.a(adc.o) (HAL_ADCEx_Calibration_Start)
../../DaisyExamples/libDaisy//build\libdaisy.a(stm32h7xx_hal_cortex.o)
                              ../../DaisyExamples/libDaisy//build\libdaisy.a(stm32h7xx_hal.o) (HAL_NVIC_SetPriorityGrouping)
../../DaisyExamples/libDaisy//build\libdaisy.a(stm32h7xx_hal_dma.o)
                              ../../DaisyExamples/libDaisy//build\libdaisy.a(adc.o) (HAL_DMA_Init)
../../DaisyExamples/libDaisy//build\libdaisy.a(stm32h7xx_hal_gpio.o)
                              ../../DaisyExamples/libDaisy//build\libdaisy.a(sdram.o) (HAL_GPIO_Init)
../../DaisyExamples/libDaisy//build\libdaisy.a(stm32h7xx_hal_hcd.o)
                              ../../DaisyExamples/libDaisy//build\libdaisy.a(usbh_conf.o) (HAL_HCD_HC_Init)
../../DaisyExamples/libDaisy//build\libdaisy.a(stm32h7xx_hal_i2c.o)
                              ../../DaisyExamples/libDaisy//build\libdaisy.a(i2c.o) (HAL_I2C_Init)
../../DaisyExamples/libDaisy//build\libdaisy.a(stm32h7xx_hal_i2c_ex.o)
                              ../../DaisyExamples/libDaisy//build\libdaisy.a(i2c.o) (HAL_I2CEx_ConfigAnalogFilter)
../../DaisyExamples/libDaisy//build\libdaisy.a(stm32h7xx_hal_pcd.o)
                              ../../DaisyExamples/libDaisy//build\libdaisy.a(usbd_conf.o) (HAL_PCD_Init)
../../DaisyExamples/libDaisy//build\libdaisy.a(stm32h7xx_hal_pcd_ex.o)
                              ../../DaisyExamples/libDaisy//build\libdaisy.a(usbd_conf.o) (HAL_PCDEx_SetTxFiFo)
[...]
Memory Configuration

Name             Origin             Length             Attributes
FLASH            0x08000000         0x00020000         xr
DTCMRAM          0x20000000         0x00020000         xrw
SRAM             0x24000000         0x00080000         xrw
RAM_D2           0x30000000         0x00048000         xrw
RAM_D3           0x38000000         0x00010000         xrw
BACKUP_SRAM      0x38800000         0x00001000         xrw
ITCMRAM          0x00000000         0x00010000         xrw
SDRAM            0xc0000000         0x04000000         xrw
QSPIFLASH        0x90000000         0x00800000         xr
*default*        0x00000000         0xffffffff

Linker script and memory map

LOAD c:/program files/daisytoolchain/bin/../lib/gcc/arm-none-eabi/10.2.1/thumb/v7e-m+dp/hard/crti.o
LOAD c:/program files/daisytoolchain/bin/../lib/gcc/arm-none-eabi/10.2.1/thumb/v7e-m+dp/hard/crtbegin.o
LOAD c:/program files/daisytoolchain/bin/../lib/gcc/arm-none-eabi/10.2.1/../../../../arm-none-eabi/lib/thumb/v7e-m+dp/hard/crt0.o
LOAD build/startup_stm32h750xx.o
LOAD build/common_hello.o
LOAD build/daisy_common.o
LOAD ../../DaisyExamples/libDaisy//build\libdaisy.a
LOAD c:/program files/daisytoolchain/bin/../lib/gcc/arm-none-eabi/10.2.1/../../../../arm-none-eabi/lib/thumb/v7e-m+dp/hard\libnosys.a
LOAD ../../DaisyExamples/DaisySP//build\libdaisysp.a
LOAD c:/program files/daisytoolchain/bin/../lib/gcc/arm-none-eabi/10.2.1/../../../../arm-none-eabi/lib/thumb/v7e-m+dp/hard\libstdc++_nano.a
LOAD c:/program files/daisytoolchain/bin/../lib/gcc/arm-none-eabi/10.2.1/../../../../arm-none-eabi/lib/thumb/v7e-m+dp/hard\libm.a
LOAD c:/program files/daisytoolchain/bin/../lib/gcc/arm-none-eabi/10.2.1/../../../../arm-none-eabi/lib/thumb/v7e-m+dp/hard\libc_nano.a
START GROUP
LOAD c:/program files/daisytoolchain/bin/../lib/gcc/arm-none-eabi/10.2.1/thumb/v7e-m+dp/hard\libgcc.a
LOAD c:/program files/daisytoolchain/bin/../lib/gcc/arm-none-eabi/10.2.1/../../../../arm-none-eabi/lib/thumb/v7e-m+dp/hard\libc_nano.a
END GROUP
START GROUP
LOAD c:/program files/daisytoolchain/bin/../lib/gcc/arm-none-eabi/10.2.1/thumb/v7e-m+dp/hard\libgcc.a
LOAD c:/program files/daisytoolchain/bin/../lib/gcc/arm-none-eabi/10.2.1/../../../../arm-none-eabi/lib/thumb/v7e-m+dp/hard\libc_nano.a
LOAD c:/program files/daisytoolchain/bin/../lib/gcc/arm-none-eabi/10.2.1/../../../../arm-none-eabi/lib/thumb/v7e-m+dp/hard\libnosys.a
END GROUP
START GROUP
LOAD c:/program files/daisytoolchain/bin/../lib/gcc/arm-none-eabi/10.2.1/thumb/v7e-m+dp/hard\libgcc.a
LOAD c:/program files/daisytoolchain/bin/../lib/gcc/arm-none-eabi/10.2.1/../../../../arm-none-eabi/lib/thumb/v7e-m+dp/hard\libc_nano.a
LOAD c:/program files/daisytoolchain/bin/../lib/gcc/arm-none-eabi/10.2.1/../../../../arm-none-eabi/lib/thumb/v7e-m+dp/hard\libnosys.a
END GROUP
LOAD c:/program files/daisytoolchain/bin/../lib/gcc/arm-none-eabi/10.2.1/thumb/v7e-m+dp/hard/crtend.o
LOAD c:/program files/daisytoolchain/bin/../lib/gcc/arm-none-eabi/10.2.1/thumb/v7e-m+dp/hard/crtn.o
                0x20020000                _estack = 0x20020000

.isr_vector     0x08000000      0x298
                0x08000000                . = ALIGN (0x4)
 *(.isr_vector)
 .isr_vector    0x08000000      0x298 build/startup_stm32h750xx.o
                0x08000000                g_pfnVectors
                0x08000298                . = ALIGN (0x4)

.text           0x08000298    0x12280
                0x08000298                . = ALIGN (0x4)
                0x08000298                _stext = .
 *(.text)
 .text          0x08000298       0x40 c:/program files/daisytoolchain/bin/../lib/gcc/arm-none-eabi/10.2.1/thumb/v7e-m+dp/hard/crtbegin.o
 .text          0x080002d8      0x378 c:/program files/daisytoolchain/bin/../lib/gcc/arm-none-eabi/10.2.1/thumb/v7e-m+dp/hard\libgcc.a(_arm_addsubdf3.o)
                0x080002d8                __aeabi_drsub
                0x080002e0                __aeabi_dsub
                0x080002e0                __subdf3
                0x080002e4                __aeabi_dadd
                0x080002e4                __adddf3
                0x0800055c                __floatunsidf
                0x0800055c                __aeabi_ui2d
                0x0800057c                __floatsidf
                0x0800057c                __aeabi_i2d
                0x080005a0                __aeabi_f2d
                0x080005a0                __extendsfdf2
                0x080005e4                __floatundidf
                0x080005e4                __aeabi_ul2d
                0x080005f4                __floatdidf
                0x080005f4                __aeabi_l2d
 .text          0x08000650       0x30 c:/program files/daisytoolchain/bin/../lib/gcc/arm-none-eabi/10.2.1/thumb/v7e-m+dp/hard\libgcc.a(_aeabi_uldivmod.o)
                0x08000650                __aeabi_uldivmod
 .text          0x08000680      0x2d0 c:/program files/daisytoolchain/bin/../lib/gcc/arm-none-eabi/10.2.1/thumb/v7e-m+dp/hard\libgcc.a(_udivmoddi4.o)
                0x08000680                __udivmoddi4
 .text          0x08000950        0x4 c:/program files/daisytoolchain/bin/../lib/gcc/arm-none-eabi/10.2.1/thumb/v7e-m+dp/hard\libgcc.a(_dvmd_tls.o)
                0x08000950                __aeabi_idiv0
                0x08000950                __aeabi_ldiv0
 *(.text*)
 .text.Default_Handler
                0x08000954        0x4 build/startup_stm32h750xx.o
                0x08000954                RTC_Alarm_IRQHandler
                0x08000954                HASH_RNG_IRQHandler
                0x08000954                EXTI2_IRQHandler
                0x08000954                TIM8_CC_IRQHandler
                0x08000954                HRTIM1_Master_IRQHandler
                0x08000954                DebugMon_Handler
                0x08000954                TIM1_CC_IRQHandler
                0x08000954                BDMA_Channel6_IRQHandler
                0x08000954                DMA2_Stream5_IRQHandler
                0x08000954                HRTIM1_FLT_IRQHandler
                0x08000954                JPEG_IRQHandler
                0x08000954                BDMA_Channel1_IRQHandler
                0x08000954                HRTIM1_TIMD_IRQHandler
                0x08000954                TAMP_STAMP_IRQHandler
                0x08000954                PendSV_Handler
                0x08000954                NMI_Handler
                0x08000954                EXTI3_IRQHandler
                0x08000954                LPTIM4_IRQHandler
                0x08000954                TIM8_TRG_COM_TIM14_IRQHandler
                0x08000954                LPTIM2_IRQHandler
                0x08000954                DFSDM1_FLT1_IRQHandler
                0x08000954                DMAMUX2_OVR_IRQHandler
                0x08000954                TIM8_UP_TIM13_IRQHandler
                0x08000954                I2C3_ER_IRQHandler
                0x08000954                DFSDM1_FLT2_IRQHandler
                0x08000954                MDMA_IRQHandler
                0x08000954                LPTIM3_IRQHandler
                0x08000954                HSEM1_IRQHandler
                0x08000954                EXTI0_IRQHandler
                0x08000954                FPU_IRQHandler
                0x08000954                OTG_HS_WKUP_IRQHandler
                0x08000954                FDCAN1_IT1_IRQHandler
                0x08000954                UsageFault_Handler
                0x08000954                LTDC_ER_IRQHandler
                0x08000954                HRTIM1_TIME_IRQHandler
                0x08000954                TIM6_DAC_IRQHandler
                0x08000954                DCMI_IRQHandler
                0x08000954                HRTIM1_TIMC_IRQHandler
                0x08000954                SAI2_IRQHandler
                0x08000954                DFSDM1_FLT3_IRQHandler
                0x08000954                TIM17_IRQHandler
                0x08000954                CRYP_IRQHandler
                0x08000954                BDMA_Channel7_IRQHandler
                0x08000954                LPTIM5_IRQHandler
                0x08000954                ADC3_IRQHandler
                0x08000954                DMA2_Stream0_IRQHandler
                0x08000954                BDMA_Channel2_IRQHandler
                0x08000954                DMAMUX1_OVR_IRQHandler
                0x08000954                TIM16_IRQHandler
                0x08000954                BDMA_Channel5_IRQHandler
                0x08000954                RCC_IRQHandler
                0x08000954                TIM8_BRK_TIM12_IRQHandler
                0x08000954                TIM1_TRG_COM_IRQHandler
                0x08000954                Default_Handler
                0x08000954                ECC_IRQHandler
                0x08000954                CEC_IRQHandler
                0x08000954                EXTI15_10_IRQHandler
                0x08000954                BDMA_Channel0_IRQHandler
                0x08000954                ADC_IRQHandler
                0x08000954                DMA1_Stream7_IRQHandler
                0x08000954                HRTIM1_TIMA_IRQHandler
                0x08000954                TIM7_IRQHandler
                0x08000954                SDMMC1_IRQHandler
                0x08000954                DMA2_Stream7_IRQHandler
                0x08000954                TIM15_IRQHandler
                0x08000954                PVD_AVD_IRQHandler
                0x08000954                EXTI9_5_IRQHandler
                0x08000954                RTC_WKUP_IRQHandler
                0x08000954                LTDC_IRQHandler
                0x08000954                SAI3_IRQHandler
                0x08000954                ETH_WKUP_IRQHandler
                0x08000954                SPDIF_RX_IRQHandler
                0x08000954                MemManage_Handler
                0x08000954                SVC_Handler
                0x08000954                CRS_IRQHandler
                0x08000954                EXTI4_IRQHandler
                0x08000954                HRTIM1_TIMB_IRQHandler
                0x08000954                FDCAN2_IT1_IRQHandler
                0x08000954                ETH_IRQHandler
                0x08000954                TIM1_UP_IRQHandler
                0x08000954                BDMA_Channel4_IRQHandler
                0x08000954                WWDG_IRQHandler
                0x08000954                SPI6_IRQHandler
                0x08000954                I2C4_EV_IRQHandler
                0x08000954                MDIOS_IRQHandler
                0x08000954                FDCAN2_IT0_IRQHandler
                0x08000954                FDCAN1_IT0_IRQHandler
                0x08000954                OTG_FS_WKUP_IRQHandler
                0x08000954                DMA2D_IRQHandler
                0x08000954                TIM1_BRK_IRQHandler
                0x08000954                EXTI1_IRQHandler
                0x08000954                SDMMC2_IRQHandler
                0x08000954                OTG_FS_EP1_OUT_IRQHandler
                0x08000954                BDMA_Channel3_IRQHandler
                0x08000954                MDIOS_WKUP_IRQHandler
                0x08000954                DFSDM1_FLT0_IRQHandler
                0x08000954                SAI4_IRQHandler
                0x08000954                I2C2_ER_IRQHandler
                0x08000954                DMA2_Stream1_IRQHandler
                0x08000954                FLASH_IRQHandler
                0x08000954                BusFault_Handler
                0x08000954                OTG_FS_IRQHandler
                0x08000954                WAKEUP_PIN_IRQHandler
                0x08000954                OTG_FS_EP1_IN_IRQHandler
                0x08000954                I2C1_ER_IRQHandler
                0x08000954                FMC_IRQHandler
                0x08000954                FDCAN_CAL_IRQHandler
                0x08000954                SWPMI1_IRQHandler
                0x08000954                COMP1_IRQHandler
                0x08000954                LPTIM1_IRQHandler
                0x08000954                I2C4_ER_IRQHandler
                0x08000954                DMA2_Stream6_IRQHandler
                0x08000954                SAI1_IRQHandler
 .text.Reset_Handler
                0x08000958       0x44 build/startup_stm32h750xx.o
                0x08000958                Reset_Handler
 .text.__tcf_0  0x0800099c        0x4 build/common_hello.o
 .text._ZN5daisy11daisyCommonD2Ev
                0x080009a0       0x20 build/common_hello.o
                0x080009a0                daisy::daisyCommon::~daisyCommon()
                0x080009a0                daisy::daisyCommon::~daisyCommon()
 .text._Z13AudioCallbackPKPKfPPfj
                0x080009c0       0xcc build/common_hello.o
                0x080009c0                AudioCallback(float const* const*, float**, unsigned int)
 .text.startup.main
                0x08000a8c      0x1b4 build/common_hello.o
                0x08000a8c                main
 .text.startup._GLOBAL__sub_I_board
                0x08000c40       0xf8 build/common_hello.o
 .text._ZN5daisy11daisyCommon8add_knobEii
                0x08000d38       0x34 build/daisy_common.o
                0x08000d38                daisy::daisyCommon::add_knob(int, int)
 .text._ZN5daisy11daisyCommon12get_adc_chanEi
                0x08000d6c       0x58 build/daisy_common.o
                0x08000d6c                daisy::daisyCommon::get_adc_chan(int)
 .text._ZN5daisy11daisyCommon14get_knob_valueEi
                0x08000dc4       0x68 build/daisy_common.o
                0x08000dc4                daisy::daisyCommon::get_knob_value(int)
 .text._ZN5daisy11daisyCommon12InitGPIO_MUXEv
                0x08000e2c      0x1a4 build/daisy_common.o
                0x08000e2c                daisy::daisyCommon::InitGPIO_MUX()
 .text._ZN5daisy11daisyCommon10InitToggleEv
                0x08000fd0       0x74 build/daisy_common.o
                0x08000fd0                daisy::daisyCommon::InitToggle()
 .text._ZN5daisy11daisyCommon7InitADCEv
                0x08001044      0x118 build/daisy_common.o
                0x08001044                daisy::daisyCommon::InitADC()
 .text._ZN5daisy11daisyCommon4InitEb
                0x0800115c       0x44 build/daisy_common.o
                0x0800115c                daisy::daisyCommon::Init(bool)
 .text._ZN5daisy9DaisySeed10StartAudioEPFvPKPKfPPfjE
                0x080011a0        0x8 ../../DaisyExamples/libDaisy//build\libdaisy.a(daisy_seed.o)
                0x080011a0                daisy::DaisySeed::StartAudio(void (*)(float const* const*, float**, unsigned int))
 .text._ZN5daisy9DaisySeed18SetAudioSampleRateENS_9SaiHandle6Config10SampleRateE
                0x080011a8       0x38 ../../DaisyExamples/libDaisy//build\libdaisy.a(daisy_seed.o)
                0x080011a8                daisy::DaisySeed::SetAudioSampleRate(daisy::SaiHandle::Config::SampleRate)
 .text._ZN5daisy9DaisySeed15AudioSampleRateEv
                0x080011e0        0x8 ../../DaisyExamples/libDaisy//build\libdaisy.a(daisy_seed.o)
                0x080011e0                daisy::DaisySeed::AudioSampleRate()
 .text._ZN5daisy9DaisySeed17SetAudioBlockSizeEj
                0x080011e8       0x38 ../../DaisyExamples/libDaisy//build\libdaisy.a(daisy_seed.o)
                0x080011e8                daisy::DaisySeed::SetAudioBlockSize(unsigned int)
 .text._ZN5daisy9DaisySeed6SetLedEb
                0x08001220        0x8 ../../DaisyExamples/libDaisy//build\libdaisy.a(daisy_seed.o)
                0x08001220                daisy::DaisySeed::SetLed(bool)
 .text._ZN5daisy9DaisySeed17CheckBoardVersionEv
                0x08001228       0x6c ../../DaisyExamples/libDaisy//build\libdaisy.a(daisy_seed.o)
                0x08001228                daisy::DaisySeed::CheckBoardVersion()
 .text._ZN5daisy9DaisySeed14ConfigureAudioEv
                0x08001294      0x10c ../../DaisyExamples/libDaisy//build\libdaisy.a(daisy_seed.o)
                0x08001294                daisy::DaisySeed::ConfigureAudio()
 .text._ZN5daisy9DaisySeed4InitEb
                0x080013a0      0x108 ../../DaisyExamples/libDaisy//build\libdaisy.a(daisy_seed.o)
                0x080013a0                daisy::DaisySeed::Init(bool)
 .text._ZN5daisy6Ak45564InitE12dsy_gpio_pin
                0x080014a8       0x44 ../../DaisyExamples/libDaisy//build\libdaisy.a(codec_ak4556.o)
                0x080014a8                daisy::Ak4556::Init(dsy_gpio_pin)
 .text._ZN5daisy6Wm873120WriteControlRegisterEht
                0x080014ec       0x3c ../../DaisyExamples/libDaisy//build\libdaisy.a(codec_wm8731.o)
                0x080014ec                daisy::Wm8731::WriteControlRegister(unsigned char, unsigned short)
 .text._ZN5daisy6Wm87314InitERKNS0_6ConfigENS_9I2CHandleE
                0x08001528      0x1bc ../../DaisyExamples/libDaisy//build\libdaisy.a(codec_wm8731.o)
                0x08001528                daisy::Wm8731::Init(daisy::Wm8731::Config const&, daisy::I2CHandle)
 .text._ZN11SdramHandle10DeviceInitEv
                0x080016e4       0x98 ../../DaisyExamples/libDaisy//build\libdaisy.a(sdram.o)
                0x080016e4                SdramHandle::DeviceInit()
 .text._ZN11SdramHandle4InitEv
                0x0800177c       0x7c ../../DaisyExamples/libDaisy//build\libdaisy.a(sdram.o)
                0x0800177c                SdramHandle::Init()
 .text.HAL_SDRAM_MspInit
                0x080017f8      0x1a8 ../../DaisyExamples/libDaisy//build\libdaisy.a(sdram.o)
                0x080017f8                HAL_SDRAM_MspInit
 .text._ZN5daisy11AudioHandle4Impl16InternalCallbackEPlS2_j
                0x080019a0      0xbbc ../../DaisyExamples/libDaisy//build\libdaisy.a(audio.o)
                0x080019a0                daisy::AudioHandle::Impl::InternalCallback(long*, long*, unsigned int)
 .text._ZN5daisy11AudioHandle4InitERKNS0_6ConfigENS_9SaiHandleE
                0x0800255c       0x70 ../../DaisyExamples/libDaisy//build\libdaisy.a(audio.o)
                0x0800255c                daisy::AudioHandle::Init(daisy::AudioHandle::Config const&, daisy::SaiHandle)
 .text._ZNK5daisy11AudioHandle9GetConfigEv
                0x080025cc        0x8 ../../DaisyExamples/libDaisy//build\libdaisy.a(audio.o)
                0x080025cc                daisy::AudioHandle::GetConfig() const
 .text._ZN5daisy11AudioHandle12SetBlockSizeEj
                0x080025d4       0x1c ../../DaisyExamples/libDaisy//build\libdaisy.a(audio.o)
                0x080025d4                daisy::AudioHandle::SetBlockSize(unsigned int)
 .text._ZN5daisy11AudioHandle13GetSampleRateEv
                0x080025f0        0x8 ../../DaisyExamples/libDaisy//build\libdaisy.a(audio.o)
                0x080025f0                daisy::AudioHandle::GetSampleRate()
 .text._ZN5daisy11AudioHandle13SetSampleRateENS_9SaiHandle6Config10SampleRateE
                0x080025f8       0x88 ../../DaisyExamples/libDaisy//build\libdaisy.a(audio.o)
                0x080025f8                daisy::AudioHandle::SetSampleRate(daisy::SaiHandle::Config::SampleRate)
 .text._ZN5daisy11AudioHandle5StartEPFvPKPKfPPfjE
                0x08002680       0x44 ../../DaisyExamples/libDaisy//build\libdaisy.a(audio.o)
                0x08002680                daisy::AudioHandle::Start(void (*)(float const* const*, float**, unsigned int))
 .text.startup._GLOBAL__sub_I__ZN5daisy11AudioHandle4Impl4InitENS0_6ConfigENS_9SaiHandleE
                0x080026c4       0x24 ../../DaisyExamples/libDaisy//build\libdaisy.a(audio.o)
 .text._ZN5daisy6Switch4InitE12dsy_gpio_pinf
                0x080026e8       0x34 ../../DaisyExamples/libDaisy//build\libdaisy.a(switch.o)
                0x080026e8                daisy::Switch::Init(dsy_gpio_pin, float)
 .text._ZN5daisy16AdcChannelConfig10InitSingleE12dsy_gpio_pinNS0_15ConversionSpeedE
                0x0800271c       0x28 ../../DaisyExamples/libDaisy//build\libdaisy.a(adc.o)
                0x0800271c                daisy::AdcChannelConfig::InitSingle(dsy_gpio_pin, daisy::AdcChannelConfig::ConversionSpeed)
 .text._ZN5daisy16AdcChannelConfig7InitMuxE12dsy_gpio_pinjS1_S1_S1_NS0_15ConversionSpeedE
                0x08002744       0x74 ../../DaisyExamples/libDaisy//build\libdaisy.a(adc.o)
                0x08002744                daisy::AdcChannelConfig::InitMux(dsy_gpio_pin, unsigned int, dsy_gpio_pin, dsy_gpio_pin, dsy_gpio_pin, daisy::AdcChannelConfig::ConversionSpeed)
 .text._ZN5daisy9AdcHandle4InitEPNS_16AdcChannelConfigEjNS0_12OverSamplingE
                0x080027b8      0x41c ../../DaisyExamples/libDaisy//build\libdaisy.a(adc.o)
                0x080027b8                daisy::AdcHandle::Init(daisy::AdcChannelConfig*, unsigned int, daisy::AdcHandle::OverSampling)
 .text._ZN5daisy9AdcHandle5StartEv
                0x08002bd4       0x2c ../../DaisyExamples/libDaisy//build\libdaisy.a(adc.o)
                0x08002bd4                daisy::AdcHandle::Start()
 .text._ZNK5daisy9AdcHandle11GetMuxFloatEhh
                0x08002c00       0x20 ../../DaisyExamples/libDaisy//build\libdaisy.a(adc.o)
                0x08002c00                daisy::AdcHandle::GetMuxFloat(unsigned char, unsigned char) const
 .text.HAL_ADC_MspInit
                0x08002c20       0x98 ../../DaisyExamples/libDaisy//build\libdaisy.a(adc.o)
                0x08002c20                HAL_ADC_MspInit
 .text.DMA1_Stream2_IRQHandler
                0x08002cb8        0xc ../../DaisyExamples/libDaisy//build\libdaisy.a(adc.o)
                0x08002cb8                DMA1_Stream2_IRQHandler
 .text.HAL_ADC_ConvCpltCallback
                0x08002cc4      0x148 ../../DaisyExamples/libDaisy//build\libdaisy.a(adc.o)
                0x08002cc4                HAL_ADC_ConvCpltCallback
 .text.HAL_ADC_ErrorCallback
                0x08002e0c        0x4 ../../DaisyExamples/libDaisy//build\libdaisy.a(adc.o)
                0x08002e0c                HAL_ADC_ErrorCallback
 .text._ZN5daisy4GPIO4InitENS_3PinENS0_4ModeENS0_4PullENS0_5SpeedE
                0x08002e10      0x1cc ../../DaisyExamples/libDaisy//build\libdaisy.a(gpio.o)
                0x08002e10                daisy::GPIO::Init(daisy::Pin, daisy::GPIO::Mode, daisy::GPIO::Pull, daisy::GPIO::Speed)
 .text._ZN5daisy4GPIO4ReadEv
                0x08002fdc       0x18 ../../DaisyExamples/libDaisy//build\libdaisy.a(gpio.o)
                0x08002fdc                daisy::GPIO::Read()
 .text._ZN5daisy4GPIO5WriteEb
                0x08002ff4       0x14 ../../DaisyExamples/libDaisy//build\libdaisy.a(gpio.o)
                0x08002ff4                daisy::GPIO::Write(bool)
 .text.dsy_gpio_init
                0x08003008      0x1b8 ../../DaisyExamples/libDaisy//build\libdaisy.a(gpio.o)
                0x08003008                dsy_gpio_init
 .text.dsy_gpio_read
                0x080031c0       0x1c ../../DaisyExamples/libDaisy//build\libdaisy.a(gpio.o)
                0x080031c0                dsy_gpio_read
 .text.dsy_gpio_write
                0x080031dc       0x24 ../../DaisyExamples/libDaisy//build\libdaisy.a(gpio.o)
                0x080031dc                dsy_gpio_write
 .text._ZN5daisy9I2CHandle4Impl8InitPinsEv
                0x08003200       0x58 ../../DaisyExamples/libDaisy//build\libdaisy.a(i2c.o)
                0x08003200                daisy::I2CHandle::Impl::InitPins()
 .text.HAL_I2C_MspInit
                0x08003258      0x1b4 ../../DaisyExamples/libDaisy//build\libdaisy.a(i2c.o)
                0x08003258                HAL_I2C_MspInit
 .text.dsy_i2c_global_init
                0x0800340c       0x78 ../../DaisyExamples/libDaisy//build\libdaisy.a(i2c.o)
                0x0800340c                dsy_i2c_global_init
 .text.DMA1_Stream6_IRQHandler
                0x08003484       0x34 ../../DaisyExamples/libDaisy//build\libdaisy.a(i2c.o)
                0x08003484                DMA1_Stream6_IRQHandler
 .text.I2C1_EV_IRQHandler
                0x080034b8        0xc ../../DaisyExamples/libDaisy//build\libdaisy.a(i2c.o)
                0x080034b8                I2C1_EV_IRQHandler
 .text.I2C2_EV_IRQHandler
                0x080034c4        0xc ../../DaisyExamples/libDaisy//build\libdaisy.a(i2c.o)
                0x080034c4                I2C2_EV_IRQHandler
 .text.I2C3_EV_IRQHandler
                0x080034d0        0xc ../../DaisyExamples/libDaisy//build\libdaisy.a(i2c.o)
                0x080034d0                I2C3_EV_IRQHandler
 .text._ZN5daisy9I2CHandle4InitERKNS0_6ConfigE
                0x080034dc      0x12c ../../DaisyExamples/libDaisy//build\libdaisy.a(i2c.o)
                0x080034dc                daisy::I2CHandle::Init(daisy::I2CHandle::Config const&)
 .text._ZN5daisy9I2CHandle16TransmitBlockingEtPhtm
                0x08003608       0x50 ../../DaisyExamples/libDaisy//build\libdaisy.a(i2c.o)
                0x08003608                daisy::I2CHandle::TransmitBlocking(unsigned short, unsigned char*, unsigned short, unsigned long)
 .text.startup._GLOBAL__sub_I__ZN5daisy9I2CHandle4Impl10GlobalInitEv
                0x08003658       0x18 ../../DaisyExamples/libDaisy//build\libdaisy.a(i2c.o)
 .text._ZN5daisy10QSPIHandle4Impl11WriteEnableEv
                0x08003670       0x8c ../../DaisyExamples/libDaisy//build\libdaisy.a(qspi.o)
                0x08003670                daisy::QSPIHandle::Impl::WriteEnable()
 *fill*         0x080036fc        0x4 
 .text._ZN5daisy10QSPIHandle4Impl17DummyCyclesConfigENS0_6Config6DeviceE
                0x08003700      0x118 ../../DaisyExamples/libDaisy//build\libdaisy.a(qspi.o)
                0x08003700                daisy::QSPIHandle::Impl::DummyCyclesConfig(daisy::QSPIHandle::Config::Device)
 .text._ZN5daisy10QSPIHandle4Impl10QuadEnableEv
                0x08003818      0x158 ../../DaisyExamples/libDaisy//build\libdaisy.a(qspi.o)
                0x08003818                daisy::QSPIHandle::Impl::QuadEnable()
 .text._ZN5daisy10QSPIHandle4InitERKNS0_6ConfigE
                0x08003970      0x198 ../../DaisyExamples/libDaisy//build\libdaisy.a(qspi.o)
                0x08003970                daisy::QSPIHandle::Init(daisy::QSPIHandle::Config const&)
 .text.HAL_QSPI_MspInit
                0x08003b08      0x11c ../../DaisyExamples/libDaisy//build\libdaisy.a(qspi.o)
                0x08003b08                HAL_QSPI_MspInit
 .text.HAL_QSPI_MspDeInit
                0x08003c24       0x54 ../../DaisyExamples/libDaisy//build\libdaisy.a(qspi.o)
                0x08003c24                HAL_QSPI_MspDeInit
 .text.QUADSPI_IRQHandler
                0x08003c78        0xc ../../DaisyExamples/libDaisy//build\libdaisy.a(qspi.o)
                0x08003c78                QUADSPI_IRQHandler
 .text.startup._GLOBAL__sub_I__ZN5daisy10QSPIHandle4Impl4InitERKNS0_6ConfigE
                0x08003c84       0x28 ../../DaisyExamples/libDaisy//build\libdaisy.a(qspi.o)
 .text._ZN5daisy9SaiHandle4Impl7InitDmaENS1_15PeripheralBlockE
                0x08003cac       0xa0 ../../DaisyExamples/libDaisy//build\libdaisy.a(sai.o)
                0x08003cac                daisy::SaiHandle::Impl::InitDma(daisy::SaiHandle::Impl::PeripheralBlock)
 .text._ZN5daisy9SaiHandle4Impl8InitPinsEv
                0x08003d4c       0xa8 ../../DaisyExamples/libDaisy//build\libdaisy.a(sai.o)
                0x08003d4c                daisy::SaiHandle::Impl::InitPins()
 .text.HAL_SAI_MspInit
                0x08003df4      0x164 ../../DaisyExamples/libDaisy//build\libdaisy.a(sai.o)
                0x08003df4                HAL_SAI_MspInit
 .text.DMA1_Stream0_IRQHandler
                0x08003f58        0xc ../../DaisyExamples/libDaisy//build\libdaisy.a(sai.o)
                0x08003f58                DMA1_Stream0_IRQHandler
 .text.DMA1_Stream1_IRQHandler
                0x08003f64        0xc ../../DaisyExamples/libDaisy//build\libdaisy.a(sai.o)
                0x08003f64                DMA1_Stream1_IRQHandler
 .text.DMA1_Stream3_IRQHandler
                0x08003f70        0xc ../../DaisyExamples/libDaisy//build\libdaisy.a(sai.o)
                0x08003f70                DMA1_Stream3_IRQHandler
 .text.DMA1_Stream4_IRQHandler
                0x08003f7c        0xc ../../DaisyExamples/libDaisy//build\libdaisy.a(sai.o)
                0x08003f7c                DMA1_Stream4_IRQHandler
 .text.HAL_SAI_RxHalfCpltCallback
                0x08003f88       0x78 ../../DaisyExamples/libDaisy//build\libdaisy.a(sai.o)
                0x08003f88                HAL_SAI_RxHalfCpltCallback
 .text.HAL_SAI_RxCpltCallback
                0x08004000       0x70 ../../DaisyExamples/libDaisy//build\libdaisy.a(sai.o)
                0x08004000                HAL_SAI_RxCpltCallback
 .text._ZN5daisy9SaiHandle4InitERKNS0_6ConfigE
                0x08004070      0x1f0 ../../DaisyExamples/libDaisy//build\libdaisy.a(sai.o)
                0x08004070                daisy::SaiHandle::Init(daisy::SaiHandle::Config const&)
 .text._ZNK5daisy9SaiHandle9GetConfigEv
                0x08004260        0x4 ../../DaisyExamples/libDaisy//build\libdaisy.a(sai.o)
                0x08004260                daisy::SaiHandle::GetConfig() const
 .text._ZN5daisy9SaiHandle8StartDmaEPlS1_jPFvS1_S1_jE
                0x08004264       0xbc ../../DaisyExamples/libDaisy//build\libdaisy.a(sai.o)
                0x08004264                daisy::SaiHandle::StartDma(long*, long*, unsigned int, void (*)(long*, long*, unsigned int))
 .text._ZN5daisy9SaiHandle13GetSampleRateEv
                0x08004320       0x24 ../../DaisyExamples/libDaisy//build\libdaisy.a(sai.o)
                0x08004320                daisy::SaiHandle::GetSampleRate()
 .text._ZNK5daisy9SaiHandle9GetOffsetEv
                0x08004344        0x8 ../../DaisyExamples/libDaisy//build\libdaisy.a(sai.o)
                0x08004344                daisy::SaiHandle::GetOffset() const
 .text._ZN5daisy11TimerHandleD2Ev
                0x0800434c        0x4 ../../DaisyExamples/libDaisy//build\libdaisy.a(system.o)
                0x0800434c                daisy::TimerHandle::~TimerHandle()
                0x0800434c                daisy::TimerHandle::~TimerHandle()
 .text.SysTick_Handler
                0x08004350       0x10 ../../DaisyExamples/libDaisy//build\libdaisy.a(system.o)
                0x08004350                SysTick_Handler
 .text.OTG_HS_EP1_OUT_IRQHandler
                0x08004360       0x24 ../../DaisyExamples/libDaisy//build\libdaisy.a(system.o)
                0x08004360                OTG_HS_EP1_OUT_IRQHandler
 .text.OTG_HS_EP1_IN_IRQHandler
                0x08004384       0x24 ../../DaisyExamples/libDaisy//build\libdaisy.a(system.o)
                0x08004384                OTG_HS_EP1_IN_IRQHandler
 .text.OTG_HS_IRQHandler
                0x080043a8       0x24 ../../DaisyExamples/libDaisy//build\libdaisy.a(system.o)
                0x080043a8                OTG_HS_IRQHandler
 .text.HardFault_Handler
                0x080043cc       0xe0 ../../DaisyExamples/libDaisy//build\libdaisy.a(system.o)
                0x080043cc                HardFault_Handler
 .text._ZN5daisy6System6GetNowEv
                0x080044ac        0x4 ../../DaisyExamples/libDaisy//build\libdaisy.a(system.o)
                0x080044ac                daisy::System::GetNow()
 .text._ZN5daisy6System5DelayEm
                0x080044b0        0x4 ../../DaisyExamples/libDaisy//build\libdaisy.a(system.o)
                0x080044b0                daisy::System::Delay(unsigned long)
 .text._ZN5daisy6System20GetBootloaderVersionEv
                0x080044b4       0x34 ../../DaisyExamples/libDaisy//build\libdaisy.a(system.o)
                0x080044b4                daisy::System::GetBootloaderVersion()
 .text._ZN5daisy6System15ConfigureClocksEv
                0x080044e8      0x194 ../../DaisyExamples/libDaisy//build\libdaisy.a(system.o)
                0x080044e8                daisy::System::ConfigureClocks()
 .text._ZN5daisy6System12ConfigureMpuEv
                0x0800467c       0x7c ../../DaisyExamples/libDaisy//build\libdaisy.a(system.o)
                0x0800467c                daisy::System::ConfigureMpu()
 .text._ZN5daisy6System4InitERKNS0_6ConfigE
                0x080046f8       0xec ../../DaisyExamples/libDaisy//build\libdaisy.a(system.o)
                0x080046f8                daisy::System::Init(daisy::System::Config const&)
 .text._ZN5daisy6System12GetPClk1FreqEv
                0x080047e4        0x4 ../../DaisyExamples/libDaisy//build\libdaisy.a(system.o)
                0x080047e4                daisy::System::GetPClk1Freq()
 .text._ZN5daisy6System22GetProgramMemoryRegionEv
                0x080047e8       0x78 ../../DaisyExamples/libDaisy//build\libdaisy.a(system.o)
                0x080047e8                daisy::System::GetProgramMemoryRegion()
 .text.startup._GLOBAL__sub_I__ZN5daisy9boot_infoE
                0x08004860       0x1c ../../DaisyExamples/libDaisy//build\libdaisy.a(system.o)
 .text.SystemInit
                0x0800487c       0x9c ../../DaisyExamples/libDaisy//build\libdaisy.a(system_stm32h7xx.o)
                0x0800487c                SystemInit
 .text.HAL_PCD_SetupStageCallback
                0x08004918        0xc ../../DaisyExamples/libDaisy//build\libdaisy.a(usbd_conf.o)
                0x08004918                HAL_PCD_SetupStageCallback
 .text.HAL_PCD_DataOutStageCallback
                0x08004924       0x14 ../../DaisyExamples/libDaisy//build\libdaisy.a(usbd_conf.o)
                0x08004924                HAL_PCD_DataOutStageCallback
 .text.HAL_PCD_DataInStageCallback
                0x08004938       0x14 ../../DaisyExamples/libDaisy//build\libdaisy.a(usbd_conf.o)
                0x08004938                HAL_PCD_DataInStageCallback
 .text.HAL_PCD_SOFCallback
                0x0800494c        0x8 ../../DaisyExamples/libDaisy//build\libdaisy.a(usbd_conf.o)
                0x0800494c                HAL_PCD_SOFCallback
 .text.HAL_PCD_ResetCallback
                0x08004954       0x24 ../../DaisyExamples/libDaisy//build\libdaisy.a(usbd_conf.o)
                0x08004954                HAL_PCD_ResetCallback
 .text.HAL_PCD_SuspendCallback
                0x08004978       0x30 ../../DaisyExamples/libDaisy//build\libdaisy.a(usbd_conf.o)
                0x08004978                HAL_PCD_SuspendCallback
 .text.HAL_PCD_ResumeCallback
                0x080049a8        0x8 ../../DaisyExamples/libDaisy//build\libdaisy.a(usbd_conf.o)
                0x080049a8                HAL_PCD_ResumeCallback
 .text.HAL_PCD_ISOOUTIncompleteCallback
                0x080049b0        0x8 ../../DaisyExamples/libDaisy//build\libdaisy.a(usbd_conf.o)
                0x080049b0                HAL_PCD_ISOOUTIncompleteCallback
 .text.HAL_PCD_ISOINIncompleteCallback
                0x080049b8        0x8 ../../DaisyExamples/libDaisy//build\libdaisy.a(usbd_conf.o)
                0x080049b8                HAL_PCD_ISOINIncompleteCallback
 .text.HAL_PCD_ConnectCallback
                0x080049c0        0x8 ../../DaisyExamples/libDaisy//build\libdaisy.a(usbd_conf.o)
                0x080049c0                HAL_PCD_ConnectCallback
 .text.HAL_PCD_DisconnectCallback
                0x080049c8        0x8 ../../DaisyExamples/libDaisy//build\libdaisy.a(usbd_conf.o)
                0x080049c8                HAL_PCD_DisconnectCallback
 .text.USBD_LL_OpenEP
                0x080049d0       0x24 ../../DaisyExamples/libDaisy//build\libdaisy.a(usbd_conf.o)
                0x080049d0                USBD_LL_OpenEP
 .text.USBD_LL_StallEP
                0x080049f4       0x1c ../../DaisyExamples/libDaisy//build\libdaisy.a(usbd_conf.o)
                0x080049f4                USBD_LL_StallEP
 .text.USBD_LL_ClearStallEP
                0x08004a10       0x1c ../../DaisyExamples/libDaisy//build\libdaisy.a(usbd_conf.o)
                0x08004a10                USBD_LL_ClearStallEP
 .text.USBD_LL_IsStallEP
                0x08004a2c       0x28 ../../DaisyExamples/libDaisy//build\libdaisy.a(usbd_conf.o)
                0x08004a2c                USBD_LL_IsStallEP
 .text.USBD_LL_SetUSBAddress
                0x08004a54       0x1c ../../DaisyExamples/libDaisy//build\libdaisy.a(usbd_conf.o)
                0x08004a54                USBD_LL_SetUSBAddress
 .text.USBD_LL_Transmit
                0x08004a70       0x1c ../../DaisyExamples/libDaisy//build\libdaisy.a(usbd_conf.o)
                0x08004a70                USBD_LL_Transmit
 .text.USBD_LL_PrepareReceive
                0x08004a8c       0x1c ../../DaisyExamples/libDaisy//build\libdaisy.a(usbd_conf.o)
                0x08004a8c                USBD_LL_PrepareReceive
 .text.HAL_HCD_SOF_Callback
                0x08004aa8        0x8 ../../DaisyExamples/libDaisy//build\libdaisy.a(usbh_conf.o)
                0x08004aa8                HAL_HCD_SOF_Callback
 .text.HAL_HCD_Connect_Callback
                0x08004ab0        0x8 ../../DaisyExamples/libDaisy//build\libdaisy.a(usbh_conf.o)
                0x08004ab0                HAL_HCD_Connect_Callback
 .text.HAL_HCD_Disconnect_Callback
                0x08004ab8        0x8 ../../DaisyExamples/libDaisy//build\libdaisy.a(usbh_conf.o)
                0x08004ab8                HAL_HCD_Disconnect_Callback
 .text.HAL_HCD_HC_NotifyURBChange_Callback
                0x08004ac0        0x4 ../../DaisyExamples/libDaisy//build\libdaisy.a(usbh_conf.o)
                0x08004ac0                HAL_HCD_HC_NotifyURBChange_Callback
 .text.HAL_HCD_PortEnabled_Callback
                0x08004ac4        0x8 ../../DaisyExamples/libDaisy//build\libdaisy.a(usbh_conf.o)
                0x08004ac4                HAL_HCD_PortEnabled_Callback
 .text.HAL_HCD_PortDisabled_Callback
                0x08004acc        0x8 ../../DaisyExamples/libDaisy//build\libdaisy.a(usbh_conf.o)
                0x08004acc                HAL_HCD_PortDisabled_Callback
 .text.USBH_LL_Stop
                0x08004ad4       0x1c ../../DaisyExamples/libDaisy//build\libdaisy.a(usbh_conf.o)
                0x08004ad4                USBH_LL_Stop
 .text.dsy_hal_map_get_port
                0x08004af0       0x10 ../../DaisyExamples/libDaisy//build\libdaisy.a(hal_map.o)
                0x08004af0                dsy_hal_map_get_port
 .text.dsy_hal_map_get_pin
                0x08004b00       0x10 ../../DaisyExamples/libDaisy//build\libdaisy.a(hal_map.o)
                0x08004b00                dsy_hal_map_get_pin
 .text.dsy_hal_map_gpio_clk_enable
                0x08004b10      0x150 ../../DaisyExamples/libDaisy//build\libdaisy.a(hal_map.o)
                0x08004b10                dsy_hal_map_gpio_clk_enable
 .text.HAL_MspInit
                0x08004c60        0x4 ../../DaisyExamples/libDaisy//build\libdaisy.a(stm32h7xx_hal.o)
                0x08004c60                HAL_MspInit
 .text.HAL_InitTick
                0x08004c64       0x4c ../../DaisyExamples/libDaisy//build\libdaisy.a(stm32h7xx_hal.o)
                0x08004c64                HAL_InitTick
 .text.HAL_Init
                0x08004cb0       0x60 ../../DaisyExamples/libDaisy//build\libdaisy.a(stm32h7xx_hal.o)
                0x08004cb0                HAL_Init
 .text.HAL_IncTick
                0x08004d10       0x18 ../../DaisyExamples/libDaisy//build\libdaisy.a(stm32h7xx_hal.o)
                0x08004d10                HAL_IncTick
 .text.HAL_GetTick
                0x08004d28        0xc ../../DaisyExamples/libDaisy//build\libdaisy.a(stm32h7xx_hal.o)
                0x08004d28                HAL_GetTick
 .text.HAL_Delay
                0x08004d34       0x24 ../../DaisyExamples/libDaisy//build\libdaisy.a(stm32h7xx_hal.o)
                0x08004d34                HAL_Delay
 .text.HAL_GetREVID
                0x08004d58        0xc ../../DaisyExamples/libDaisy//build\libdaisy.a(stm32h7xx_hal.o)
                0x08004d58                HAL_GetREVID
 .text.HAL_ADC_ConvHalfCpltCallback
                0x08004d64        0x4 ../../DaisyExamples/libDaisy//build\libdaisy.a(stm32h7xx_hal_adc.o)
                0x08004d64                HAL_ADC_ConvHalfCpltCallback
 .text.ADC_DMAHalfConvCplt
                0x08004d68        0xc ../../DaisyExamples/libDaisy//build\libdaisy.a(stm32h7xx_hal_adc.o)
                0x08004d68                ADC_DMAHalfConvCplt
 .text.ADC_DMAConvCplt
                0x08004d74       0x6c ../../DaisyExamples/libDaisy//build\libdaisy.a(stm32h7xx_hal_adc.o)
                0x08004d74                ADC_DMAConvCplt
 .text.ADC_DMAError
                0x08004de0       0x1c ../../DaisyExamples/libDaisy//build\libdaisy.a(stm32h7xx_hal_adc.o)
                0x08004de0                ADC_DMAError
 .text.HAL_ADC_ConfigChannel
                0x08004dfc      0x3fc ../../DaisyExamples/libDaisy//build\libdaisy.a(stm32h7xx_hal_adc.o)
                0x08004dfc                HAL_ADC_ConfigChannel
 .text.ADC_Enable
                0x080051f8       0xac ../../DaisyExamples/libDaisy//build\libdaisy.a(stm32h7xx_hal_adc.o)
                0x080051f8                ADC_Enable
 .text.HAL_ADC_Start_DMA
                0x080052a4      0x114 ../../DaisyExamples/libDaisy//build\libdaisy.a(stm32h7xx_hal_adc.o)
                0x080052a4                HAL_ADC_Start_DMA
 .text.ADC_Disable
                0x080053b8       0x68 ../../DaisyExamples/libDaisy//build\libdaisy.a(stm32h7xx_hal_adc.o)
                0x080053b8                ADC_Disable
 .text.ADC_ConfigureBoostMode
                0x08005420      0x184 ../../DaisyExamples/libDaisy//build\libdaisy.a(stm32h7xx_hal_adc.o)
                0x08005420                ADC_ConfigureBoostMode
 .text.HAL_ADC_Init
                0x080055a4      0x218 ../../DaisyExamples/libDaisy//build\libdaisy.a(stm32h7xx_hal_adc.o)
                0x080055a4                HAL_ADC_Init
 .text.HAL_ADCEx_Calibration_Start
                0x080057bc       0xa4 ../../DaisyExamples/libDaisy//build\libdaisy.a(stm32h7xx_hal_adc_ex.o)
                0x080057bc                HAL_ADCEx_Calibration_Start
 .text.HAL_ADCEx_MultiModeConfigChannel
                0x08005860       0xc4 ../../DaisyExamples/libDaisy//build\libdaisy.a(stm32h7xx_hal_adc_ex.o)
                0x08005860                HAL_ADCEx_MultiModeConfigChannel
 .text.HAL_NVIC_SetPriorityGrouping
                0x08005924       0x24 ../../DaisyExamples/libDaisy//build\libdaisy.a(stm32h7xx_hal_cortex.o)
                0x08005924                HAL_NVIC_SetPriorityGrouping
 .text.HAL_NVIC_SetPriority
                0x08005948       0x7c ../../DaisyExamples/libDaisy//build\libdaisy.a(stm32h7xx_hal_cortex.o)
                0x08005948                HAL_NVIC_SetPriority
 .text.HAL_NVIC_EnableIRQ
                0x080059c4       0x1c ../../DaisyExamples/libDaisy//build\libdaisy.a(stm32h7xx_hal_cortex.o)
                0x080059c4                HAL_NVIC_EnableIRQ
 .text.HAL_NVIC_DisableIRQ
                0x080059e0       0x28 ../../DaisyExamples/libDaisy//build\libdaisy.a(stm32h7xx_hal_cortex.o)
                0x080059e0                HAL_NVIC_DisableIRQ
 .text.HAL_SYSTICK_Config
                0x08005a08       0x2c ../../DaisyExamples/libDaisy//build\libdaisy.a(stm32h7xx_hal_cortex.o)
                0x08005a08                HAL_SYSTICK_Config
 .text.HAL_MPU_Disable
                0x08005a34       0x1c ../../DaisyExamples/libDaisy//build\libdaisy.a(stm32h7xx_hal_cortex.o)
                0x08005a34                HAL_MPU_Disable
 .text.HAL_MPU_Enable
                0x08005a50       0x20 ../../DaisyExamples/libDaisy//build\libdaisy.a(stm32h7xx_hal_cortex.o)
                0x08005a50                HAL_MPU_Enable
 .text.HAL_MPU_ConfigRegion
                0x08005a70       0x64 ../../DaisyExamples/libDaisy//build\libdaisy.a(stm32h7xx_hal_cortex.o)
                0x08005a70                HAL_MPU_ConfigRegion
 .text.HAL_SYSTICK_Callback
                0x08005ad4        0x4 ../../DaisyExamples/libDaisy//build\libdaisy.a(stm32h7xx_hal_cortex.o)
                0x08005ad4                HAL_SYSTICK_Callback
 .text.HAL_SYSTICK_IRQHandler
                0x08005ad8        0x8 ../../DaisyExamples/libDaisy//build\libdaisy.a(stm32h7xx_hal_cortex.o)
                0x08005ad8                HAL_SYSTICK_IRQHandler
 .text.DMA_CalcBaseAndBitshift
                0x08005ae0       0xf4 ../../DaisyExamples/libDaisy//build\libdaisy.a(stm32h7xx_hal_dma.o)
 .text.DMA_CalcDMAMUXChannelBaseAndMask
                0x08005bd4       0xd8 ../../DaisyExamples/libDaisy//build\libdaisy.a(stm32h7xx_hal_dma.o)
 .text.HAL_DMA_Init
                0x08005cac      0x37c ../../DaisyExamples/libDaisy//build\libdaisy.a(stm32h7xx_hal_dma.o)
                0x08005cac                HAL_DMA_Init
 .text.HAL_DMA_Start_IT
                0x08006028      0x240 ../../DaisyExamples/libDaisy//build\libdaisy.a(stm32h7xx_hal_dma.o)
                0x08006028                HAL_DMA_Start_IT
 .text.HAL_DMA_Abort_IT
                0x08006268      0x134 ../../DaisyExamples/libDaisy//build\libdaisy.a(stm32h7xx_hal_dma.o)
                0x08006268                HAL_DMA_Abort_IT
 .text.HAL_DMA_IRQHandler
                0x0800639c      0x6a0 ../../DaisyExamples/libDaisy//build\libdaisy.a(stm32h7xx_hal_dma.o)
                0x0800639c                HAL_DMA_IRQHandler
 .text.HAL_DMA_GetError
                0x08006a3c        0x4 ../../DaisyExamples/libDaisy//build\libdaisy.a(stm32h7xx_hal_dma.o)
                0x08006a3c                HAL_DMA_GetError
 .text.HAL_GPIO_Init
                0x08006a40      0x280 ../../DaisyExamples/libDaisy//build\libdaisy.a(stm32h7xx_hal_gpio.o)
                0x08006a40                HAL_GPIO_Init
 .text.HAL_GPIO_DeInit
                0x08006cc0      0x190 ../../DaisyExamples/libDaisy//build\libdaisy.a(stm32h7xx_hal_gpio.o)
                0x08006cc0                HAL_GPIO_DeInit
 .text.HAL_GPIO_ReadPin
                0x08006e50        0xc ../../DaisyExamples/libDaisy//build\libdaisy.a(stm32h7xx_hal_gpio.o)
                0x08006e50                HAL_GPIO_ReadPin
 .text.HAL_GPIO_WritePin
                0x08006e5c        0x8 ../../DaisyExamples/libDaisy//build\libdaisy.a(stm32h7xx_hal_gpio.o)
                0x08006e5c                HAL_GPIO_WritePin
 .text.HAL_HCD_IRQHandler
                0x08006e64      0x780 ../../DaisyExamples/libDaisy//build\libdaisy.a(stm32h7xx_hal_hcd.o)
                0x08006e64                HAL_HCD_IRQHandler
 .text.HAL_HCD_Stop
                0x080075e4       0x28 ../../DaisyExamples/libDaisy//build\libdaisy.a(stm32h7xx_hal_hcd.o)
                0x080075e4                HAL_HCD_Stop
 .text.I2C_WaitOnTXISFlagUntilTimeout
                0x0800760c       0xb8 ../../DaisyExamples/libDaisy//build\libdaisy.a(stm32h7xx_hal_i2c.o)
 .text.I2C_WaitOnSTOPFlagUntilTimeout
                0x080076c4       0xac ../../DaisyExamples/libDaisy//build\libdaisy.a(stm32h7xx_hal_i2c.o)
 .text.HAL_I2C_Init
                0x08007770       0xac ../../DaisyExamples/libDaisy//build\libdaisy.a(stm32h7xx_hal_i2c.o)
                0x08007770                HAL_I2C_Init
 .text.HAL_I2C_Master_Transmit
                0x0800781c      0x1a8 ../../DaisyExamples/libDaisy//build\libdaisy.a(stm32h7xx_hal_i2c.o)
                0x0800781c                HAL_I2C_Master_Transmit
 .text.HAL_I2C_Slave_Transmit
                0x080079c4      0x1c8 ../../DaisyExamples/libDaisy//build\libdaisy.a(stm32h7xx_hal_i2c.o)
                0x080079c4                HAL_I2C_Slave_Transmit
 .text.HAL_I2C_EV_IRQHandler
                0x08007b8c       0x10 ../../DaisyExamples/libDaisy//build\libdaisy.a(stm32h7xx_hal_i2c.o)
                0x08007b8c                HAL_I2C_EV_IRQHandler
 .text.HAL_I2C_GetState
                0x08007b9c        0x8 ../../DaisyExamples/libDaisy//build\libdaisy.a(stm32h7xx_hal_i2c.o)
                0x08007b9c                HAL_I2C_GetState
 .text.HAL_I2CEx_ConfigAnalogFilter
                0x08007ba4       0x54 ../../DaisyExamples/libDaisy//build\libdaisy.a(stm32h7xx_hal_i2c_ex.o)
                0x08007ba4                HAL_I2CEx_ConfigAnalogFilter
 .text.HAL_I2CEx_ConfigDigitalFilter
                0x08007bf8       0x58 ../../DaisyExamples/libDaisy//build\libdaisy.a(stm32h7xx_hal_i2c_ex.o)
                0x08007bf8                HAL_I2CEx_ConfigDigitalFilter
 .text.HAL_PCD_IRQHandler
                0x08007c50      0x69c ../../DaisyExamples/libDaisy//build\libdaisy.a(stm32h7xx_hal_pcd.o)
                0x08007c50                HAL_PCD_IRQHandler
 .text.HAL_PCD_SetAddress
                0x080082ec       0x2c ../../DaisyExamples/libDaisy//build\libdaisy.a(stm32h7xx_hal_pcd.o)
                0x080082ec                HAL_PCD_SetAddress
 .text.HAL_PCD_EP_Open
                0x08008318       0x7c ../../DaisyExamples/libDaisy//build\libdaisy.a(stm32h7xx_hal_pcd.o)
                0x08008318                HAL_PCD_EP_Open
 .text.HAL_PCD_EP_Receive
                0x08008394       0x50 ../../DaisyExamples/libDaisy//build\libdaisy.a(stm32h7xx_hal_pcd.o)
                0x08008394                HAL_PCD_EP_Receive
 .text.HAL_PCD_EP_Transmit
                0x080083e4       0x50 ../../DaisyExamples/libDaisy//build\libdaisy.a(stm32h7xx_hal_pcd.o)
                0x080083e4                HAL_PCD_EP_Transmit
 .text.HAL_PCD_EP_SetStall
                0x08008434       0x88 ../../DaisyExamples/libDaisy//build\libdaisy.a(stm32h7xx_hal_pcd.o)
                0x08008434                HAL_PCD_EP_SetStall
 .text.HAL_PCD_EP_ClrStall
                0x080084bc       0x78 ../../DaisyExamples/libDaisy//build\libdaisy.a(stm32h7xx_hal_pcd.o)
                0x080084bc                HAL_PCD_EP_ClrStall
 .text.HAL_PCDEx_LPM_Callback
                0x08008534        0x4 ../../DaisyExamples/libDaisy//build\libdaisy.a(stm32h7xx_hal_pcd_ex.o)
                0x08008534                HAL_PCDEx_LPM_Callback
 .text.HAL_PWREx_ConfigSupply
                0x08008538       0x4c ../../DaisyExamples/libDaisy//build\libdaisy.a(stm32h7xx_hal_pwr_ex.o)
                0x08008538                HAL_PWREx_ConfigSupply
 .text.HAL_PWREx_EnableUSBVoltageDetector
                0x08008584       0x10 ../../DaisyExamples/libDaisy//build\libdaisy.a(stm32h7xx_hal_pwr_ex.o)
                0x08008584                HAL_PWREx_EnableUSBVoltageDetector
 .text.QSPI_Config
                0x08008594      0x174 ../../DaisyExamples/libDaisy//build\libdaisy.a(stm32h7xx_hal_qspi.o)
 .text.HAL_QSPI_Init
                0x08008708       0xd8 ../../DaisyExamples/libDaisy//build\libdaisy.a(stm32h7xx_hal_qspi.o)
                0x08008708                HAL_QSPI_Init
 .text.HAL_QSPI_DeInit
                0x080087e0       0x3c ../../DaisyExamples/libDaisy//build\libdaisy.a(stm32h7xx_hal_qspi.o)
                0x080087e0                HAL_QSPI_DeInit
 .text.HAL_QSPI_Command
                0x0800881c       0xd4 ../../DaisyExamples/libDaisy//build\libdaisy.a(stm32h7xx_hal_qspi.o)
                0x0800881c                HAL_QSPI_Command
 .text.HAL_QSPI_Transmit
                0x080088f0       0xfc ../../DaisyExamples/libDaisy//build\libdaisy.a(stm32h7xx_hal_qspi.o)
                0x080088f0                HAL_QSPI_Transmit
 .text.HAL_QSPI_Receive
                0x080089ec      0x108 ../../DaisyExamples/libDaisy//build\libdaisy.a(stm32h7xx_hal_qspi.o)
                0x080089ec                HAL_QSPI_Receive
 .text.HAL_QSPI_AutoPolling
                0x08008af4       0xf0 ../../DaisyExamples/libDaisy//build\libdaisy.a(stm32h7xx_hal_qspi.o)
                0x08008af4                HAL_QSPI_AutoPolling
 .text.HAL_QSPI_MemoryMapped
                0x08008be4       0xc0 ../../DaisyExamples/libDaisy//build\libdaisy.a(stm32h7xx_hal_qspi.o)
                0x08008be4                HAL_QSPI_MemoryMapped
 .text.HAL_QSPI_ErrorCallback
                0x08008ca4        0x4 ../../DaisyExamples/libDaisy//build\libdaisy.a(stm32h7xx_hal_qspi.o)
                0x08008ca4                HAL_QSPI_ErrorCallback
 .text.QSPI_DMAAbortCplt
                0x08008ca8       0x38 ../../DaisyExamples/libDaisy//build\libdaisy.a(stm32h7xx_hal_qspi.o)
 .text.HAL_QSPI_AbortCpltCallback
                0x08008ce0        0x4 ../../DaisyExamples/libDaisy//build\libdaisy.a(stm32h7xx_hal_qspi.o)
                0x08008ce0                HAL_QSPI_AbortCpltCallback
 .text.HAL_QSPI_CmdCpltCallback
                0x08008ce4        0x4 ../../DaisyExamples/libDaisy//build\libdaisy.a(stm32h7xx_hal_qspi.o)
                0x08008ce4                HAL_QSPI_CmdCpltCallback
 .text.HAL_QSPI_RxCpltCallback
                0x08008ce8        0x4 ../../DaisyExamples/libDaisy//build\libdaisy.a(stm32h7xx_hal_qspi.o)
                0x08008ce8                HAL_QSPI_RxCpltCallback
 .text.HAL_QSPI_TxCpltCallback
                0x08008cec        0x4 ../../DaisyExamples/libDaisy//build\libdaisy.a(stm32h7xx_hal_qspi.o)
                0x08008cec                HAL_QSPI_TxCpltCallback
 .text.HAL_QSPI_FifoThresholdCallback
                0x08008cf0        0x4 ../../DaisyExamples/libDaisy//build\libdaisy.a(stm32h7xx_hal_qspi.o)
                0x08008cf0                HAL_QSPI_FifoThresholdCallback
 .text.HAL_QSPI_StatusMatchCallback
                0x08008cf4        0x4 ../../DaisyExamples/libDaisy//build\libdaisy.a(stm32h7xx_hal_qspi.o)
                0x08008cf4                HAL_QSPI_StatusMatchCallback
 .text.HAL_QSPI_TimeOutCallback
                0x08008cf8        0x4 ../../DaisyExamples/libDaisy//build\libdaisy.a(stm32h7xx_hal_qspi.o)
                0x08008cf8                HAL_QSPI_TimeOutCallback
 .text.HAL_QSPI_IRQHandler
                0x08008cfc      0x210 ../../DaisyExamples/libDaisy//build\libdaisy.a(stm32h7xx_hal_qspi.o)
                0x08008cfc                HAL_QSPI_IRQHandler
 .text.HAL_RCC_OscConfig
                0x08008f0c      0x51c ../../DaisyExamples/libDaisy//build\libdaisy.a(stm32h7xx_hal_rcc.o)
                0x08008f0c                HAL_RCC_OscConfig
 .text.HAL_RCC_GetSysClockFreq
                0x08009428      0x140 ../../DaisyExamples/libDaisy//build\libdaisy.a(stm32h7xx_hal_rcc.o)
                0x08009428                HAL_RCC_GetSysClockFreq
 .text.HAL_RCC_ClockConfig
                0x08009568      0x234 ../../DaisyExamples/libDaisy//build\libdaisy.a(stm32h7xx_hal_rcc.o)
                0x08009568                HAL_RCC_ClockConfig
 .text.HAL_RCC_GetHCLKFreq
                0x0800979c       0x2c ../../DaisyExamples/libDaisy//build\libdaisy.a(stm32h7xx_hal_rcc.o)
                0x0800979c                HAL_RCC_GetHCLKFreq
 .text.HAL_RCC_GetPCLK1Freq
                0x080097c8       0x38 ../../DaisyExamples/libDaisy//build\libdaisy.a(stm32h7xx_hal_rcc.o)
                0x080097c8                HAL_RCC_GetPCLK1Freq
 .text.HAL_RCC_GetPCLK2Freq
                0x08009800       0x38 ../../DaisyExamples/libDaisy//build\libdaisy.a(stm32h7xx_hal_rcc.o)
                0x08009800                HAL_RCC_GetPCLK2Freq
 .text.RCCEx_PLL2_Config
                0x08009838       0xf4 ../../DaisyExamples/libDaisy//build\libdaisy.a(stm32h7xx_hal_rcc_ex.o)
 .text.RCCEx_PLL3_Config
                0x0800992c       0xf4 ../../DaisyExamples/libDaisy//build\libdaisy.a(stm32h7xx_hal_rcc_ex.o)
 .text.HAL_RCCEx_PeriphCLKConfig
                0x08009a20      0xa7c ../../DaisyExamples/libDaisy//build\libdaisy.a(stm32h7xx_hal_rcc_ex.o)
                0x08009a20                HAL_RCCEx_PeriphCLKConfig
 .text.HAL_RCCEx_GetD3PCLK1Freq
                0x0800a49c       0x24 ../../DaisyExamples/libDaisy//build\libdaisy.a(stm32h7xx_hal_rcc_ex.o)
                0x0800a49c                HAL_RCCEx_GetD3PCLK1Freq
 .text.HAL_RCCEx_GetPLL2ClockFreq
                0x0800a4c0      0x17c ../../DaisyExamples/libDaisy//build\libdaisy.a(stm32h7xx_hal_rcc_ex.o)
                0x0800a4c0                HAL_RCCEx_GetPLL2ClockFreq
 .text.HAL_RCCEx_GetPLL3ClockFreq
                0x0800a63c      0x17c ../../DaisyExamples/libDaisy//build\libdaisy.a(stm32h7xx_hal_rcc_ex.o)
                0x0800a63c                HAL_RCCEx_GetPLL3ClockFreq
 .text.HAL_RCCEx_GetPLL1ClockFreq
                0x0800a7b8      0x17c ../../DaisyExamples/libDaisy//build\libdaisy.a(stm32h7xx_hal_rcc_ex.o)
                0x0800a7b8                HAL_RCCEx_GetPLL1ClockFreq
 .text.HAL_RCCEx_GetPeriphCLKFreq
                0x0800a934      0x198 ../../DaisyExamples/libDaisy//build\libdaisy.a(stm32h7xx_hal_rcc_ex.o)
                0x0800a934                HAL_RCCEx_GetPeriphCLKFreq
 .text.HAL_RCCEx_GetD1SysClockFreq
                0x0800aacc       0x2c ../../DaisyExamples/libDaisy//build\libdaisy.a(stm32h7xx_hal_rcc_ex.o)
                0x0800aacc                HAL_RCCEx_GetD1SysClockFreq
 .text.HAL_SAI_Init.part.0
                0x0800aaf8      0x348 ../../DaisyExamples/libDaisy//build\libdaisy.a(stm32h7xx_hal_sai.o)
 .text.HAL_SAI_InitProtocol
                0x0800ae40      0x178 ../../DaisyExamples/libDaisy//build\libdaisy.a(stm32h7xx_hal_sai.o)
                0x0800ae40                HAL_SAI_InitProtocol
 .text.HAL_SAI_Transmit_DMA
                0x0800afb8      0x124 ../../DaisyExamples/libDaisy//build\libdaisy.a(stm32h7xx_hal_sai.o)
                0x0800afb8                HAL_SAI_Transmit_DMA
 .text.HAL_SAI_Receive_DMA
                0x0800b0dc       0xd0 ../../DaisyExamples/libDaisy//build\libdaisy.a(stm32h7xx_hal_sai.o)
                0x0800b0dc                HAL_SAI_Receive_DMA
 .text.HAL_SAI_TxCpltCallback
                0x0800b1ac        0x4 ../../DaisyExamples/libDaisy//build\libdaisy.a(stm32h7xx_hal_sai.o)
                0x0800b1ac                HAL_SAI_TxCpltCallback
 .text.SAI_DMATxCplt
                0x0800b1b0       0x64 ../../DaisyExamples/libDaisy//build\libdaisy.a(stm32h7xx_hal_sai.o)
 .text.HAL_SAI_TxHalfCpltCallback
                0x0800b214        0x4 ../../DaisyExamples/libDaisy//build\libdaisy.a(stm32h7xx_hal_sai.o)
                0x0800b214                HAL_SAI_TxHalfCpltCallback
 .text.SAI_DMATxHalfCplt
                0x0800b218        0xc ../../DaisyExamples/libDaisy//build\libdaisy.a(stm32h7xx_hal_sai.o)
 .text.SAI_DMARxCplt
                0x0800b224       0x64 ../../DaisyExamples/libDaisy//build\libdaisy.a(stm32h7xx_hal_sai.o)
 .text.SAI_DMARxHalfCplt
                0x0800b288        0xc ../../DaisyExamples/libDaisy//build\libdaisy.a(stm32h7xx_hal_sai.o)
 .text.HAL_SAI_ErrorCallback
                0x0800b294        0x4 ../../DaisyExamples/libDaisy//build\libdaisy.a(stm32h7xx_hal_sai.o)
                0x0800b294                HAL_SAI_ErrorCallback
 .text.SAI_DMAError
                0x0800b298       0x6c ../../DaisyExamples/libDaisy//build\libdaisy.a(stm32h7xx_hal_sai.o)
 .text.HAL_SDRAM_Init
                0x0800b304       0x54 ../../DaisyExamples/libDaisy//build\libdaisy.a(stm32h7xx_hal_sdram.o)
                0x0800b304                HAL_SDRAM_Init
 .text.HAL_SDRAM_SendCommand
                0x0800b358       0x40 ../../DaisyExamples/libDaisy//build\libdaisy.a(stm32h7xx_hal_sdram.o)
                0x0800b358                HAL_SDRAM_SendCommand
 .text.HAL_SDRAM_ProgramRefreshRate
                0x0800b398       0x30 ../../DaisyExamples/libDaisy//build\libdaisy.a(stm32h7xx_hal_sdram.o)
                0x0800b398                HAL_SDRAM_ProgramRefreshRate
 .text.FMC_SDRAM_Init
                0x0800b3c8       0x7c ../../DaisyExamples/libDaisy//build\libdaisy.a(stm32h7xx_ll_fmc.o)
                0x0800b3c8                FMC_SDRAM_Init
 .text.FMC_SDRAM_Timing_Init
                0x0800b444       0x98 ../../DaisyExamples/libDaisy//build\libdaisy.a(stm32h7xx_ll_fmc.o)
                0x0800b444                FMC_SDRAM_Timing_Init
 .text.FMC_SDRAM_SendCommand
                0x0800b4dc       0x28 ../../DaisyExamples/libDaisy//build\libdaisy.a(stm32h7xx_ll_fmc.o)
                0x0800b4dc                FMC_SDRAM_SendCommand
 .text.FMC_SDRAM_ProgramRefreshRate
                0x0800b504       0x1c ../../DaisyExamples/libDaisy//build\libdaisy.a(stm32h7xx_ll_fmc.o)
                0x0800b504                FMC_SDRAM_ProgramRefreshRate
 .text.USB_SetTurnaroundTime
                0x0800b520      0x104 ../../DaisyExamples/libDaisy//build\libdaisy.a(stm32h7xx_ll_usb.o)
                0x0800b520                USB_SetTurnaroundTime
 .text.USB_FlushTxFifo
                0x0800b624       0x34 ../../DaisyExamples/libDaisy//build\libdaisy.a(stm32h7xx_ll_usb.o)
                0x0800b624                USB_FlushTxFifo
 .text.USB_GetDevSpeed
                0x0800b658       0x24 ../../DaisyExamples/libDaisy//build\libdaisy.a(stm32h7xx_ll_usb.o)
                0x0800b658                USB_GetDevSpeed
 .text.USB_ActivateEndpoint
                0x0800b67c       0x90 ../../DaisyExamples/libDaisy//build\libdaisy.a(stm32h7xx_ll_usb.o)
                0x0800b67c                USB_ActivateEndpoint
 .text.USB_EPStartXfer
                0x0800b70c      0x230 ../../DaisyExamples/libDaisy//build\libdaisy.a(stm32h7xx_ll_usb.o)
                0x0800b70c                USB_EPStartXfer
 .text.USB_EP0StartXfer
                0x0800b93c      0x174 ../../DaisyExamples/libDaisy//build\libdaisy.a(stm32h7xx_ll_usb.o)
                0x0800b93c                USB_EP0StartXfer
 .text.USB_WritePacket
                0x0800bab0       0x2c ../../DaisyExamples/libDaisy//build\libdaisy.a(stm32h7xx_ll_usb.o)
                0x0800bab0                USB_WritePacket
 .text.USB_ReadPacket
                0x0800badc       0x20 ../../DaisyExamples/libDaisy//build\libdaisy.a(stm32h7xx_ll_usb.o)
                0x0800badc                USB_ReadPacket
 .text.USB_EPSetStall
                0x0800bafc       0x68 ../../DaisyExamples/libDaisy//build\libdaisy.a(stm32h7xx_ll_usb.o)
                0x0800bafc                USB_EPSetStall
 .text.USB_EPClearStall
                0x0800bb64       0x58 ../../DaisyExamples/libDaisy//build\libdaisy.a(stm32h7xx_ll_usb.o)
                0x0800bb64                USB_EPClearStall
 .text.USB_SetDevAddress
                0x0800bbbc       0x24 ../../DaisyExamples/libDaisy//build\libdaisy.a(stm32h7xx_ll_usb.o)
                0x0800bbbc                USB_SetDevAddress
 .text.USB_ReadInterrupts
                0x0800bbe0       0x14 ../../DaisyExamples/libDaisy//build\libdaisy.a(stm32h7xx_ll_usb.o)
                0x0800bbe0                USB_ReadInterrupts
 .text.USB_ReadDevAllOutEpInterrupt
                0x0800bbf4       0x1c ../../DaisyExamples/libDaisy//build\libdaisy.a(stm32h7xx_ll_usb.o)
                0x0800bbf4                USB_ReadDevAllOutEpInterrupt
 .text.USB_ReadDevAllInEpInterrupt
                0x0800bc10       0x1c ../../DaisyExamples/libDaisy//build\libdaisy.a(stm32h7xx_ll_usb.o)
                0x0800bc10                USB_ReadDevAllInEpInterrupt
 .text.USB_ReadDevOutEPInterrupt
                0x0800bc2c       0x1c ../../DaisyExamples/libDaisy//build\libdaisy.a(stm32h7xx_ll_usb.o)
                0x0800bc2c                USB_ReadDevOutEPInterrupt
 .text.USB_ReadDevInEPInterrupt
                0x0800bc48       0x38 ../../DaisyExamples/libDaisy//build\libdaisy.a(stm32h7xx_ll_usb.o)
                0x0800bc48                USB_ReadDevInEPInterrupt
 .text.USB_GetMode
                0x0800bc80        0x8 ../../DaisyExamples/libDaisy//build\libdaisy.a(stm32h7xx_ll_usb.o)
                0x0800bc80                USB_GetMode
 .text.USB_ActivateSetup
                0x0800bc88       0x38 ../../DaisyExamples/libDaisy//build\libdaisy.a(stm32h7xx_ll_usb.o)
                0x0800bc88                USB_ActivateSetup
 .text.USB_EP0_OutStart
                0x0800bcc0       0x58 ../../DaisyExamples/libDaisy//build\libdaisy.a(stm32h7xx_ll_usb.o)
                0x0800bcc0                USB_EP0_OutStart
 .text.USB_InitFSLSPClkSel
                0x0800bd18       0x44 ../../DaisyExamples/libDaisy//build\libdaisy.a(stm32h7xx_ll_usb.o)
                0x0800bd18                USB_InitFSLSPClkSel
 .text.USB_HC_ReadInterrupt
                0x0800bd5c        0x8 ../../DaisyExamples/libDaisy//build\libdaisy.a(stm32h7xx_ll_usb.o)
                0x0800bd5c                USB_HC_ReadInterrupt
 .text.USB_HC_Halt
                0x0800bd64       0xc0 ../../DaisyExamples/libDaisy//build\libdaisy.a(stm32h7xx_ll_usb.o)
                0x0800bd64                USB_HC_Halt
 .text.USB_StopHost
                0x0800be24      0x2ec ../../DaisyExamples/libDaisy//build\libdaisy.a(stm32h7xx_ll_usb.o)
                0x0800be24                USB_StopHost
 .text.USBD_SetClassConfig
                0x0800c110       0x14 ../../DaisyExamples/libDaisy//build\libdaisy.a(usbd_core.o)
                0x0800c110                USBD_SetClassConfig
 .text.USBD_ClrClassConfig
                0x0800c124       0x10 ../../DaisyExamples/libDaisy//build\libdaisy.a(usbd_core.o)
                0x0800c124                USBD_ClrClassConfig
 .text.USBD_LL_SetupStage
                0x0800c134       0x5c ../../DaisyExamples/libDaisy//build\libdaisy.a(usbd_core.o)
                0x0800c134                USBD_LL_SetupStage
 .text.USBD_LL_DataOutStage
                0x0800c190       0x7c ../../DaisyExamples/libDaisy//build\libdaisy.a(usbd_core.o)
                0x0800c190                USBD_LL_DataOutStage
 .text.USBD_LL_DataInStage
                0x0800c20c       0xcc ../../DaisyExamples/libDaisy//build\libdaisy.a(usbd_core.o)
                0x0800c20c                USBD_LL_DataInStage
 .text.USBD_LL_Reset
                0x0800c2d8       0x50 ../../DaisyExamples/libDaisy//build\libdaisy.a(usbd_core.o)
                0x0800c2d8                USBD_LL_Reset
 .text.USBD_LL_SetSpeed
                0x0800c328        0x8 ../../DaisyExamples/libDaisy//build\libdaisy.a(usbd_core.o)
                0x0800c328                USBD_LL_SetSpeed
 .text.USBD_LL_Suspend
                0x0800c330       0x14 ../../DaisyExamples/libDaisy//build\libdaisy.a(usbd_core.o)
                0x0800c330                USBD_LL_Suspend
 .text.USBD_LL_Resume
                0x0800c344       0x10 ../../DaisyExamples/libDaisy//build\libdaisy.a(usbd_core.o)
                0x0800c344                USBD_LL_Resume
 .text.USBD_LL_SOF
                0x0800c354       0x1c ../../DaisyExamples/libDaisy//build\libdaisy.a(usbd_core.o)
                0x0800c354                USBD_LL_SOF
 .text.USBD_LL_IsoINIncomplete
                0x0800c370        0x4 ../../DaisyExamples/libDaisy//build\libdaisy.a(usbd_core.o)
                0x0800c370                USBD_LL_IsoINIncomplete
 .text.USBD_LL_IsoOUTIncomplete
                0x0800c374        0x4 ../../DaisyExamples/libDaisy//build\libdaisy.a(usbd_core.o)
                0x0800c374                USBD_LL_IsoOUTIncomplete
 .text.USBD_LL_DevConnected
                0x0800c378        0x4 ../../DaisyExamples/libDaisy//build\libdaisy.a(usbd_core.o)
                0x0800c378                USBD_LL_DevConnected
 .text.USBD_LL_DevDisconnected
                0x0800c37c       0x18 ../../DaisyExamples/libDaisy//build\libdaisy.a(usbd_core.o)
                0x0800c37c                USBD_LL_DevDisconnected
 .text.USBD_StdDevReq
                0x0800c394      0x304 ../../DaisyExamples/libDaisy//build\libdaisy.a(usbd_ctlreq.o)
                0x0800c394                USBD_StdDevReq
 .text.USBD_StdItfReq
                0x0800c698       0x68 ../../DaisyExamples/libDaisy//build\libdaisy.a(usbd_ctlreq.o)
                0x0800c698                USBD_StdItfReq
 .text.USBD_StdEPReq
                0x0800c700      0x13c ../../DaisyExamples/libDaisy//build\libdaisy.a(usbd_ctlreq.o)
                0x0800c700                USBD_StdEPReq
 .text.USBD_ParseSetupRequest
                0x0800c83c       0x28 ../../DaisyExamples/libDaisy//build\libdaisy.a(usbd_ctlreq.o)
                0x0800c83c                USBD_ParseSetupRequest
 .text.USBD_CtlSendData
                0x0800c864       0x1c ../../DaisyExamples/libDaisy//build\libdaisy.a(usbd_ioreq.o)
                0x0800c864                USBD_CtlSendData
 .text.USBD_CtlContinueSendData
                0x0800c880       0x14 ../../DaisyExamples/libDaisy//build\libdaisy.a(usbd_ioreq.o)
                0x0800c880                USBD_CtlContinueSendData
 .text.USBD_CtlContinueRx
                0x0800c894       0x14 ../../DaisyExamples/libDaisy//build\libdaisy.a(usbd_ioreq.o)
                0x0800c894                USBD_CtlContinueRx
 .text.USBD_CtlSendStatus
                0x0800c8a8       0x18 ../../DaisyExamples/libDaisy//build\libdaisy.a(usbd_ioreq.o)
                0x0800c8a8                USBD_CtlSendStatus
 .text.USBD_CtlReceiveStatus
                0x0800c8c0       0x18 ../../DaisyExamples/libDaisy//build\libdaisy.a(usbd_ioreq.o)
                0x0800c8c0                USBD_CtlReceiveStatus
 .text.USBH_LL_IncTimer
                0x0800c8d8       0x20 ../../DaisyExamples/libDaisy//build\libdaisy.a(usbh_core.o)
                0x0800c8d8                USBH_LL_IncTimer
 .text.USBH_LL_PortEnabled
                0x0800c8f8        0x8 ../../DaisyExamples/libDaisy//build\libdaisy.a(usbh_core.o)
                0x0800c8f8                USBH_LL_PortEnabled
 .text.USBH_LL_PortDisabled
                0x0800c900        0x8 ../../DaisyExamples/libDaisy//build\libdaisy.a(usbh_core.o)
                0x0800c900                USBH_LL_PortDisabled
 .text.USBH_LL_Connect
                0x0800c908       0x18 ../../DaisyExamples/libDaisy//build\libdaisy.a(usbh_core.o)
                0x0800c908                USBH_LL_Connect
 .text.USBH_LL_Disconnect
                0x0800c920       0x2c ../../DaisyExamples/libDaisy//build\libdaisy.a(usbh_core.o)
                0x0800c920                USBH_LL_Disconnect
 .text.USBH_FreePipe
                0x0800c94c       0x18 ../../DaisyExamples/libDaisy//build\libdaisy.a(usbh_pipes.o)
                0x0800c94c                USBH_FreePipe
 .text._ZN5daisy6Random4InitEv
                0x0800c964       0x3c ../../DaisyExamples/libDaisy//build\libdaisy.a(rng.o)
                0x0800c964                daisy::Random::Init()
 .text._ZN5daisy9SpiHandle4Impl7InitDmaEv
                0x0800c9a0       0xec ../../DaisyExamples/libDaisy//build\libdaisy.a(spi.o)
                0x0800c9a0                daisy::SpiHandle::Impl::InitDma()
 .text._ZN5daisy9SpiHandle4Impl10StartDmaTxEPhjPFvPvEPFvS3_NS0_6ResultEES3_
                0x0800ca8c       0xc8 ../../DaisyExamples/libDaisy//build\libdaisy.a(spi.o)
                0x0800ca8c                daisy::SpiHandle::Impl::StartDmaTx(unsigned char*, unsigned int, void (*)(void*), void (*)(void*, daisy::SpiHandle::Result), void*)
 .text._ZN5daisy9SpiHandle4Impl10StartDmaRxEPhjPFvPvEPFvS3_NS0_6ResultEES3_
                0x0800cb54       0xc8 ../../DaisyExamples/libDaisy//build\libdaisy.a(spi.o)
                0x0800cb54                daisy::SpiHandle::Impl::StartDmaRx(unsigned char*, unsigned int, void (*)(void*), void (*)(void*, daisy::SpiHandle::Result), void*)
 .text._ZN5daisy9SpiHandle4Impl12StartDmaRxTxEPhS2_jPFvPvEPFvS3_NS0_6ResultEES3_
                0x0800cc1c       0xcc ../../DaisyExamples/libDaisy//build\libdaisy.a(spi.o)
                0x0800cc1c                daisy::SpiHandle::Impl::StartDmaRxTx(unsigned char*, unsigned char*, unsigned int, void (*)(void*), void (*)(void*, daisy::SpiHandle::Result), void*)
 .text._ZN5daisy9SpiHandle4Impl8InitPinsEv
                0x0800cce8      0x274 ../../DaisyExamples/libDaisy//build\libdaisy.a(spi.o)
                0x0800cce8                daisy::SpiHandle::Impl::InitPins()
 .text.HAL_SPI_MspInit
                0x0800cf5c      0x1a8 ../../DaisyExamples/libDaisy//build\libdaisy.a(spi.o)
                0x0800cf5c                HAL_SPI_MspInit
 .text.dsy_spi_global_init
                0x0800d104       0x80 ../../DaisyExamples/libDaisy//build\libdaisy.a(spi.o)
                0x0800d104                dsy_spi_global_init
 .text.SPI1_IRQHandler
                0x0800d184        0xc ../../DaisyExamples/libDaisy//build\libdaisy.a(spi.o)
                0x0800d184                SPI1_IRQHandler
 .text.SPI2_IRQHandler
                0x0800d190        0xc ../../DaisyExamples/libDaisy//build\libdaisy.a(spi.o)
                0x0800d190                SPI2_IRQHandler
 .text.SPI3_IRQHandler
                0x0800d19c        0xc ../../DaisyExamples/libDaisy//build\libdaisy.a(spi.o)
                0x0800d19c                SPI3_IRQHandler
 .text.SPI4_IRQHandler
                0x0800d1a8        0xc ../../DaisyExamples/libDaisy//build\libdaisy.a(spi.o)
                0x0800d1a8                SPI4_IRQHandler
 .text.SPI5_IRQHandler
                0x0800d1b4        0xc ../../DaisyExamples/libDaisy//build\libdaisy.a(spi.o)
                0x0800d1b4                SPI5_IRQHandler
 .text.DMA2_Stream2_IRQHandler
                0x0800d1c0       0x34 ../../DaisyExamples/libDaisy//build\libdaisy.a(spi.o)
                0x0800d1c0                DMA2_Stream2_IRQHandler
 .text.DMA2_Stream3_IRQHandler
                0x0800d1f4       0x38 ../../DaisyExamples/libDaisy//build\libdaisy.a(spi.o)
                0x0800d1f4                DMA2_Stream3_IRQHandler
 .text.HAL_SPI_TxCpltCallback
                0x0800d22c       0xc4 ../../DaisyExamples/libDaisy//build\libdaisy.a(spi.o)
                0x0800d22c                HAL_SPI_TxCpltCallback
 .text.HAL_SPI_RxCpltCallback
                0x0800d2f0       0xc4 ../../DaisyExamples/libDaisy//build\libdaisy.a(spi.o)
                0x0800d2f0                HAL_SPI_RxCpltCallback
 .text.HAL_SPI_TxRxCpltCallback
                0x0800d3b4       0xc4 ../../DaisyExamples/libDaisy//build\libdaisy.a(spi.o)
                0x0800d3b4                HAL_SPI_TxRxCpltCallback
 .text.HAL_SPI_ErrorCallback
                0x0800d478       0xc8 ../../DaisyExamples/libDaisy//build\libdaisy.a(spi.o)
                0x0800d478                HAL_SPI_ErrorCallback
 .text.startup._GLOBAL__sub_I__Z19MapInstanceToHandleP11SPI_TypeDef
                0x0800d540      0x1b0 ../../DaisyExamples/libDaisy//build\libdaisy.a(spi.o)
 .text.HAL_TIM_Base_MspInit
                0x0800d6f0      0x1e0 ../../DaisyExamples/libDaisy//build\libdaisy.a(tim.o)
                0x0800d6f0                HAL_TIM_Base_MspInit
 .text.HAL_TIM_PeriodElapsedCallback
                0x0800d8d0       0x44 ../../DaisyExamples/libDaisy//build\libdaisy.a(tim.o)
                0x0800d8d0                HAL_TIM_PeriodElapsedCallback
 .text.TIM2_IRQHandler
                0x0800d914        0xc ../../DaisyExamples/libDaisy//build\libdaisy.a(tim.o)
                0x0800d914                TIM2_IRQHandler
 .text.TIM3_IRQHandler
                0x0800d920        0xc ../../DaisyExamples/libDaisy//build\libdaisy.a(tim.o)
                0x0800d920                TIM3_IRQHandler
 .text.TIM4_IRQHandler
                0x0800d92c        0xc ../../DaisyExamples/libDaisy//build\libdaisy.a(tim.o)
                0x0800d92c                TIM4_IRQHandler
 .text.TIM5_IRQHandler
                0x0800d938        0xc ../../DaisyExamples/libDaisy//build\libdaisy.a(tim.o)
                0x0800d938                TIM5_IRQHandler
 .text._ZN5daisy11TimerHandle4InitERKNS0_6ConfigE
                0x0800d944       0xd0 ../../DaisyExamples/libDaisy//build\libdaisy.a(tim.o)
                0x0800d944                daisy::TimerHandle::Init(daisy::TimerHandle::Config const&)
 .text._ZN5daisy11TimerHandle5StartEv
                0x0800da14       0x24 ../../DaisyExamples/libDaisy//build\libdaisy.a(tim.o)
                0x0800da14                daisy::TimerHandle::Start()
 .text.startup._GLOBAL__sub_I__ZN5daisy11TimerHandle4Impl4InitERKNS0_6ConfigE
                0x0800da38       0x38 ../../DaisyExamples/libDaisy//build\libdaisy.a(tim.o)
 .text._ZL20UART_CheckRxListenerPN5daisy11UartHandler4ImplE
                0x0800da70       0x84 ../../DaisyExamples/libDaisy//build\libdaisy.a(uart.o)
 .text._ZN5daisy11UartHandler4Impl10StartDmaTxEPhjPFvPvEPFvS3_NS0_6ResultEES3_
                0x0800daf4      0x184 ../../DaisyExamples/libDaisy//build\libdaisy.a(uart.o)
                0x0800daf4                daisy::UartHandler::Impl::StartDmaTx(unsigned char*, unsigned int, void (*)(void*), void (*)(void*, daisy::UartHandler::Result), void*)
 .text._ZN5daisy11UartHandler4Impl10StartDmaRxEPhjPFvPvEPFvS3_NS0_6ResultEES3_
                0x0800dc78      0x184 ../../DaisyExamples/libDaisy//build\libdaisy.a(uart.o)
                0x0800dc78                daisy::UartHandler::Impl::StartDmaRx(unsigned char*, unsigned int, void (*)(void*), void (*)(void*, daisy::UartHandler::Result), void*)
 .text._ZN5daisy11UartHandler4Impl19DmaTransferFinishedEP20__UART_HandleTypeDefNS0_6ResultE
                0x0800ddfc       0xc0 ../../DaisyExamples/libDaisy//build\libdaisy.a(uart.o)
                0x0800ddfc                daisy::UartHandler::Impl::DmaTransferFinished(__UART_HandleTypeDef*, daisy::UartHandler::Result)
 .text._ZN5daisy11UartHandler4Impl8InitPinsEv
                0x0800debc      0x154 ../../DaisyExamples/libDaisy//build\libdaisy.a(uart.o)
                0x0800debc                daisy::UartHandler::Impl::InitPins()
 .text.HAL_UART_MspInit
                0x0800e010      0x210 ../../DaisyExamples/libDaisy//build\libdaisy.a(uart.o)
                0x0800e010                HAL_UART_MspInit
 .text.dsy_uart_global_init
                0x0800e220      0x110 ../../DaisyExamples/libDaisy//build\libdaisy.a(uart.o)
                0x0800e220                dsy_uart_global_init
 .text.USART1_IRQHandler
                0x0800e330       0x2c ../../DaisyExamples/libDaisy//build\libdaisy.a(uart.o)
                0x0800e330                USART1_IRQHandler
 .text.USART2_IRQHandler
                0x0800e35c       0x34 ../../DaisyExamples/libDaisy//build\libdaisy.a(uart.o)
                0x0800e35c                USART2_IRQHandler
 .text.USART3_IRQHandler
                0x0800e390       0x34 ../../DaisyExamples/libDaisy//build\libdaisy.a(uart.o)
                0x0800e390                USART3_IRQHandler
 .text.UART4_IRQHandler
                0x0800e3c4       0x34 ../../DaisyExamples/libDaisy//build\libdaisy.a(uart.o)
                0x0800e3c4                UART4_IRQHandler
 .text.UART5_IRQHandler
                0x0800e3f8       0x34 ../../DaisyExamples/libDaisy//build\libdaisy.a(uart.o)
                0x0800e3f8                UART5_IRQHandler
 .text.USART6_IRQHandler
                0x0800e42c       0x34 ../../DaisyExamples/libDaisy//build\libdaisy.a(uart.o)
                0x0800e42c                USART6_IRQHandler
 .text.UART7_IRQHandler
                0x0800e460       0x34 ../../DaisyExamples/libDaisy//build\libdaisy.a(uart.o)
                0x0800e460                UART7_IRQHandler
 .text.UART8_IRQHandler
                0x0800e494       0x34 ../../DaisyExamples/libDaisy//build\libdaisy.a(uart.o)
                0x0800e494                UART8_IRQHandler
 .text.LPUART1_IRQHandler
                0x0800e4c8       0x34 ../../DaisyExamples/libDaisy//build\libdaisy.a(uart.o)
                0x0800e4c8                LPUART1_IRQHandler
 .text.DMA1_Stream5_IRQHandler
                0x0800e4fc       0x34 ../../DaisyExamples/libDaisy//build\libdaisy.a(uart.o)
                0x0800e4fc                DMA1_Stream5_IRQHandler
 .text.DMA2_Stream4_IRQHandler
                0x0800e530       0x38 ../../DaisyExamples/libDaisy//build\libdaisy.a(uart.o)
                0x0800e530                DMA2_Stream4_IRQHandler
 .text.HAL_UART_TxCpltCallback
                0x0800e568        0x8 ../../DaisyExamples/libDaisy//build\libdaisy.a(uart.o)
                0x0800e568                HAL_UART_TxCpltCallback
 .text.HAL_UART_RxCpltCallback
                0x0800e570       0x94 ../../DaisyExamples/libDaisy//build\libdaisy.a(uart.o)
                0x0800e570                HAL_UART_RxCpltCallback
 .text.HAL_UART_RxHalfCpltCallback
                0x0800e604       0x90 ../../DaisyExamples/libDaisy//build\libdaisy.a(uart.o)
                0x0800e604                HAL_UART_RxHalfCpltCallback
 .text.HAL_UART_ErrorCallback
                0x0800e694        0x8 ../../DaisyExamples/libDaisy//build\libdaisy.a(uart.o)
                0x0800e694                HAL_UART_ErrorCallback
 .text.startup._GLOBAL__sub_I__Z19MapInstanceToHandleP13USART_TypeDef
                0x0800e69c      0x194 ../../DaisyExamples/libDaisy//build\libdaisy.a(uart.o)
 .text.dsy_dma_init
                0x0800e830      0x100 ../../DaisyExamples/libDaisy//build\libdaisy.a(dma.o)
                0x0800e830                dsy_dma_init
 .text.dsy_dma_invalidate_cache_for_buffer
                0x0800e930       0x2c ../../DaisyExamples/libDaisy//build\libdaisy.a(dma.o)
                0x0800e930                dsy_dma_invalidate_cache_for_buffer
 .text.HAL_MDMA_Abort_IT
                0x0800e95c       0x2c ../../DaisyExamples/libDaisy//build\libdaisy.a(stm32h7xx_hal_mdma.o)
                0x0800e95c                HAL_MDMA_Abort_IT
 .text.SPI_CloseTransfer
                0x0800e988       0xb8 ../../DaisyExamples/libDaisy//build\libdaisy.a(stm32h7xx_hal_spi.o)
 .text.HAL_SPI_Init
                0x0800ea40      0x15c ../../DaisyExamples/libDaisy//build\libdaisy.a(stm32h7xx_hal_spi.o)
                0x0800ea40                HAL_SPI_Init
 .text.HAL_SPI_Transmit_DMA
                0x0800eb9c      0x170 ../../DaisyExamples/libDaisy//build\libdaisy.a(stm32h7xx_hal_spi.o)
                0x0800eb9c                HAL_SPI_Transmit_DMA
 .text.HAL_SPI_TransmitReceive_DMA
                0x0800ed0c      0x218 ../../DaisyExamples/libDaisy//build\libdaisy.a(stm32h7xx_hal_spi.o)
                0x0800ed0c                HAL_SPI_TransmitReceive_DMA
 .text.HAL_SPI_Receive_DMA
                0x0800ef24      0x1b4 ../../DaisyExamples/libDaisy//build\libdaisy.a(stm32h7xx_hal_spi.o)
                0x0800ef24                HAL_SPI_Receive_DMA
 .text.SPI_DMATransmitCplt
                0x0800f0d8       0x28 ../../DaisyExamples/libDaisy//build\libdaisy.a(stm32h7xx_hal_spi.o)
 .text.SPI_DMAReceiveCplt
                0x0800f100       0x28 ../../DaisyExamples/libDaisy//build\libdaisy.a(stm32h7xx_hal_spi.o)
 .text.SPI_DMATransmitReceiveCplt
                0x0800f128       0x28 ../../DaisyExamples/libDaisy//build\libdaisy.a(stm32h7xx_hal_spi.o)
 .text.HAL_SPI_TxHalfCpltCallback
                0x0800f150        0x4 ../../DaisyExamples/libDaisy//build\libdaisy.a(stm32h7xx_hal_spi.o)
                0x0800f150                HAL_SPI_TxHalfCpltCallback
 .text.SPI_DMAHalfTransmitCplt
                0x0800f154        0xc ../../DaisyExamples/libDaisy//build\libdaisy.a(stm32h7xx_hal_spi.o)
 .text.HAL_SPI_RxHalfCpltCallback
                0x0800f160        0x4 ../../DaisyExamples/libDaisy//build\libdaisy.a(stm32h7xx_hal_spi.o)
                0x0800f160                HAL_SPI_RxHalfCpltCallback
 .text.SPI_DMAHalfReceiveCplt
                0x0800f164        0xc ../../DaisyExamples/libDaisy//build\libdaisy.a(stm32h7xx_hal_spi.o)
 .text.HAL_SPI_TxRxHalfCpltCallback
                0x0800f170        0x4 ../../DaisyExamples/libDaisy//build\libdaisy.a(stm32h7xx_hal_spi.o)
                0x0800f170                HAL_SPI_TxRxHalfCpltCallback
 .text.SPI_DMAHalfTransmitReceiveCplt
                0x0800f174        0xc ../../DaisyExamples/libDaisy//build\libdaisy.a(stm32h7xx_hal_spi.o)
 .text.SPI_DMAError
                0x0800f180       0xd8 ../../DaisyExamples/libDaisy//build\libdaisy.a(stm32h7xx_hal_spi.o)
 .text.HAL_SPI_IRQHandler
                0x0800f258      0x23c ../../DaisyExamples/libDaisy//build\libdaisy.a(stm32h7xx_hal_spi.o)
                0x0800f258                HAL_SPI_IRQHandler
 .text.SPI_DMAAbortOnError
                0x0800f494       0x1c ../../DaisyExamples/libDaisy//build\libdaisy.a(stm32h7xx_hal_spi.o)
 .text.HAL_SPI_GetState
                0x0800f4b0        0x8 ../../DaisyExamples/libDaisy//build\libdaisy.a(stm32h7xx_hal_spi.o)
                0x0800f4b0                HAL_SPI_GetState
 .text.HAL_TIM_Base_Init
                0x0800f4b8      0x140 ../../DaisyExamples/libDaisy//build\libdaisy.a(stm32h7xx_hal_tim.o)
                0x0800f4b8                HAL_TIM_Base_Init
 .text.HAL_TIM_Base_Start
                0x0800f5f8       0x34 ../../DaisyExamples/libDaisy//build\libdaisy.a(stm32h7xx_hal_tim.o)
                0x0800f5f8                HAL_TIM_Base_Start
 .text.HAL_TIM_Base_Start_IT
                0x0800f62c       0x2c ../../DaisyExamples/libDaisy//build\libdaisy.a(stm32h7xx_hal_tim.o)
                0x0800f62c                HAL_TIM_Base_Start_IT
 .text.HAL_TIM_ConfigClockSource
                0x0800f658      0x17c ../../DaisyExamples/libDaisy//build\libdaisy.a(stm32h7xx_hal_tim.o)
                0x0800f658                HAL_TIM_ConfigClockSource
 .text.HAL_TIM_OC_DelayElapsedCallback
                0x0800f7d4        0x4 ../../DaisyExamples/libDaisy//build\libdaisy.a(stm32h7xx_hal_tim.o)
                0x0800f7d4                HAL_TIM_OC_DelayElapsedCallback
 .text.HAL_TIM_IC_CaptureCallback
                0x0800f7d8        0x4 ../../DaisyExamples/libDaisy//build\libdaisy.a(stm32h7xx_hal_tim.o)
                0x0800f7d8                HAL_TIM_IC_CaptureCallback
 .text.HAL_TIM_PWM_PulseFinishedCallback
                0x0800f7dc        0x4 ../../DaisyExamples/libDaisy//build\libdaisy.a(stm32h7xx_hal_tim.o)
                0x0800f7dc                HAL_TIM_PWM_PulseFinishedCallback
 .text.HAL_TIM_TriggerCallback
                0x0800f7e0        0x4 ../../DaisyExamples/libDaisy//build\libdaisy.a(stm32h7xx_hal_tim.o)
                0x0800f7e0                HAL_TIM_TriggerCallback
 .text.HAL_TIM_IRQHandler
                0x0800f7e4      0x170 ../../DaisyExamples/libDaisy//build\libdaisy.a(stm32h7xx_hal_tim.o)
                0x0800f7e4                HAL_TIM_IRQHandler
 .text.HAL_TIMEx_MasterConfigSynchronization
                0x0800f954       0x64 ../../DaisyExamples/libDaisy//build\libdaisy.a(stm32h7xx_hal_tim_ex.o)
                0x0800f954                HAL_TIMEx_MasterConfigSynchronization
 .text.HAL_TIMEx_CommutCallback
                0x0800f9b8        0x4 ../../DaisyExamples/libDaisy//build\libdaisy.a(stm32h7xx_hal_tim_ex.o)
                0x0800f9b8                HAL_TIMEx_CommutCallback
 .text.HAL_TIMEx_BreakCallback
                0x0800f9bc        0x4 ../../DaisyExamples/libDaisy//build\libdaisy.a(stm32h7xx_hal_tim_ex.o)
                0x0800f9bc                HAL_TIMEx_BreakCallback
 .text.HAL_TIMEx_Break2Callback
                0x0800f9c0        0x4 ../../DaisyExamples/libDaisy//build\libdaisy.a(stm32h7xx_hal_tim_ex.o)
                0x0800f9c0                HAL_TIMEx_Break2Callback
 .text.HAL_UART_Transmit_DMA
                0x0800f9c4       0xa4 ../../DaisyExamples/libDaisy//build\libdaisy.a(stm32h7xx_hal_uart.o)
                0x0800f9c4                HAL_UART_Transmit_DMA
 .text.HAL_UART_Receive_DMA
                0x0800fa68       0xac ../../DaisyExamples/libDaisy//build\libdaisy.a(stm32h7xx_hal_uart.o)
                0x0800fa68                HAL_UART_Receive_DMA
 .text.UART_DMATransmitCplt
                0x0800fb14       0x2c ../../DaisyExamples/libDaisy//build\libdaisy.a(stm32h7xx_hal_uart.o)
 .text.HAL_UART_TxHalfCpltCallback
                0x0800fb40        0x4 ../../DaisyExamples/libDaisy//build\libdaisy.a(stm32h7xx_hal_uart.o)
                0x0800fb40                HAL_UART_TxHalfCpltCallback
 .text.UART_DMATxHalfCplt
                0x0800fb44        0xc ../../DaisyExamples/libDaisy//build\libdaisy.a(stm32h7xx_hal_uart.o)
 .text.UART_DMAReceiveCplt
                0x0800fb50       0x38 ../../DaisyExamples/libDaisy//build\libdaisy.a(stm32h7xx_hal_uart.o)
 .text.UART_DMARxHalfCplt
                0x0800fb88        0xc ../../DaisyExamples/libDaisy//build\libdaisy.a(stm32h7xx_hal_uart.o)
 .text.UART_DMAError
                0x0800fb94       0x78 ../../DaisyExamples/libDaisy//build\libdaisy.a(stm32h7xx_hal_uart.o)
 .text.HAL_UART_IRQHandler
                0x0800fc0c      0x1d0 ../../DaisyExamples/libDaisy//build\libdaisy.a(stm32h7xx_hal_uart.o)
                0x0800fc0c                HAL_UART_IRQHandler
 .text.UART_DMAAbortOnError
                0x0800fddc       0x14 ../../DaisyExamples/libDaisy//build\libdaisy.a(stm32h7xx_hal_uart.o)
 .text.HAL_UART_GetState
                0x0800fdf0        0xc ../../DaisyExamples/libDaisy//build\libdaisy.a(stm32h7xx_hal_uart.o)
                0x0800fdf0                HAL_UART_GetState
 .text.UART_SetConfig
                0x0800fdfc     0x14b8 ../../DaisyExamples/libDaisy//build\libdaisy.a(stm32h7xx_hal_uart.o)
                0x0800fdfc                UART_SetConfig
 .text.UART_AdvFeatureConfig
                0x080112b4       0xb0 ../../DaisyExamples/libDaisy//build\libdaisy.a(stm32h7xx_hal_uart.o)
                0x080112b4                UART_AdvFeatureConfig
 .text.UART_CheckIdleState
                0x08011364       0x84 ../../DaisyExamples/libDaisy//build\libdaisy.a(stm32h7xx_hal_uart.o)
                0x08011364                UART_CheckIdleState
 .text.HAL_UART_Init
                0x080113e8       0x68 ../../DaisyExamples/libDaisy//build\libdaisy.a(stm32h7xx_hal_uart.o)
                0x080113e8                HAL_UART_Init
 .text.HAL_UARTEx_WakeupCallback
                0x08011450        0x4 ../../DaisyExamples/libDaisy//build\libdaisy.a(stm32h7xx_hal_uart_ex.o)
                0x08011450                HAL_UARTEx_WakeupCallback
 .text.HAL_UARTEx_RxFifoFullCallback
                0x08011454        0x4 ../../DaisyExamples/libDaisy//build\libdaisy.a(stm32h7xx_hal_uart_ex.o)
                0x08011454                HAL_UARTEx_RxFifoFullCallback
 .text.HAL_UARTEx_TxFifoEmptyCallback
                0x08011458        0x4 ../../DaisyExamples/libDaisy//build\libdaisy.a(stm32h7xx_hal_uart_ex.o)
                0x08011458                HAL_UARTEx_TxFifoEmptyCallback
 .text._ZN7daisysp10Oscillator7ProcessEv
                0x0801145c      0x374 ../../DaisyExamples/DaisySP//build\libdaisysp.a(oscillator.o)
                0x0801145c                daisysp::Oscillator::Process()
 .text._ZN7daisysp10Oscillator12CalcPhaseIncEf
                0x080117d0        0xc ../../DaisyExamples/DaisySP//build\libdaisysp.a(oscillator.o)
                0x080117d0                daisysp::Oscillator::CalcPhaseInc(float)
 .text.__aeabi_atexit
                0x080117dc        0xa c:/program files/daisytoolchain/bin/../lib/gcc/arm-none-eabi/10.2.1/../../../../arm-none-eabi/lib/thumb/v7e-m+dp/hard\libstdc++_nano.a(atexit_arm.o)
                0x080117dc                __aeabi_atexit
 .text._ZdlPvj  0x080117e6        0x4 c:/program files/daisytoolchain/bin/../lib/gcc/arm-none-eabi/10.2.1/../../../../arm-none-eabi/lib/thumb/v7e-m+dp/hard\libstdc++_nano.a(del_ops.o)
                0x080117e6                operator delete(void*, unsigned int)
 .text._ZdlPv   0x080117ea        0x4 c:/program files/daisytoolchain/bin/../lib/gcc/arm-none-eabi/10.2.1/../../../../arm-none-eabi/lib/thumb/v7e-m+dp/hard\libstdc++_nano.a(del_op.o)
                0x080117ea                operator delete(void*)
 *fill*         0x080117ee        0x2 
 .text.powf     0x080117f0      0x328 c:/program files/daisytoolchain/bin/../lib/gcc/arm-none-eabi/10.2.1/../../../../arm-none-eabi/lib/thumb/v7e-m+dp/hard\libm.a(lib_a-sf_pow.o)
                0x080117f0                powf
 .text.sinf     0x08011b18      0x20c c:/program files/daisytoolchain/bin/../lib/gcc/arm-none-eabi/10.2.1/../../../../arm-none-eabi/lib/thumb/v7e-m+dp/hard\libm.a(lib_a-sinf.o)
                0x08011b18                sinf
 .text.with_errnof
                0x08011d24       0x18 c:/program files/daisytoolchain/bin/../lib/gcc/arm-none-eabi/10.2.1/../../../../arm-none-eabi/lib/thumb/v7e-m+dp/hard\libm.a(lib_a-math_errf.o)
 .text.xflowf   0x08011d3c       0x20 c:/program files/daisytoolchain/bin/../lib/gcc/arm-none-eabi/10.2.1/../../../../arm-none-eabi/lib/thumb/v7e-m+dp/hard\libm.a(lib_a-math_errf.o)
 .text.__math_uflowf
                0x08011d5c        0xc c:/program files/daisytoolchain/bin/../lib/gcc/arm-none-eabi/10.2.1/../../../../arm-none-eabi/lib/thumb/v7e-m+dp/hard\libm.a(lib_a-math_errf.o)
                0x08011d5c                __math_uflowf
 .text.__math_may_uflowf
                0x08011d68        0xc c:/program files/daisytoolchain/bin/../lib/gcc/arm-none-eabi/10.2.1/../../../../arm-none-eabi/lib/thumb/v7e-m+dp/hard\libm.a(lib_a-math_errf.o)
                0x08011d68                __math_may_uflowf
 .text.__math_oflowf
                0x08011d74        0xc c:/program files/daisytoolchain/bin/../lib/gcc/arm-none-eabi/10.2.1/../../../../arm-none-eabi/lib/thumb/v7e-m+dp/hard\libm.a(lib_a-math_errf.o)
                0x08011d74                __math_oflowf
 .text.__math_divzerof
                0x08011d80       0x24 c:/program files/daisytoolchain/bin/../lib/gcc/arm-none-eabi/10.2.1/../../../../arm-none-eabi/lib/thumb/v7e-m+dp/hard\libm.a(lib_a-math_errf.o)
                0x08011d80                __math_divzerof
 .text.__math_invalidf
                0x08011da4       0x20 c:/program files/daisytoolchain/bin/../lib/gcc/arm-none-eabi/10.2.1/../../../../arm-none-eabi/lib/thumb/v7e-m+dp/hard\libm.a(lib_a-math_errf.o)
                0x08011da4                __math_invalidf
 .text.__cxa_atexit
                0x08011dc4       0x1c c:/program files/daisytoolchain/bin/../lib/gcc/arm-none-eabi/10.2.1/../../../../arm-none-eabi/lib/thumb/v7e-m+dp/hard\libc_nano.a(lib_a-cxa_atexit.o)
                0x08011dc4                __cxa_atexit
 .text.__errno  0x08011de0        0xc c:/program files/daisytoolchain/bin/../lib/gcc/arm-none-eabi/10.2.1/../../../../arm-none-eabi/lib/thumb/v7e-m+dp/hard\libc_nano.a(lib_a-errno.o)
                0x08011de0                __errno
 .text.__libc_init_array
                0x08011dec       0x48 c:/program files/daisytoolchain/bin/../lib/gcc/arm-none-eabi/10.2.1/../../../../arm-none-eabi/lib/thumb/v7e-m+dp/hard\libc_nano.a(lib_a-init.o)
                0x08011dec                __libc_init_array
 .text.free     0x08011e34       0x10 c:/program files/daisytoolchain/bin/../lib/gcc/arm-none-eabi/10.2.1/../../../../arm-none-eabi/lib/thumb/v7e-m+dp/hard\libc_nano.a(lib_a-malloc.o)
                0x08011e34                free
 .text.memcpy   0x08011e44       0x1c c:/program files/daisytoolchain/bin/../lib/gcc/arm-none-eabi/10.2.1/../../../../arm-none-eabi/lib/thumb/v7e-m+dp/hard\libc_nano.a(lib_a-memcpy-stub.o)
                0x08011e44                memcpy
 .text.memset   0x08011e60       0x10 c:/program files/daisytoolchain/bin/../lib/gcc/arm-none-eabi/10.2.1/../../../../arm-none-eabi/lib/thumb/v7e-m+dp/hard\libc_nano.a(lib_a-memset.o)
                0x08011e60                memset
 .text._free_r  0x08011e70       0x98 c:/program files/daisytoolchain/bin/../lib/gcc/arm-none-eabi/10.2.1/../../../../arm-none-eabi/lib/thumb/v7e-m+dp/hard\libc_nano.a(lib_a-nano-freer.o)
                0x08011e70                _free_r
 .text.__retarget_lock_acquire_recursive
                0x08011f08        0x2 c:/program files/daisytoolchain/bin/../lib/gcc/arm-none-eabi/10.2.1/../../../../arm-none-eabi/lib/thumb/v7e-m+dp/hard\libc_nano.a(lib_a-lock.o)